Archive member included to satisfy reference by file (symbol)

C:/devkitPro/libctru/lib\libcitro2d.a(base.o)
                              main.o (C2D_Init)
C:/devkitPro/libctru/lib\libcitro2d.a(render2d.shbin.o)
                              C:/devkitPro/libctru/lib\libcitro2d.a(base.o) (render2d_shbin)
C:/devkitPro/libctru/lib\libcitro3d.a(base.o)
                              main.o (C3D_Init)
C:/devkitPro/libctru/lib\libcitro3d.a(renderqueue.o)
                              C:/devkitPro/libctru/lib\libcitro3d.a(base.o) (C3Di_RenderQueueEnableVBlank)
C:/devkitPro/libctru/lib\libcitro3d.a(texture.o)
                              C:/devkitPro/libctru/lib\libcitro2d.a(base.o) (C3D_TexBind)
C:/devkitPro/libctru/lib\libcitro3d.a(framebuffer.o)
                              C:/devkitPro/libctru/lib\libcitro3d.a(renderqueue.o) (C3D_CalcColorBufSize)
C:/devkitPro/libctru/lib\libcitro3d.a(texenv.o)
                              C:/devkitPro/libctru/lib\libcitro2d.a(base.o) (C3D_GetTexEnv)
C:/devkitPro/libctru/lib\libcitro3d.a(drawElements.o)
                              C:/devkitPro/libctru/lib\libcitro2d.a(base.o) (C3D_DrawElements)
C:/devkitPro/libctru/lib\libcitro3d.a(proctex.o)
                              C:/devkitPro/libctru/lib\libcitro2d.a(base.o) (C3D_ProcTexInit)
C:/devkitPro/libctru/lib\libcitro3d.a(buffers.o)
                              C:/devkitPro/libctru/lib\libcitro2d.a(base.o) (BufInfo_Init)
C:/devkitPro/libctru/lib\libcitro3d.a(effect.o)
                              C:/devkitPro/libctru/lib\libcitro3d.a(base.o) (C3D_DepthMap)
C:/devkitPro/libctru/lib\libcitro3d.a(attribs.o)
                              C:/devkitPro/libctru/lib\libcitro2d.a(base.o) (AttrInfo_Init)
C:/devkitPro/libctru/lib\libcitro3d.a(immediate.o)
                              C:/devkitPro/libctru/lib\libcitro3d.a(base.o) (C3D_ImmSendAttrib)
C:/devkitPro/libctru/lib\libcitro3d.a(uniforms.o)
                              C:/devkitPro/libctru/lib\libcitro3d.a(base.o) (C3D_UpdateUniforms)
C:/devkitPro/libctru/lib\libcitro3d.a(mtx_ortho.o)
                              C:/devkitPro/libctru/lib\libcitro2d.a(base.o) (Mtx_Ortho)
C:/devkitPro/libctru/lib\libcitro3d.a(mtx_scale.o)
                              C:/devkitPro/libctru/lib\libcitro2d.a(base.o) (Mtx_Scale)
C:/devkitPro/libctru/lib\libcitro3d.a(mtx_multiply.o)
                              C:/devkitPro/libctru/lib\libcitro2d.a(base.o) (Mtx_Multiply)
C:/devkitPro/libctru/lib\libcitro3d.a(mtx_orthotilt.o)
                              C:/devkitPro/libctru/lib\libcitro2d.a(base.o) (Mtx_OrthoTilt)
C:/devkitPro/libctru/lib\libcitro3d.a(mtx_translate.o)
                              C:/devkitPro/libctru/lib\libcitro2d.a(base.o) (Mtx_Translate)
C:/devkitPro/libctru/lib\libcitro3d.a(mtx_rotatez.o)
                              C:/devkitPro/libctru/lib\libcitro2d.a(base.o) (Mtx_RotateZ)
C:/devkitPro/libctru/lib\libctru.a(linear.o)
                              C:/devkitPro/libctru/lib\libcitro2d.a(base.o) (linearAlloc)
C:/devkitPro/libctru/lib\libctru.a(mem_pool.o)
                              C:/devkitPro/libctru/lib\libctru.a(linear.o) (MemPool::Allocate(MemChunk&, unsigned long, int))
C:/devkitPro/libctru/lib\libctru.a(vram.o)
                              C:/devkitPro/libctru/lib\libcitro3d.a(renderqueue.o) (vramAlloc)
C:/devkitPro/libctru/lib\libctru.a(gfx.o)
                              C:/devkitPro/libctru/lib\libcitro2d.a(base.o) (gfxIsWide)
C:/devkitPro/libctru/lib\libctru.a(os.o)
                              C:/devkitPro/libctru/lib\libcitro3d.a(texture.o) (osConvertVirtToPhys)
C:/devkitPro/libctru/lib\libctru.a(romfs_dev.o)
                              main.o (romfsMountSelf)
C:/devkitPro/libctru/lib\libctru.a(gpu.o)
                              C:/devkitPro/libctru/lib\libcitro3d.a(base.o) (gpuCmdBufOffset)
C:/devkitPro/libctru/lib\libctru.a(gx.o)
                              C:/devkitPro/libctru/lib\libcitro3d.a(renderqueue.o) (GX_BindQueue)
C:/devkitPro/libctru/lib\libctru.a(gxqueue.o)
                              C:/devkitPro/libctru/lib\libcitro3d.a(renderqueue.o) (gxCmdQueueClear)
C:/devkitPro/libctru/lib\libctru.a(shaderProgram.o)
                              C:/devkitPro/libctru/lib\libcitro2d.a(base.o) (shaderInstanceGetUniformLocation)
C:/devkitPro/libctru/lib\libctru.a(shbin.o)
                              C:/devkitPro/libctru/lib\libcitro2d.a(base.o) (DVLB_ParseFile)
C:/devkitPro/libctru/lib\libctru.a(apt.o)
                              C:/devkitPro/libctru/lib\libcitro3d.a(base.o) (aptHook)
C:/devkitPro/libctru/lib\libctru.a(fs.o)
                              C:/devkitPro/libctru/lib\libctru.a(romfs_dev.o) (FSUSER_OpenFileDirectly)
C:/devkitPro/libctru/lib\libctru.a(gspgpu.o)
                              C:/devkitPro/libctru/lib\libctru.a(gfx.o) (gspInit)
C:/devkitPro/libctru/lib\libctru.a(hid.o)
                              main.o (hidScanInput)
C:/devkitPro/libctru/lib\libctru.a(irrst.o)
[...]
Memory Configuration

Name             Origin             Length             Attributes
*default*        0x00000000         0xffffffff

Linker script and memory map

                0x00100000                        PROVIDE (__start__ = 0x100000)
                0x00100000                        . = __start__

.text           0x00100000    0x187cc
 *(.crt0)
 .crt0          0x00100000       0x94 C:/devkitPro/devkitARM/bin/../lib/gcc/arm-none-eabi/13.2.0/../../../../arm-none-eabi/lib/armv6k/fpu/3dsx_crt0.o
                0x00100000                _start
                0x00100008                __service_ptr
                0x0010000c                __apt_appid
                0x00100010                __heap_size
                0x00100014                __linear_heap_size
                0x00100018                __system_arglist
                0x0010001c                __system_runflags
 *(.init)
 .init          0x00100094        0xc C:/devkitPro/devkitARM/bin/../lib/gcc/arm-none-eabi/13.2.0/armv6k/fpu/crti.o
                0x00100094                _init
 .init          0x001000a0        0xc C:/devkitPro/devkitARM/bin/../lib/gcc/arm-none-eabi/13.2.0/armv6k/fpu/crtn.o
                0x001000ac                        . = ALIGN (0x4)
 *(.text)
 .text          0x001000ac      0x20c C:/devkitPro/devkitARM/bin/../lib/gcc/arm-none-eabi/13.2.0/armv6k/fpu\libgcc.a(_udivsi3.o)
                0x001000ac                __aeabi_uidiv
                0x001000ac                __udivsi3
                0x00100298                __aeabi_uidivmod
 .text          0x001002b8        0x4 C:/devkitPro/devkitARM/bin/../lib/gcc/arm-none-eabi/13.2.0/armv6k/fpu\libgcc.a(_dvmd_tls.o)
                0x001002b8                __aeabi_idiv0
                0x001002b8                __aeabi_ldiv0
 .text          0x001002bc       0xd4 C:/devkitPro/devkitARM/bin/../lib/gcc/arm-none-eabi/13.2.0/armv6k/fpu\libgcc.a(_aeabi_ldivmod.o)
                0x001002bc                __aeabi_ldivmod
 .text          0x00100390      0x1a8 C:/devkitPro/devkitARM/bin/../lib/gcc/arm-none-eabi/13.2.0/armv6k/fpu\libgcc.a(libunwind.o)
                0x00100390                __restore_core_regs
                0x00100390                restore_core_regs
                0x001003a4                __gnu_Unwind_Restore_VFP
                0x001003ac                __gnu_Unwind_Save_VFP
                0x001003b4                __gnu_Unwind_Restore_VFP_D
                0x001003bc                __gnu_Unwind_Save_VFP_D
                0x001003c4                __gnu_Unwind_Restore_VFP_D_16_to_31
                0x001003cc                __gnu_Unwind_Save_VFP_D_16_to_31
                0x001003d4                __gnu_Unwind_Restore_WMMXD
                0x00100418                __gnu_Unwind_Save_WMMXD
                0x0010045c                __gnu_Unwind_Restore_WMMXC
                0x00100470                __gnu_Unwind_Save_WMMXC
                0x00100484                ___Unwind_RaiseException
                0x00100484                _Unwind_RaiseException
                0x001004a8                _Unwind_Resume
                0x001004a8                ___Unwind_Resume
                0x001004cc                _Unwind_Resume_or_Rethrow
                0x001004cc                ___Unwind_Resume_or_Rethrow
                0x001004f0                _Unwind_ForcedUnwind
                0x001004f0                ___Unwind_ForcedUnwind
                0x00100514                ___Unwind_Backtrace
                0x00100514                _Unwind_Backtrace
 *fill*         0x00100538        0x8 
 .text          0x00100540      0x390 C:/devkitPro/devkitARM/bin/../lib/gcc/arm-none-eabi/13.2.0/../../../../arm-none-eabi/lib/armv6k/fpu\libg.a(libc_a-strcmp.o)
                0x00100548                strcmp
 *(.text.*)
 .text.__do_global_dtors_aux
                0x001008d0       0x40 C:/devkitPro/devkitARM/bin/../lib/gcc/arm-none-eabi/13.2.0/armv6k/fpu/crtbegin.o
 .text.frame_dummy
                0x00100910       0x2c C:/devkitPro/devkitARM/bin/../lib/gcc/arm-none-eabi/13.2.0/armv6k/fpu/crtbegin.o
 .text._ZN5Chip88loadFontEv
                0x0010093c       0x4c chip8.o
                0x0010093c                Chip8::loadFont()
 .text._ZN5Chip87loadROMEv
                0x00100988       0xb0 chip8.o
                0x00100988                Chip8::loadROM()
 .text._ZN5Chip85cycleEv
                0x00100a38       0xc8 chip8.o
                0x00100a38                Chip8::cycle()
 .text._ZN5Chip87OP_DxynEv
                0x00100b00       0xac chip8-instructions.o
                0x00100b00                Chip8::OP_Dxyn()
 .text._ZN5Chip818executeInstructionEv
                0x00100bac      0x6f0 chip8-instructions.o
                0x00100bac                Chip8::executeInstruction()
 .text._ZNSt8_Rb_treeIiSt4pairIKihESt10_Select1stIS2_ESt4lessIiESaIS2_EE24_M_get_insert_unique_posERS1_.isra.0
                0x0010129c       0xa0 keypad.o
 .text._ZNSt8_Rb_treeIiSt4pairIKihESt10_Select1stIS2_ESt4lessIiESaIS2_EE22_M_emplace_hint_uniqueIJRKSt21piecewise_construct_tSt5tupleIJRS1_EESD_IJEEEEESt17_Rb_tree_iteratorIS2_ESt23_Rb_tree_const_iteratorIS2_EDpOT_.isra.0
                0x0010133c      0x180 keypad.o
 .text._ZN6Keypad12isKeyPressedEi
                0x001014bc       0x9c keypad.o
                0x001014bc                Keypad::isKeyPressed(int)
 .text._ZN6Keypad14areKeysPressedEv
                0x00101558       0x24 keypad.o
                0x00101558                Keypad::areKeysPressed()
 .text._ZN6Keypad11getFirstKeyEv
                0x0010157c       0x2c keypad.o
                0x0010157c                Keypad::getFirstKey()
 .text._ZN14KeypadRenderer6renderEv
                0x001015a8       0x70 keypad-renderer.o
                0x001015a8                KeypadRenderer::render()
 .text._ZNSt8_Rb_treeIiSt4pairIKihESt10_Select1stIS2_ESt4lessIiESaIS2_EE24_M_get_insert_unique_posERS1_.isra.0
                0x00101618       0xa0 main.o
 .text._ZNSt8_Rb_treeIiSt4pairIKihESt10_Select1stIS2_ESt4lessIiESaIS2_EE8_M_eraseEPSt13_Rb_tree_nodeIS2_E.isra.0
                0x001016b8      0x144 main.o
 .text._ZNSt8_Rb_treeIiSt4pairIKihESt10_Select1stIS2_ESt4lessIiESaIS2_EE22_M_insert_range_uniqueIPKS2_EENSt9enable_ifIXsrSt7is_sameIS2_NSt15iterator_traitsIT_E10value_typeEE5valueEvE4typeESF_SF_
                0x001017fc       0xe4 main.o
                0x001017fc                std::enable_if<std::is_same<std::pair<int const, unsigned char>, std::iterator_traits<std::pair<int const, unsigned char> const*>::value_type>::value, void>::type std::_Rb_tree<int, std::pair<int const, unsigned char>, std::_Select1st<std::pair<int const, unsigned char> >, std::less<int>, std::allocator<std::pair<int const, unsigned char> > >::_M_insert_range_unique<std::pair<int const, unsigned char> const*>(std::pair<int const, unsigned char> const*, std::pair<int const, unsigned char> const*)
 .text._ZN5Chip8C2EP20C3D_RenderTarget_tagS1_
                0x001018e0      0x2c8 main.o
                0x001018e0                Chip8::Chip8(C3D_RenderTarget_tag*, C3D_RenderTarget_tag*)
                0x001018e0                Chip8::Chip8(C3D_RenderTarget_tag*, C3D_RenderTarget_tag*)
 .text.startup.main
                0x00101ba8       0xc8 main.o
                0x00101ba8                main
 .text._ZN7SpeakerC2Ev
                0x00101c70        0x4 speaker.o
                0x00101c70                Speaker::Speaker()
                0x00101c70                Speaker::Speaker()
 .text._ZN11TopRenderer5clearEv
                0x00101c74       0x10 top-renderer.o
                0x00101c74                TopRenderer::clear()
 .text._ZN11TopRenderer8setPixelEii
                0x00101c84       0x50 top-renderer.o
                0x00101c84                TopRenderer::setPixel(int, int)
 .text._ZN11TopRenderer6renderEv
                0x00101cd4      0x16c top-renderer.o
                0x00101cd4                TopRenderer::render()
 .text.C2Di_FrameEndHook
                0x00101e40       0x44 C:/devkitPro/libctru/lib\libcitro2d.a(base.o)
 *fill*         0x00101e84        0x4 
 .text.C2D_Init
                0x00101e88      0x36c C:/devkitPro/libctru/lib\libcitro2d.a(base.o)
                0x00101e88                C2D_Init
 .text.C2D_Fini
                0x001021f4       0x4c C:/devkitPro/libctru/lib\libcitro2d.a(base.o)
                0x001021f4                C2D_Fini
 .text.C2D_Prepare
                0x00102240       0xb8 C:/devkitPro/libctru/lib\libcitro2d.a(base.o)
                0x00102240                C2D_Prepare
 .text.C2D_Flush
                0x001022f8       0x48 C:/devkitPro/libctru/lib\libcitro2d.a(base.o)
                0x001022f8                C2D_Flush
 .text.C2D_SceneSize
                0x00102340      0x104 C:/devkitPro/libctru/lib\libcitro2d.a(base.o)
                0x00102340                C2D_SceneSize
 .text.C2D_CreateScreenTarget
                0x00102444       0x58 C:/devkitPro/libctru/lib\libcitro2d.a(base.o)
                0x00102444                C2D_CreateScreenTarget
 .text.C2D_TargetClear
                0x0010249c       0x64 C:/devkitPro/libctru/lib\libcitro2d.a(base.o)
                0x0010249c                C2D_TargetClear
 .text.C2Di_AppendQuad
                0x00102500       0x58 C:/devkitPro/libctru/lib\libcitro2d.a(base.o)
                0x00102500                C2Di_AppendQuad
 .text.C2Di_Update
                0x00102558      0x550 C:/devkitPro/libctru/lib\libcitro2d.a(base.o)
                0x00102558                C2Di_Update
 .text.C2D_DrawRectangle
                0x00102aa8      0x158 C:/devkitPro/libctru/lib\libcitro2d.a(base.o)
                0x00102aa8                C2D_DrawRectangle
 .text.C3Di_LightEnvUpdate
                0x00102c00        0x4 C:/devkitPro/libctru/lib\libcitro3d.a(base.o)
                0x00102c00                C3Di_LightEnvUpdate
 .text.C3Di_LightEnvDirty
                0x00102c04        0x4 C:/devkitPro/libctru/lib\libcitro3d.a(base.o)
                0x00102c04                C3Di_LightEnvDirty
 .text.C3Di_AptEventHook
                0x00102c08       0xb4 C:/devkitPro/libctru/lib\libcitro3d.a(base.o)
 .text.C3Di_GasUpdate
                0x00102cbc        0x4 C:/devkitPro/libctru/lib\libcitro3d.a(base.o)
                0x00102cbc                C3Di_GasUpdate
 .text.C3D_Init
                0x00102cc0      0x1e0 C:/devkitPro/libctru/lib\libcitro3d.a(base.o)
                0x00102cc0                C3D_Init
 .text.C3D_SetViewport
                0x00102ea0       0x98 C:/devkitPro/libctru/lib\libcitro3d.a(base.o)
                0x00102ea0                C3D_SetViewport
 .text.C3Di_UpdateContext
                0x00102f38      0x4e8 C:/devkitPro/libctru/lib\libcitro3d.a(base.o)
                0x00102f38                C3Di_UpdateContext
 .text.C3Di_SplitFrame
                0x00103420       0xe0 C:/devkitPro/libctru/lib\libcitro3d.a(base.o)
                0x00103420                C3Di_SplitFrame
 .text.C3D_Fini
                0x00103500       0x44 C:/devkitPro/libctru/lib\libcitro3d.a(base.o)
                0x00103500                C3D_Fini
 .text.C3D_BindProgram
                0x00103544      0x114 C:/devkitPro/libctru/lib\libcitro3d.a(base.o)
                0x00103544                C3D_BindProgram
 .text.onVBlank0
                0x00103658       0x4c C:/devkitPro/libctru/lib\libcitro3d.a(renderqueue.o)
 .text.onVBlank1
                0x001036a4       0x4c C:/devkitPro/libctru/lib\libcitro3d.a(renderqueue.o)
 .text.C3Di_RenderTargetDestroy
                0x001036f0       0x80 C:/devkitPro/libctru/lib\libcitro3d.a(renderqueue.o)
 .text.onQueueFinish
                0x00103770       0xf4 C:/devkitPro/libctru/lib\libcitro3d.a(renderqueue.o)
 .text.C3Di_RenderQueueEnableVBlank
                0x00103864       0x38 C:/devkitPro/libctru/lib\libcitro3d.a(renderqueue.o)
                0x00103864                C3Di_RenderQueueEnableVBlank
 .text.C3Di_RenderQueueDisableVBlank
                0x0010389c       0x30 C:/devkitPro/libctru/lib\libcitro3d.a(renderqueue.o)
                0x0010389c                C3Di_RenderQueueDisableVBlank
 .text.C3Di_RenderQueueInit
                0x001038cc       0x60 C:/devkitPro/libctru/lib\libcitro3d.a(renderqueue.o)
                0x001038cc                C3Di_RenderQueueInit
 .text.C3Di_RenderQueueExit
                0x0010392c       0xb0 C:/devkitPro/libctru/lib\libcitro3d.a(renderqueue.o)
                0x0010392c                C3Di_RenderQueueExit
 .text.C3Di_RenderQueueWaitDone
                0x001039dc       0x34 C:/devkitPro/libctru/lib\libcitro3d.a(renderqueue.o)
                0x001039dc                C3Di_RenderQueueWaitDone
 .text.C3D_FrameBegin
                0x00103a10       0xe4 C:/devkitPro/libctru/lib\libcitro3d.a(renderqueue.o)
                0x00103a10                C3D_FrameBegin
 .text.C3D_FrameDrawOn
                0x00103af4       0x48 C:/devkitPro/libctru/lib\libcitro3d.a(renderqueue.o)
                0x00103af4                C3D_FrameDrawOn
 .text.C3D_FrameSplit
                0x00103b3c       0x58 C:/devkitPro/libctru/lib\libcitro3d.a(renderqueue.o)
                0x00103b3c                C3D_FrameSplit
 .text.C3D_FrameEnd
                0x00103b94      0x1d8 C:/devkitPro/libctru/lib\libcitro3d.a(renderqueue.o)
                0x00103b94                C3D_FrameEnd
 .text.C3D_FrameEndHook
                0x00103d6c       0x1c C:/devkitPro/libctru/lib\libcitro3d.a(renderqueue.o)
                0x00103d6c                C3D_FrameEndHook
 .text.C3D_RenderTargetCreate
                0x00103d88      0x184 C:/devkitPro/libctru/lib\libcitro3d.a(renderqueue.o)
                0x00103d88                C3D_RenderTargetCreate
 .text.C3D_RenderTargetSetOutput
                0x00103f0c       0xa8 C:/devkitPro/libctru/lib\libcitro3d.a(renderqueue.o)
                0x00103f0c                C3D_RenderTargetSetOutput
 .text.C3D_TexBind
                0x00103fb4       0x44 C:/devkitPro/libctru/lib\libcitro3d.a(texture.o)
                0x00103fb4                C3D_TexBind
 .text.C3Di_SetTex
                0x00103ff8      0x16c C:/devkitPro/libctru/lib\libcitro3d.a(texture.o)
                0x00103ff8                C3Di_SetTex
 .text.C3D_CalcColorBufSize
                0x00104164       0x1c C:/devkitPro/libctru/lib\libcitro3d.a(framebuffer.o)
                0x00104164                C3D_CalcColorBufSize
 .text.C3D_CalcDepthBufSize
                0x00104180       0x1c C:/devkitPro/libctru/lib\libcitro3d.a(framebuffer.o)
                0x00104180                C3D_CalcDepthBufSize
 .text.C3D_SetFrameBuf
                0x0010419c       0x44 C:/devkitPro/libctru/lib\libcitro3d.a(framebuffer.o)
                0x0010419c                C3D_SetFrameBuf
 .text.C3Di_FrameBufBind
                0x001041e0      0x16c C:/devkitPro/libctru/lib\libcitro3d.a(framebuffer.o)
                0x001041e0                C3Di_FrameBufBind
 .text.C3D_FrameBufClear
                0x0010434c       0xc8 C:/devkitPro/libctru/lib\libcitro3d.a(framebuffer.o)
                0x0010434c                C3D_FrameBufClear
 .text.C3D_FrameBufTransfer
                0x00104414       0x44 C:/devkitPro/libctru/lib\libcitro3d.a(framebuffer.o)
                0x00104414                C3D_FrameBufTransfer
 .text.C3D_GetTexEnv
                0x00104458       0x34 C:/devkitPro/libctru/lib\libcitro3d.a(texenv.o)
                0x00104458                C3D_GetTexEnv
 .text.C3Di_TexEnvBind
                0x0010448c       0x24 C:/devkitPro/libctru/lib\libcitro3d.a(texenv.o)
                0x0010448c                C3Di_TexEnvBind
 .text.C3D_DrawElements
                0x001044b0      0x218 C:/devkitPro/libctru/lib\libcitro3d.a(drawElements.o)
                0x001044b0                C3D_DrawElements
 .text.C3D_ProcTexInit
                0x001046c8       0x70 C:/devkitPro/libctru/lib\libcitro3d.a(proctex.o)
                0x001046c8                C3D_ProcTexInit
 .text.C3D_ProcTexBind
                0x00104738       0x54 C:/devkitPro/libctru/lib\libcitro3d.a(proctex.o)
                0x00104738                C3D_ProcTexBind
 .text.C3D_ProcTexLutBind
                0x0010478c       0x5c C:/devkitPro/libctru/lib\libcitro3d.a(proctex.o)
                0x0010478c                C3D_ProcTexLutBind
 .text.ProcTexLut_FromArray
                0x001047e8       0xa4 C:/devkitPro/libctru/lib\libcitro3d.a(proctex.o)
                0x001047e8                ProcTexLut_FromArray
 .text.C3Di_ProcTexUpdate
                0x0010488c      0x17c C:/devkitPro/libctru/lib\libcitro3d.a(proctex.o)
                0x0010488c                C3Di_ProcTexUpdate
 .text.C3Di_ProcTexDirty
                0x00104a08       0x68 C:/devkitPro/libctru/lib\libcitro3d.a(proctex.o)
                0x00104a08                C3Di_ProcTexDirty
 .text.BufInfo_Init
                0x00104a70       0x24 C:/devkitPro/libctru/lib\libcitro3d.a(buffers.o)
                0x00104a70                BufInfo_Init
 .text.BufInfo_Add
                0x00104a94       0x80 C:/devkitPro/libctru/lib\libcitro3d.a(buffers.o)
                0x00104a94                BufInfo_Add
 .text.C3D_SetBufInfo
                0x00104b14       0x40 C:/devkitPro/libctru/lib\libcitro3d.a(buffers.o)
                0x00104b14                C3D_SetBufInfo
 .text.C3Di_BufInfoBind
                0x00104b54       0x48 C:/devkitPro/libctru/lib\libcitro3d.a(buffers.o)
                0x00104b54                C3Di_BufInfoBind
 .text.C3D_DepthMap
                0x00104b9c       0x40 C:/devkitPro/libctru/lib\libcitro3d.a(effect.o)
                0x00104b9c                C3D_DepthMap
 .text.C3D_CullFace
                0x00104bdc       0x1c C:/devkitPro/libctru/lib\libcitro3d.a(effect.o)
                0x00104bdc                C3D_CullFace
 .text.C3D_StencilTest
                0x00104bf8       0x40 C:/devkitPro/libctru/lib\libcitro3d.a(effect.o)
                0x00104bf8                C3D_StencilTest
 .text.C3D_StencilOp
                0x00104c38       0x24 C:/devkitPro/libctru/lib\libcitro3d.a(effect.o)
                0x00104c38                C3D_StencilOp
 .text.C3D_BlendingColor
                0x00104c5c       0x1c C:/devkitPro/libctru/lib\libcitro3d.a(effect.o)
                0x00104c5c                C3D_BlendingColor
 .text.C3D_EarlyDepthTest
                0x00104c78       0x24 C:/devkitPro/libctru/lib\libcitro3d.a(effect.o)
                0x00104c78                C3D_EarlyDepthTest
 .text.C3D_DepthTest
                0x00104c9c       0x2c C:/devkitPro/libctru/lib\libcitro3d.a(effect.o)
                0x00104c9c                C3D_DepthTest
 .text.C3D_AlphaTest
                0x00104cc8       0x2c C:/devkitPro/libctru/lib\libcitro3d.a(effect.o)
                0x00104cc8                C3D_AlphaTest
 .text.C3D_AlphaBlend
                0x00104cf4       0x50 C:/devkitPro/libctru/lib\libcitro3d.a(effect.o)
                0x00104cf4                C3D_AlphaBlend
 .text.C3D_FragOpMode
                0x00104d44       0x30 C:/devkitPro/libctru/lib\libcitro3d.a(effect.o)
                0x00104d44                C3D_FragOpMode
 .text.C3D_FragOpShadow
                0x00104d74       0x44 C:/devkitPro/libctru/lib\libcitro3d.a(effect.o)
                0x00104d74                C3D_FragOpShadow
 .text.C3Di_EffectBind
                0x00104db8      0x1ac C:/devkitPro/libctru/lib\libcitro3d.a(effect.o)
                0x00104db8                C3Di_EffectBind
 .text.AttrInfo_Init
                0x00104f64       0x28 C:/devkitPro/libctru/lib\libcitro3d.a(attribs.o)
                0x00104f64                AttrInfo_Init
 .text.AttrInfo_AddLoader
                0x00104f8c       0x94 C:/devkitPro/libctru/lib\libcitro3d.a(attribs.o)
                0x00104f8c                AttrInfo_AddLoader
 .text.C3D_SetAttrInfo
                0x00105020       0x54 C:/devkitPro/libctru/lib\libcitro3d.a(attribs.o)
                0x00105020                C3D_SetAttrInfo
 .text.C3Di_AttrInfoBind
                0x00105074       0x80 C:/devkitPro/libctru/lib\libcitro3d.a(attribs.o)
                0x00105074                C3Di_AttrInfoBind
 .text.C3D_ImmSendAttrib
                0x001050f4       0xa8 C:/devkitPro/libctru/lib\libcitro3d.a(immediate.o)
                0x001050f4                C3D_ImmSendAttrib
 .text.C3D_UpdateUniforms
                0x0010519c      0x280 C:/devkitPro/libctru/lib\libcitro3d.a(uniforms.o)
                0x0010519c                C3D_UpdateUniforms
 .text.C3Di_DirtyUniforms
                0x0010541c       0xc0 C:/devkitPro/libctru/lib\libcitro3d.a(uniforms.o)
                0x0010541c                C3Di_DirtyUniforms
 .text.C3Di_LoadShaderUniforms
                0x001054dc       0xd8 C:/devkitPro/libctru/lib\libcitro3d.a(uniforms.o)
                0x001054dc                C3Di_LoadShaderUniforms
 .text.C3Di_ClearShaderUniforms
                0x001055b4       0x28 C:/devkitPro/libctru/lib\libcitro3d.a(uniforms.o)
                0x001055b4                C3Di_ClearShaderUniforms
 .text.Mtx_Ortho
                0x001055dc       0xcc C:/devkitPro/libctru/lib\libcitro3d.a(mtx_ortho.o)
                0x001055dc                Mtx_Ortho
 .text.Mtx_OrthoTilt
                0x001056a8       0xcc C:/devkitPro/libctru/lib\libcitro3d.a(mtx_orthotilt.o)
                0x001056a8                Mtx_OrthoTilt
 .text._ZL21addrMapNodeComparatorPK11rbtree_nodeS1_
                0x00105774       0x24 C:/devkitPro/libctru/lib\libctru.a(linear.o)
 .text._ZL21addrMapNodeDestructorP11rbtree_node
                0x00105798        0x4 C:/devkitPro/libctru/lib\libctru.a(linear.o)
 .text.linearMemAlign
                0x0010579c      0x120 C:/devkitPro/libctru/lib\libctru.a(linear.o)
                0x0010579c                linearMemAlign
 .text.linearAlloc
                0x001058bc        0x8 C:/devkitPro/libctru/lib\libctru.a(linear.o)
                0x001058bc                linearAlloc
 .text.linearFree
                0x001058c4       0x5c C:/devkitPro/libctru/lib\libctru.a(linear.o)
                0x001058c4                linearFree
 .text._ZN7MemPool13CoalesceRightEP8MemBlock
                0x00105920       0x80 C:/devkitPro/libctru/lib\libctru.a(mem_pool.o)
                0x00105920                MemPool::CoalesceRight(MemBlock*)
 .text._ZN7MemPool8AllocateER8MemChunkmi
                0x001059a0      0x16c C:/devkitPro/libctru/lib\libctru.a(mem_pool.o)
                0x001059a0                MemPool::Allocate(MemChunk&, unsigned long, int)
 .text._ZN7MemPool10DeallocateERK8MemChunk
                0x00105b0c       0xfc C:/devkitPro/libctru/lib\libctru.a(mem_pool.o)
                0x00105b0c                MemPool::Deallocate(MemChunk const&)
 .text._ZN7MemPool12GetFreeSpaceEv
                0x00105c08       0x30 C:/devkitPro/libctru/lib\libctru.a(mem_pool.o)
                0x00105c08                MemPool::GetFreeSpace()
 .text._ZL21addrMapNodeComparatorPK11rbtree_nodeS1_
                0x00105c38       0x24 C:/devkitPro/libctru/lib\libctru.a(vram.o)
 .text._ZL21addrMapNodeDestructorP11rbtree_node
                0x00105c5c        0x4 C:/devkitPro/libctru/lib\libctru.a(vram.o)
 .text.vramMemAlignAt
                0x00105c60      0x24c C:/devkitPro/libctru/lib\libctru.a(vram.o)
                0x00105c60                vramMemAlignAt
 .text.vramAlloc
                0x00105eac        0xc C:/devkitPro/libctru/lib\libctru.a(vram.o)
                0x00105eac                vramAlloc
 .text.vramAllocAt
                0x00105eb8        0xc C:/devkitPro/libctru/lib\libctru.a(vram.o)
                0x00105eb8                vramAllocAt
 .text.vramFree
                0x00105ec4       0x90 C:/devkitPro/libctru/lib\libctru.a(vram.o)
                0x00105ec4                vramFree
 .text.gfxPresentFramebuffer
                0x00105f54       0xd0 C:/devkitPro/libctru/lib\libctru.a(gfx.o)
 .text.gfxIsWide
                0x00106024       0x1c C:/devkitPro/libctru/lib\libctru.a(gfx.o)
                0x00106024                gfxIsWide
 .text.gfxSetScreenFormat
                0x00106040       0xec C:/devkitPro/libctru/lib\libctru.a(gfx.o)
                0x00106040                gfxSetScreenFormat
 .text.gfxInit  0x0010612c       0xe0 C:/devkitPro/libctru/lib\libctru.a(gfx.o)
                0x0010612c                gfxInit
 .text.gfxInitDefault
                0x0010620c       0x10 C:/devkitPro/libctru/lib\libctru.a(gfx.o)
                0x0010620c                gfxInitDefault
 .text.gfxExit  0x0010621c       0xb4 C:/devkitPro/libctru/lib\libctru.a(gfx.o)
                0x0010621c                gfxExit
 .text.gfxGetFramebuffer
                0x001062d0       0xa0 C:/devkitPro/libctru/lib\libctru.a(gfx.o)
                0x001062d0                gfxGetFramebuffer
 .text.gfxScreenSwapBuffers
                0x00106370       0x30 C:/devkitPro/libctru/lib\libctru.a(gfx.o)
                0x00106370                gfxScreenSwapBuffers
 .text.osConvertVirtToPhys
                0x001063a0       0x74 C:/devkitPro/libctru/lib\libctru.a(os.o)
                0x001063a0                osConvertVirtToPhys
 .text.osGetTimeRef
                0x00106414       0x54 C:/devkitPro/libctru/lib\libctru.a(os.o)
                0x00106414                osGetTimeRef
 .text.osGetTime
                0x00106468       0xec C:/devkitPro/libctru/lib\libctru.a(os.o)
                0x00106468                osGetTime
 .text.__ctru_speedup_config
                0x00106554       0x34 C:/devkitPro/libctru/lib\libctru.a(os.o)
                0x00106554                __ctru_speedup_config
 .text.romfs_close
                0x00106588        0x8 C:/devkitPro/libctru/lib\libctru.a(romfs_dev.o)
 .text.romfs_seek
                0x00106590       0xc4 C:/devkitPro/libctru/lib\libctru.a(romfs_dev.o)
 .text.romfs_dirreset
                0x00106654       0x24 C:/devkitPro/libctru/lib\libctru.a(romfs_dev.o)
 .text.fill_dir
                0x00106678       0xc8 C:/devkitPro/libctru/lib\libctru.a(romfs_dev.o)
 .text.romfs_dirnext
                0x00106740      0x2a8 C:/devkitPro/libctru/lib\libctru.a(romfs_dev.o)
 .text.romfs_free
                0x001069e8       0x84 C:/devkitPro/libctru/lib\libctru.a(romfs_dev.o)
 .text.searchForFile.constprop.0
                0x00106a6c       0xd4 C:/devkitPro/libctru/lib\libctru.a(romfs_dev.o)
 .text.searchForDir.constprop.0
                0x00106b40       0xd8 C:/devkitPro/libctru/lib\libctru.a(romfs_dev.o)
 .text.navigateToDir.constprop.0
                0x00106c18      0x1c0 C:/devkitPro/libctru/lib\libctru.a(romfs_dev.o)
 .text.romfs_open
                0x00106dd8      0x10c C:/devkitPro/libctru/lib\libctru.a(romfs_dev.o)
 .text.romfs_chdir
                0x00106ee4       0x4c C:/devkitPro/libctru/lib\libctru.a(romfs_dev.o)
 .text.romfs_diropen
                0x00106f30       0x70 C:/devkitPro/libctru/lib\libctru.a(romfs_dev.o)
 .text.romfs_stat
                0x00106fa0      0x174 C:/devkitPro/libctru/lib\libctru.a(romfs_dev.o)
 .text.romfs_dirclose
                0x00107114        0x8 C:/devkitPro/libctru/lib\libctru.a(romfs_dev.o)
 *fill*         0x0010711c        0x4 
 .text.romfs_fstat
                0x00107120       0x84 C:/devkitPro/libctru/lib\libctru.a(romfs_dev.o)
 .text.romfs_read
                0x001071a4       0xd0 C:/devkitPro/libctru/lib\libctru.a(romfs_dev.o)
 .text.romfsMountFromFile
                0x00107274      0x28c C:/devkitPro/libctru/lib\libctru.a(romfs_dev.o)
                0x00107274                romfsMountFromFile
 .text.romfsMountFromCurrentProcess
                0x00107500       0x98 C:/devkitPro/libctru/lib\libctru.a(romfs_dev.o)
                0x00107500                romfsMountFromCurrentProcess
 .text.romfsMountSelf
                0x00107598      0x260 C:/devkitPro/libctru/lib\libctru.a(romfs_dev.o)
                0x00107598                romfsMountSelf
 .text.GPUCMD_Add
                0x001077f8      0x13c C:/devkitPro/libctru/lib\libctru.a(gpu.o)
                0x001077f8                GPUCMD_Add
 .text.GPUCMD_Split
                0x00107934       0xb0 C:/devkitPro/libctru/lib\libctru.a(gpu.o)
                0x00107934                GPUCMD_Split
 .text.f32tof16
                0x001079e4       0x34 C:/devkitPro/libctru/lib\libctru.a(gpu.o)
                0x001079e4                f32tof16
 .text.f32tof24
                0x00107a18       0x34 C:/devkitPro/libctru/lib\libctru.a(gpu.o)
                0x00107a18                f32tof24
 .text.f32tof31
                0x00107a4c       0x38 C:/devkitPro/libctru/lib\libctru.a(gpu.o)
                0x00107a4c                f32tof31
 .text.GX_BindQueue
                0x00107a84       0x10 C:/devkitPro/libctru/lib\libctru.a(gx.o)
                0x00107a84                GX_BindQueue
 .text.GX_ProcessCommandList
                0x00107a94       0x78 C:/devkitPro/libctru/lib\libctru.a(gx.o)
                0x00107a94                GX_ProcessCommandList
 .text.GX_MemoryFill
                0x00107b0c       0x74 C:/devkitPro/libctru/lib\libctru.a(gx.o)
                0x00107b0c                GX_MemoryFill
 .text.GX_DisplayTransfer
                0x00107b80       0x70 C:/devkitPro/libctru/lib\libctru.a(gx.o)
                0x00107b80                GX_DisplayTransfer
 .text.gxCmdQueueDoCommands.part.0
                0x00107bf0       0x68 C:/devkitPro/libctru/lib\libctru.a(gxqueue.o)
 .text.gxCmdQueueInterrupt
                0x00107c58       0xc8 C:/devkitPro/libctru/lib\libctru.a(gxqueue.o)
                0x00107c58                gxCmdQueueInterrupt
 .text.gxCmdQueueClear
                0x00107d20       0x4c C:/devkitPro/libctru/lib\libctru.a(gxqueue.o)
                0x00107d20                gxCmdQueueClear
 .text.gxCmdQueueAdd
                0x00107d6c       0xf8 C:/devkitPro/libctru/lib\libctru.a(gxqueue.o)
                0x00107d6c                gxCmdQueueAdd
 .text.gxCmdQueueRun
                0x00107e64       0x80 C:/devkitPro/libctru/lib\libctru.a(gxqueue.o)
                0x00107e64                gxCmdQueueRun
 .text.gxCmdQueueStop
                0x00107ee4       0x60 C:/devkitPro/libctru/lib\libctru.a(gxqueue.o)
                0x00107ee4                gxCmdQueueStop
 .text.gxCmdQueueWait
                0x00107f44       0x8c C:/devkitPro/libctru/lib\libctru.a(gxqueue.o)
                0x00107f44                gxCmdQueueWait
 .text.shaderInstanceInit
                0x00107fd0      0x1d0 C:/devkitPro/libctru/lib\libctru.a(shaderProgram.o)
                0x00107fd0                shaderInstanceInit
 .text.shaderInstanceGetUniformLocation
                0x001081a0       0x18 C:/devkitPro/libctru/lib\libctru.a(shaderProgram.o)
                0x001081a0                shaderInstanceGetUniformLocation
 .text.shaderProgramInit
                0x001081b8       0x1c C:/devkitPro/libctru/lib\libctru.a(shaderProgram.o)
                0x001081b8                shaderProgramInit
 .text.shaderProgramFree
                0x001081d4       0x64 C:/devkitPro/libctru/lib\libctru.a(shaderProgram.o)
                0x001081d4                shaderProgramFree
 .text.shaderProgramSetVsh
                0x00108238       0x80 C:/devkitPro/libctru/lib\libctru.a(shaderProgram.o)
                0x00108238                shaderProgramSetVsh
 .text.shaderProgramConfigure
                0x001082b8      0x8e0 C:/devkitPro/libctru/lib\libctru.a(shaderProgram.o)
                0x001082b8                shaderProgramConfigure
 .text.DVLE_GenerateOutmap.part.0
                0x00108b98      0x1cc C:/devkitPro/libctru/lib\libctru.a(shbin.o)
 .text.DVLB_ParseFile
                0x00108d64      0x1b4 C:/devkitPro/libctru/lib\libctru.a(shbin.o)
                0x00108d64                DVLB_ParseFile
 .text.DVLB_Free
                0x00108f18       0x38 C:/devkitPro/libctru/lib\libctru.a(shbin.o)
                0x00108f18                DVLB_Free
 .text.DVLE_GetUniformRegister
                0x00108f50       0x74 C:/devkitPro/libctru/lib\libctru.a(shbin.o)
                0x00108f50                DVLE_GetUniformRegister
 .text.aptConvertScreenForCapture
                0x00108fc4      0x1ac C:/devkitPro/libctru/lib\libctru.a(apt.o)
 .text.aptDspSleep
                0x00109170        0x8 C:/devkitPro/libctru/lib\libctru.a(apt.o)
                0x00109170                aptDspSleep
 .text.aptDspWakeup
                0x00109178        0x4 C:/devkitPro/libctru/lib\libctru.a(apt.o)
                0x00109178                aptDspWakeup
 .text.aptDspCancel
                0x0010917c        0x4 C:/devkitPro/libctru/lib\libctru.a(apt.o)
                0x0010917c                aptDspCancel
 .text.aptSendCommand
                0x00109180      0x158 C:/devkitPro/libctru/lib\libctru.a(apt.o)
                0x00109180                aptSendCommand
 .text.aptExitProcess
                0x001092d8       0x44 C:/devkitPro/libctru/lib\libctru.a(apt.o)
 .text.aptExit  0x0010931c      0x38c C:/devkitPro/libctru/lib\libctru.a(apt.o)
                0x0010931c                aptExit
 .text.aptHandleSleep
                0x001096a8       0xe0 C:/devkitPro/libctru/lib\libctru.a(apt.o)
                0x001096a8                aptHandleSleep
 .text.aptHook  0x00109788       0x30 C:/devkitPro/libctru/lib\libctru.a(apt.o)
                0x00109788                aptHook
 .text.aptUnhook
                0x001097b8       0x30 C:/devkitPro/libctru/lib\libctru.a(apt.o)
                0x001097b8                aptUnhook
 .text.APT_SleepIfShellClosed
                0x001097e8       0x84 C:/devkitPro/libctru/lib\libctru.a(apt.o)
                0x001097e8                APT_SleepIfShellClosed
 .text.aptSetSleepAllowed
                0x0010986c       0x84 C:/devkitPro/libctru/lib\libctru.a(apt.o)
                0x0010986c                aptSetSleepAllowed
 .text.APT_UnlockTransition
                0x001098f0       0x84 C:/devkitPro/libctru/lib\libctru.a(apt.o)
                0x001098f0                APT_UnlockTransition
 *fill*         0x00109974        0x4 
 .text.aptEventHandler
                0x00109978      0x4a4 C:/devkitPro/libctru/lib\libctru.a(apt.o)
 .text.APT_ReceiveParameter
                0x00109e1c       0xb0 C:/devkitPro/libctru/lib\libctru.a(apt.o)
                0x00109e1c                APT_ReceiveParameter
 .text.aptReceiveParameter.constprop.0
                0x00109ecc       0xac C:/devkitPro/libctru/lib\libctru.a(apt.o)
 .text.aptScreenTransfer
                0x00109f78      0x2ac C:/devkitPro/libctru/lib\libctru.a(apt.o)
 .text.aptWaitForWakeUp.isra.0
                0x0010a224      0x320 C:/devkitPro/libctru/lib\libctru.a(apt.o)
 .text.aptJumpToHomeMenu
                0x0010a544       0xf8 C:/devkitPro/libctru/lib\libctru.a(apt.o)
                0x0010a544                aptJumpToHomeMenu
 .text.aptMainLoop
                0x0010a63c       0x48 C:/devkitPro/libctru/lib\libctru.a(apt.o)
                0x0010a63c                aptMainLoop
 .text.aptInit  0x0010a684      0x22c C:/devkitPro/libctru/lib\libctru.a(apt.o)
                0x0010a684                aptInit
 .text.APT_CheckNew3DS
                0x0010a8b0       0x7c C:/devkitPro/libctru/lib\libctru.a(apt.o)
                0x0010a8b0                APT_CheckNew3DS
 .text.fsInit   0x0010a92c       0xcc C:/devkitPro/libctru/lib\libctru.a(fs.o)
                0x0010a92c                fsInit
 .text.fsExit   0x0010a9f8       0x3c C:/devkitPro/libctru/lib\libctru.a(fs.o)
                0x0010a9f8                fsExit
 .text.fsExemptFromSession
                0x0010aa34       0x60 C:/devkitPro/libctru/lib\libctru.a(fs.o)
                0x0010aa34                fsExemptFromSession
 .text.fsUnexemptFromSession
                0x0010aa94       0x50 C:/devkitPro/libctru/lib\libctru.a(fs.o)
                0x0010aa94                fsUnexemptFromSession
 .text.FSUSER_OpenFile
                0x0010aae4       0xcc C:/devkitPro/libctru/lib\libctru.a(fs.o)
                0x0010aae4                FSUSER_OpenFile
 .text.FSUSER_OpenFileDirectly
                0x0010abb0       0xd4 C:/devkitPro/libctru/lib\libctru.a(fs.o)
                0x0010abb0                FSUSER_OpenFileDirectly
 .text.FSUSER_DeleteFile
                0x0010ac84       0xbc C:/devkitPro/libctru/lib\libctru.a(fs.o)
                0x0010ac84                FSUSER_DeleteFile
 .text.FSUSER_RenameFile
                0x0010ad40       0xf8 C:/devkitPro/libctru/lib\libctru.a(fs.o)
                0x0010ad40                FSUSER_RenameFile
 .text.FSUSER_DeleteDirectory
                0x0010ae38       0xbc C:/devkitPro/libctru/lib\libctru.a(fs.o)
                0x0010ae38                FSUSER_DeleteDirectory
 .text.FSUSER_CreateFile
                0x0010aef4       0xd4 C:/devkitPro/libctru/lib\libctru.a(fs.o)
                0x0010aef4                FSUSER_CreateFile
 .text.FSUSER_CreateDirectory
                0x0010afc8       0xc4 C:/devkitPro/libctru/lib\libctru.a(fs.o)
                0x0010afc8                FSUSER_CreateDirectory
 .text.FSUSER_RenameDirectory
                0x0010b08c       0xf8 C:/devkitPro/libctru/lib\libctru.a(fs.o)
                0x0010b08c                FSUSER_RenameDirectory
 .text.FSUSER_OpenDirectory
                0x0010b184       0xb4 C:/devkitPro/libctru/lib\libctru.a(fs.o)
                0x0010b184                FSUSER_OpenDirectory
 .text.FSUSER_OpenArchive
                0x0010b238       0x94 C:/devkitPro/libctru/lib\libctru.a(fs.o)
                0x0010b238                FSUSER_OpenArchive
 .text.FSUSER_CloseArchive
                0x0010b2cc       0x8c C:/devkitPro/libctru/lib\libctru.a(fs.o)
                0x0010b2cc                FSUSER_CloseArchive
 .text.FSUSER_GetSdmcArchiveResource
                0x0010b358       0x74 C:/devkitPro/libctru/lib\libctru.a(fs.o)
                0x0010b358                FSUSER_GetSdmcArchiveResource
 .text.FSUSER_IsSdmcWritable
                0x0010b3cc       0x64 C:/devkitPro/libctru/lib\libctru.a(fs.o)
                0x0010b3cc                FSUSER_IsSdmcWritable
 .text.FSFILE_Read
                0x0010b430       0x58 C:/devkitPro/libctru/lib\libctru.a(fs.o)
                0x0010b430                FSFILE_Read
 .text.FSFILE_Write
                0x0010b488       0x60 C:/devkitPro/libctru/lib\libctru.a(fs.o)
                0x0010b488                FSFILE_Write
 .text.FSFILE_GetSize
                0x0010b4e8       0x38 C:/devkitPro/libctru/lib\libctru.a(fs.o)
                0x0010b4e8                FSFILE_GetSize
 .text.FSFILE_SetSize
                0x0010b520       0x28 C:/devkitPro/libctru/lib\libctru.a(fs.o)
                0x0010b520                FSFILE_SetSize
 .text.FSFILE_Close
                0x0010b548       0x3c C:/devkitPro/libctru/lib\libctru.a(fs.o)
                0x0010b548                FSFILE_Close
 .text.FSFILE_Flush
                0x0010b584       0x24 C:/devkitPro/libctru/lib\libctru.a(fs.o)
                0x0010b584                FSFILE_Flush
 .text.FSDIR_Read
                0x0010b5a8       0x50 C:/devkitPro/libctru/lib\libctru.a(fs.o)
                0x0010b5a8                FSDIR_Read
 .text.FSDIR_Close
                0x0010b5f8       0x3c C:/devkitPro/libctru/lib\libctru.a(fs.o)
                0x0010b5f8                FSDIR_Close
 .text.gspHardwareInit
                0x0010b634      0xc64 C:/devkitPro/libctru/lib\libctru.a(gspgpu.o)
 .text.gspInit  0x0010c298      0x248 C:/devkitPro/libctru/lib\libctru.a(gspgpu.o)
                0x0010c298                gspInit
 .text.gspExit  0x0010c4e0       0xf0 C:/devkitPro/libctru/lib\libctru.a(gspgpu.o)
                0x0010c4e0                gspExit
 .text.gspHasGpuRight
                0x0010c5d0       0x10 C:/devkitPro/libctru/lib\libctru.a(gspgpu.o)
                0x0010c5d0                gspHasGpuRight
 .text.gspPresentBuffer
                0x0010c5e0       0xa0 C:/devkitPro/libctru/lib\libctru.a(gspgpu.o)
                0x0010c5e0                gspPresentBuffer
 .text.gspSetEventCallback
                0x0010c680       0x30 C:/devkitPro/libctru/lib\libctru.a(gspgpu.o)
                0x0010c680                gspSetEventCallback
 .text.gspWaitForEvent
                0x0010c6b0       0x44 C:/devkitPro/libctru/lib\libctru.a(gspgpu.o)
                0x0010c6b0                gspWaitForEvent
 .text.gspWaitForAnyEvent
                0x0010c6f4       0x4c C:/devkitPro/libctru/lib\libctru.a(gspgpu.o)
                0x0010c6f4                gspWaitForAnyEvent
 .text.gspEventThreadMain
                0x0010c740      0x158 C:/devkitPro/libctru/lib\libctru.a(gspgpu.o)
 .text.gspSubmitGxCommand
                0x0010c898      0x130 C:/devkitPro/libctru/lib\libctru.a(gspgpu.o)
                0x0010c898                gspSubmitGxCommand
 .text.GSPGPU_FlushDataCache
                0x0010c9c8       0x50 C:/devkitPro/libctru/lib\libctru.a(gspgpu.o)
                0x0010c9c8                GSPGPU_FlushDataCache
 .text.GSPGPU_SetLcdForceBlack
                0x0010ca18       0x34 C:/devkitPro/libctru/lib\libctru.a(gspgpu.o)
                0x0010ca18                GSPGPU_SetLcdForceBlack
 .text.GSPGPU_AcquireRight
                0x0010ca4c       0x68 C:/devkitPro/libctru/lib\libctru.a(gspgpu.o)
                0x0010ca4c                GSPGPU_AcquireRight
 .text.GSPGPU_ReleaseRight
                0x0010cab4       0x48 C:/devkitPro/libctru/lib\libctru.a(gspgpu.o)
                0x0010cab4                GSPGPU_ReleaseRight
 .text.GSPGPU_ImportDisplayCaptureInfo
                0x0010cafc       0x7c C:/devkitPro/libctru/lib\libctru.a(gspgpu.o)
                0x0010cafc                GSPGPU_ImportDisplayCaptureInfo
 .text.GSPGPU_SaveVramSysArea
                0x0010cb78       0x2c C:/devkitPro/libctru/lib\libctru.a(gspgpu.o)
                0x0010cb78                GSPGPU_SaveVramSysArea
 .text.GSPGPU_RestoreVramSysArea
                0x0010cba4       0x2c C:/devkitPro/libctru/lib\libctru.a(gspgpu.o)
                0x0010cba4                GSPGPU_RestoreVramSysArea
 .text.hidShouldUseIrrst
                0x0010cbd0       0x24 C:/devkitPro/libctru/lib\libctru.a(hid.o)
                0x0010cbd0                hidShouldUseIrrst
 .text.hidInit  0x0010cbf4      0x18c C:/devkitPro/libctru/lib\libctru.a(hid.o)
                0x0010cbf4                hidInit
 .text.hidExit  0x0010cd80       0xe8 C:/devkitPro/libctru/lib\libctru.a(hid.o)
                0x0010cd80                hidExit
 .text.hidScanInput
                0x0010ce68      0x2a4 C:/devkitPro/libctru/lib\libctru.a(hid.o)
                0x0010ce68                hidScanInput
 .text.hidKeysDown
                0x0010d10c       0x10 C:/devkitPro/libctru/lib\libctru.a(hid.o)
                0x0010d10c                hidKeysDown
 .text.irrstInit
                0x0010d11c      0x160 C:/devkitPro/libctru/lib\libctru.a(irrst.o)
                0x0010d11c                irrstInit
 .text.irrstExit
                0x0010d27c       0xcc C:/devkitPro/libctru/lib\libctru.a(irrst.o)
                0x0010d27c                irrstExit
 .text.irrstScanInput
                0x0010d348       0xb4 C:/devkitPro/libctru/lib\libctru.a(irrst.o)
                0x0010d348                irrstScanInput
 .text.irrstKeysHeld
                0x0010d3fc       0x24 C:/devkitPro/libctru/lib\libctru.a(irrst.o)
                0x0010d3fc                irrstKeysHeld
 .text.ptmSysmInit
                0x0010d420       0x74 C:/devkitPro/libctru/lib\libctru.a(ptmsysm.o)
                0x0010d420                ptmSysmInit
 .text.ptmSysmExit
                0x0010d494       0x3c C:/devkitPro/libctru/lib\libctru.a(ptmsysm.o)
                0x0010d494                ptmSysmExit
 .text.PTMSYSM_ConfigureNew3DSCPU
                0x0010d4d0       0x34 C:/devkitPro/libctru/lib\libctru.a(ptmsysm.o)
                0x0010d4d0                PTMSYSM_ConfigureNew3DSCPU
 .text.rbtree_find
                0x0010d504       0x74 C:/devkitPro/libctru/lib\libctru.a(rbtree_find.o)
                0x0010d504                rbtree_find
 .text.rbtree_init
                0x0010d578       0x10 C:/devkitPro/libctru/lib\libctru.a(rbtree_init.o)
                0x0010d578                rbtree_init
 .text.do_insert
                0x0010d588      0x1b0 C:/devkitPro/libctru/lib\libctru.a(rbtree_insert.o)
 .text.rbtree_insert
                0x0010d738        0x8 C:/devkitPro/libctru/lib\libctru.a(rbtree_insert.o)
                0x0010d738                rbtree_insert
 .text.rbtree_remove
                0x0010d740      0x318 C:/devkitPro/libctru/lib\libctru.a(rbtree_remove.o)
                0x0010d740                rbtree_remove
 .text.rbtree_rotate
                0x0010da58       0x90 C:/devkitPro/libctru/lib\libctru.a(rbtree_rotate.o)
                0x0010da58                rbtree_rotate
 .text.utf16_to_utf8
                0x0010dae8       0xe8 C:/devkitPro/libctru/lib\libctru.a(utf16_to_utf8.o)
                0x0010dae8                utf16_to_utf8
 .text.utf8_to_utf16
                0x0010dbd0       0xc0 C:/devkitPro/libctru/lib\libctru.a(utf8_to_utf16.o)
                0x0010dbd0                utf8_to_utf16
 .text.__system_allocateHeaps
                0x0010dc90      0x1e0 C:/devkitPro/libctru/lib\libctru.a(allocateHeaps.o)
                0x0010dc90                __system_allocateHeaps
 .text.__libctru_init
                0x0010de70       0x38 C:/devkitPro/libctru/lib\libctru.a(ctru_init.o)
                0x0010de70                __libctru_init
 .text.__system_initArgv
                0x0010dea8      0x170 C:/devkitPro/libctru/lib\libctru.a(initArgv.o)
                0x0010dea8                __system_initArgv
 .text.__syscall_getreent
                0x0010e018       0x30 C:/devkitPro/libctru/lib\libctru.a(syscalls.o)
                0x0010e018                __syscall_getreent
 .text.__syscall_gettod_r
                0x0010e048       0x64 C:/devkitPro/libctru/lib\libctru.a(syscalls.o)
                0x0010e048                __syscall_gettod_r
 .text.__syscall_lock_acquire
                0x0010e0ac        0x4 C:/devkitPro/libctru/lib\libctru.a(syscalls.o)
                0x0010e0ac                __syscall_lock_acquire
 .text.__syscall_lock_release
                0x0010e0b0        0x4 C:/devkitPro/libctru/lib\libctru.a(syscalls.o)
                0x0010e0b0                __syscall_lock_release
 .text.__syscall_lock_acquire_recursive
                0x0010e0b4        0x4 C:/devkitPro/libctru/lib\libctru.a(syscalls.o)
                0x0010e0b4                __syscall_lock_acquire_recursive
 .text.__syscall_lock_release_recursive
                0x0010e0b8        0x4 C:/devkitPro/libctru/lib\libctru.a(syscalls.o)
                0x0010e0b8                __syscall_lock_release_recursive
 .text.__syscall_exit
                0x0010e0bc        0x4 C:/devkitPro/libctru/lib\libctru.a(syscalls.o)
                0x0010e0bc                __syscall_exit
 .text.initThreadVars
                0x0010e0c0       0x50 C:/devkitPro/libctru/lib\libctru.a(syscalls.o)
                0x0010e0c0                initThreadVars
 .text.__system_initSyscalls
                0x0010e110       0x80 C:/devkitPro/libctru/lib\libctru.a(syscalls.o)
                0x0010e110                __system_initSyscalls
 .text.svcControlMemory
                0x0010e190       0x20 C:/devkitPro/libctru/lib\libctru.a(svc.o)
                0x0010e190                svcControlMemory
 .text.svcQueryMemory
                0x0010e1b0       0x30 C:/devkitPro/libctru/lib\libctru.a(svc.o)
                0x0010e1b0                svcQueryMemory
 .text.svcExitProcess
                0x0010e1e0        0x8 C:/devkitPro/libctru/lib\libctru.a(svc.o)
                0x0010e1e0                svcExitProcess
 .text.svcCreateThread
                0x0010e1e8       0x20 C:/devkitPro/libctru/lib\libctru.a(svc.o)
                0x0010e1e8                svcCreateThread
 .text.svcExitThread
                0x0010e208        0x8 C:/devkitPro/libctru/lib\libctru.a(svc.o)
                0x0010e208                svcExitThread
 .text.svcSleepThread
                0x0010e210        0x8 C:/devkitPro/libctru/lib\libctru.a(svc.o)
                0x0010e210                svcSleepThread
 .text.svcReleaseMutex
                0x0010e218        0x8 C:/devkitPro/libctru/lib\libctru.a(svc.o)
                0x0010e218                svcReleaseMutex
 .text.svcCreateEvent
                0x0010e220       0x14 C:/devkitPro/libctru/lib\libctru.a(svc.o)
                0x0010e220                svcCreateEvent
 .text.svcSignalEvent
                0x0010e234        0x8 C:/devkitPro/libctru/lib\libctru.a(svc.o)
                0x0010e234                svcSignalEvent
 .text.svcClearEvent
                0x0010e23c        0x8 C:/devkitPro/libctru/lib\libctru.a(svc.o)
                0x0010e23c                svcClearEvent
 .text.svcMapMemoryBlock
                0x0010e244        0x8 C:/devkitPro/libctru/lib\libctru.a(svc.o)
                0x0010e244                svcMapMemoryBlock
 .text.svcUnmapMemoryBlock
                0x0010e24c        0x8 C:/devkitPro/libctru/lib\libctru.a(svc.o)
                0x0010e24c                svcUnmapMemoryBlock
 .text.svcCreateAddressArbiter
                0x0010e254       0x14 C:/devkitPro/libctru/lib\libctru.a(svc.o)
                0x0010e254                svcCreateAddressArbiter
 .text.svcArbitrateAddressNoTimeout
                0x0010e268        0x8 C:/devkitPro/libctru/lib\libctru.a(svc.o)
                0x0010e268                svcArbitrateAddressNoTimeout
 .text.svcCloseHandle
                0x0010e270        0x8 C:/devkitPro/libctru/lib\libctru.a(svc.o)
                0x0010e270                svcCloseHandle
 .text.svcWaitSynchronization
                0x0010e278        0x8 C:/devkitPro/libctru/lib\libctru.a(svc.o)
                0x0010e278                svcWaitSynchronization
 .text.svcWaitSynchronizationN
                0x0010e280       0x28 C:/devkitPro/libctru/lib\libctru.a(svc.o)
                0x0010e280                svcWaitSynchronizationN
 .text.svcDuplicateHandle
                0x0010e2a8       0x14 C:/devkitPro/libctru/lib\libctru.a(svc.o)
                0x0010e2a8                svcDuplicateHandle
 .text.svcGetSystemTick
                0x0010e2bc        0x8 C:/devkitPro/libctru/lib\libctru.a(svc.o)
                0x0010e2bc                svcGetSystemTick
 .text.svcConnectToPort
                0x0010e2c4       0x14 C:/devkitPro/libctru/lib\libctru.a(svc.o)
                0x0010e2c4                svcConnectToPort
 .text.svcSendSyncRequest
                0x0010e2d8        0x8 C:/devkitPro/libctru/lib\libctru.a(svc.o)
                0x0010e2d8                svcSendSyncRequest
 .text.svcGetResourceLimit
                0x0010e2e0       0x14 C:/devkitPro/libctru/lib\libctru.a(svc.o)
                0x0010e2e0                svcGetResourceLimit
 .text.svcGetResourceLimitLimitValues
                0x0010e2f4        0x8 C:/devkitPro/libctru/lib\libctru.a(svc.o)
                0x0010e2f4                svcGetResourceLimitLimitValues
 .text.svcGetResourceLimitCurrentValues
                0x0010e2fc        0x8 C:/devkitPro/libctru/lib\libctru.a(svc.o)
                0x0010e2fc                svcGetResourceLimitCurrentValues
 .text.svcBreak
                0x0010e304        0x8 C:/devkitPro/libctru/lib\libctru.a(svc.o)
                0x0010e304                svcBreak
 .text.__aeabi_read_tp
                0x0010e30c        0xc C:/devkitPro/libctru/lib\libctru.a(readtp.o)
                0x0010e30c                __aeabi_read_tp
 .text.initSystem
                0x0010e318       0x50 C:/devkitPro/libctru/lib\libctru.a(stack_adjust.o)
                0x0010e318                initSystem
 .text.__ctru_exit
                0x0010e368       0x14 C:/devkitPro/libctru/lib\libctru.a(stack_adjust.o)
                0x0010e368                __ctru_exit
 .text.envGetHandle
                0x0010e37c       0x84 C:/devkitPro/libctru/lib\libctru.a(env.o)
                0x0010e37c                envGetHandle
 .text.envDestroyHandles
                0x0010e400       0x50 C:/devkitPro/libctru/lib\libctru.a(env.o)
                0x0010e400                envDestroyHandles
 .text.srvInit  0x0010e450      0x12c C:/devkitPro/libctru/lib\libctru.a(srv.o)
                0x0010e450                srvInit
 .text.srvExit  0x0010e57c       0x58 C:/devkitPro/libctru/lib\libctru.a(srv.o)
                0x0010e57c                srvExit
 .text.srvEnableNotification
                0x0010e5d4       0x60 C:/devkitPro/libctru/lib\libctru.a(srv.o)
                0x0010e5d4                srvEnableNotification
 .text.srvGetServiceHandleDirect
                0x0010e634       0xa0 C:/devkitPro/libctru/lib\libctru.a(srv.o)
                0x0010e634                srvGetServiceHandleDirect
 .text.srvGetServiceHandle
                0x0010e6d4       0x38 C:/devkitPro/libctru/lib\libctru.a(srv.o)
                0x0010e6d4                srvGetServiceHandle
 .text.srvSubscribe
                0x0010e70c       0x34 C:/devkitPro/libctru/lib\libctru.a(srv.o)
                0x0010e70c                srvSubscribe
 .text.srvReceiveNotification
                0x0010e740       0x60 C:/devkitPro/libctru/lib\libctru.a(srv.o)
                0x0010e740                srvReceiveNotification
 .text.srvPublishToSubscriber
                0x0010e7a0       0x38 C:/devkitPro/libctru/lib\libctru.a(srv.o)
                0x0010e7a0                srvPublishToSubscriber
 .text.__sync_init
                0x0010e7d8        0xc C:/devkitPro/libctru/lib\libctru.a(synchronization.o)
                0x0010e7d8                __sync_init
 .text.__sync_fini
                0x0010e7e4       0x18 C:/devkitPro/libctru/lib\libctru.a(synchronization.o)
                0x0010e7e4                __sync_fini
 .text.syncArbitrateAddress
                0x0010e7fc       0x2c C:/devkitPro/libctru/lib\libctru.a(synchronization.o)
                0x0010e7fc                syncArbitrateAddress
 .text.LightLock_Lock
                0x0010e828       0xac C:/devkitPro/libctru/lib\libctru.a(synchronization.o)
                0x0010e828                LightLock_Lock
 .text.LightLock_Unlock
                0x0010e8d4       0x40 C:/devkitPro/libctru/lib\libctru.a(synchronization.o)
                0x0010e8d4                LightLock_Unlock
 .text.RecursiveLock_Lock
                0x0010e914       0x30 C:/devkitPro/libctru/lib\libctru.a(synchronization.o)
                0x0010e914                RecursiveLock_Lock
 .text.RecursiveLock_Unlock
                0x0010e944       0x54 C:/devkitPro/libctru/lib\libctru.a(synchronization.o)
                0x0010e944                RecursiveLock_Unlock
 .text.LightEvent_Init
                0x0010e998       0x40 C:/devkitPro/libctru/lib\libctru.a(synchronization.o)
                0x0010e998                LightEvent_Init
 .text.LightEvent_Clear
                0x0010e9d8       0xa4 C:/devkitPro/libctru/lib\libctru.a(synchronization.o)
                0x0010e9d8                LightEvent_Clear
 .text.LightEvent_Signal
                0x0010ea7c       0xc8 C:/devkitPro/libctru/lib\libctru.a(synchronization.o)
                0x0010ea7c                LightEvent_Signal
 .text.LightEvent_TryWait
                0x0010eb44       0x50 C:/devkitPro/libctru/lib\libctru.a(synchronization.o)
                0x0010eb44                LightEvent_TryWait
 .text.LightEvent_Wait
                0x0010eb94       0xa0 C:/devkitPro/libctru/lib\libctru.a(synchronization.o)
                0x0010eb94                LightEvent_Wait
 .text.threadCreate
                0x0010ec34      0x1d8 C:/devkitPro/libctru/lib\libctru.a(thread.o)
                0x0010ec34                threadCreate
 .text.threadFree
                0x0010ee0c       0x2c C:/devkitPro/libctru/lib\libctru.a(thread.o)
                0x0010ee0c                threadFree
 .text.threadJoin
                0x0010ee38       0x24 C:/devkitPro/libctru/lib\libctru.a(thread.o)
                0x0010ee38                threadJoin
 .text.threadGetCurrent
                0x0010ee5c       0x30 C:/devkitPro/libctru/lib\libctru.a(thread.o)
                0x0010ee5c                threadGetCurrent
 .text.threadExit
                0x0010ee8c       0x40 C:/devkitPro/libctru/lib\libctru.a(thread.o)
                0x0010ee8c                threadExit
 .text._thread_begin
                0x0010eecc       0x20 C:/devkitPro/libctru/lib\libctru.a(thread.o)
 .text.mappableFindAddressWithin
                0x0010eeec       0xb4 C:/devkitPro/libctru/lib\libctru.a(mappable.o)
 .text.mappableInit
                0x0010efa0       0x28 C:/devkitPro/libctru/lib\libctru.a(mappable.o)
                0x0010efa0                mappableInit
 .text.mappableAlloc
                0x0010efc8       0x80 C:/devkitPro/libctru/lib\libctru.a(mappable.o)
                0x0010efc8                mappableAlloc
 .text.mappableFree
                0x0010f048        0x4 C:/devkitPro/libctru/lib\libctru.a(mappable.o)
                0x0010f048                mappableFree
 .text.srvPmGetSessionHandle
                0x0010f04c        0xc C:/devkitPro/libctru/lib\libctru.a(srvpm.o)
                0x0010f04c                srvPmGetSessionHandle
 .text.rbtree_node_next
                0x0010f058       0x5c C:/devkitPro/libctru/lib\libctru.a(rbtree_iterator.o)
                0x0010f058                rbtree_node_next
 .text.decode_utf16
                0x0010f0b4       0x64 C:/devkitPro/libctru/lib\libctru.a(decode_utf16.o)
                0x0010f0b4                decode_utf16
 .text.decode_utf8
                0x0010f118      0x13c C:/devkitPro/libctru/lib\libctru.a(decode_utf8.o)
                0x0010f118                decode_utf8
 .text.encode_utf16
                0x0010f254       0x54 C:/devkitPro/libctru/lib\libctru.a(encode_utf16.o)
                0x0010f254                encode_utf16
 .text.encode_utf8
                0x0010f2a8       0xe0 C:/devkitPro/libctru/lib\libctru.a(encode_utf8.o)
                0x0010f2a8                encode_utf8
 .text.__appExit
                0x0010f388       0x30 C:/devkitPro/libctru/lib\libctru.a(appExit.o)
                0x0010f388                __appExit
 .text.__appInit
                0x0010f3b8       0x30 C:/devkitPro/libctru/lib\libctru.a(appInit.o)
                0x0010f3b8                __appInit
 .text.__libctru_exit
                0x0010f3e8       0x90 C:/devkitPro/libctru/lib\libctru.a(ctru_exit.o)
                0x0010f3e8                __libctru_exit
 .text.archive_link
                0x0010f478       0x14 C:/devkitPro/libctru/lib\libctru.a(archive_dev.o)
 .text.archive_dirreset
                0x0010f48c       0x14 C:/devkitPro/libctru/lib\libctru.a(archive_dev.o)
 .text.archive_chmod
                0x0010f4a0       0x14 C:/devkitPro/libctru/lib\libctru.a(archive_dev.o)
 .text.error_cmp
                0x0010f4b4       0x24 C:/devkitPro/libctru/lib\libctru.a(archive_dev.o)
 .text.archive_translate_error
                0x0010f4d8       0x50 C:/devkitPro/libctru/lib\libctru.a(archive_dev.o)
 .text.archive_seek
                0x0010f528       0xc8 C:/devkitPro/libctru/lib\libctru.a(archive_dev.o)
 .text._archiveInit.part.0
                0x0010f5f0       0x7c C:/devkitPro/libctru/lib\libctru.a(archive_dev.o)
 .text.archiveFindDevice.part.0
                0x0010f66c       0xc4 C:/devkitPro/libctru/lib\libctru.a(archive_dev.o)
 .text.archive_utf16path
                0x0010f730      0x280 C:/devkitPro/libctru/lib\libctru.a(archive_dev.o)
 .text._archiveUnmountDeviceStruct.part.0
                0x0010f9b0       0x9c C:/devkitPro/libctru/lib\libctru.a(archive_dev.o)
 .text.archive_fchmod
                0x0010fa4c       0x14 C:/devkitPro/libctru/lib\libctru.a(archive_dev.o)
 .text.archive_statvfs
                0x0010fa60       0x14 C:/devkitPro/libctru/lib\libctru.a(archive_dev.o)
 .text._archiveMountDevice
                0x0010fa74      0x164 C:/devkitPro/libctru/lib\libctru.a(archive_dev.o)
 .text.archive_diropen
                0x0010fbd8       0xe8 C:/devkitPro/libctru/lib\libctru.a(archive_dev.o)
 .text.archive_fstat
                0x0010fcc0       0xa4 C:/devkitPro/libctru/lib\libctru.a(archive_dev.o)
 .text.archive_fsync
                0x0010fd64       0x6c C:/devkitPro/libctru/lib\libctru.a(archive_dev.o)
 .text.archive_close
                0x0010fdd0       0x6c C:/devkitPro/libctru/lib\libctru.a(archive_dev.o)
 .text.archive_dirclose
                0x0010fe3c       0x70 C:/devkitPro/libctru/lib\libctru.a(archive_dev.o)
 .text.sdmc_statvfs
                0x0010feac       0xe8 C:/devkitPro/libctru/lib\libctru.a(archive_dev.o)
 .text.archive_chdir
                0x0010ff94       0xec C:/devkitPro/libctru/lib\libctru.a(archive_dev.o)
 .text.archive_ftruncate
                0x00110080       0x7c C:/devkitPro/libctru/lib\libctru.a(archive_dev.o)
 .text.archive_read
                0x001100fc       0xac C:/devkitPro/libctru/lib\libctru.a(archive_dev.o)
 .text.archive_unlink
                0x001101a8       0xa4 C:/devkitPro/libctru/lib\libctru.a(archive_dev.o)
 .text.archive_rmdir
                0x0011024c       0xbc C:/devkitPro/libctru/lib\libctru.a(archive_dev.o)
 .text.archive_mkdir
                0x00110308       0xdc C:/devkitPro/libctru/lib\libctru.a(archive_dev.o)
 .text.archive_stat
                0x001103e4      0x194 C:/devkitPro/libctru/lib\libctru.a(archive_dev.o)
 .text.archive_dirnext
                0x00110578      0x160 C:/devkitPro/libctru/lib\libctru.a(archive_dev.o)
 .text.archive_write
                0x001106d8      0x124 C:/devkitPro/libctru/lib\libctru.a(archive_dev.o)
 .text.archive_open
                0x001107fc      0x20c C:/devkitPro/libctru/lib\libctru.a(archive_dev.o)
 .text.archive_rename
                0x00110a08      0x278 C:/devkitPro/libctru/lib\libctru.a(archive_dev.o)
 .text.archiveMountSdmc
                0x00110c80      0x19c C:/devkitPro/libctru/lib\libctru.a(archive_dev.o)
                0x00110c80                archiveMountSdmc
 .text.archiveUnmountAll
                0x00110e1c       0x54 C:/devkitPro/libctru/lib\libctru.a(archive_dev.o)
                0x00110e1c                archiveUnmountAll
 .text._ZdlPv   0x00110e70        0x4 C:/devkitPro/devkitARM/bin/../lib/gcc/arm-none-eabi/13.2.0/../../../../arm-none-eabi/lib/armv6k/fpu\libstdc++.a(del_op.o)
                0x00110e70                operator delete(void*)
 .text._ZdaPv   0x00110e74        0x4 C:/devkitPro/devkitARM/bin/../lib/gcc/arm-none-eabi/13.2.0/../../../../arm-none-eabi/lib/armv6k/fpu\libstdc++.a(del_opv.o)
                0x00110e74                operator delete[](void*)
 .text._Znwj    0x00110e78       0x5c C:/devkitPro/devkitARM/bin/../lib/gcc/arm-none-eabi/13.2.0/../../../../arm-none-eabi/lib/armv6k/fpu\libstdc++.a(new_op.o)
                0x00110e78                operator new(unsigned int)
 .text._Znaj    0x00110ed4        0x4 C:/devkitPro/devkitARM/bin/../lib/gcc/arm-none-eabi/13.2.0/../../../../arm-none-eabi/lib/armv6k/fpu\libstdc++.a(new_opv.o)
                0x00110ed4                operator new[](unsigned int)
 .text._ZSt18_Rb_tree_incrementPSt18_Rb_tree_node_base
                0x00110ed8       0x58 C:/devkitPro/devkitARM/bin/../lib/gcc/arm-none-eabi/13.2.0/../../../../arm-none-eabi/lib/armv6k/fpu\libstdc++.a(tree.o)
                0x00110ed8                std::_Rb_tree_increment(std::_Rb_tree_node_base*)
 .text._ZSt18_Rb_tree_decrementPSt18_Rb_tree_node_base
                0x00110f30       0x70 C:/devkitPro/devkitARM/bin/../lib/gcc/arm-none-eabi/13.2.0/../../../../arm-none-eabi/lib/armv6k/fpu\libstdc++.a(tree.o)
                0x00110f30                std::_Rb_tree_decrement(std::_Rb_tree_node_base*)
 .text._ZSt29_Rb_tree_insert_and_rebalancebPSt18_Rb_tree_node_baseS0_RS_
                0x00110fa0      0x284 C:/devkitPro/devkitARM/bin/../lib/gcc/arm-none-eabi/13.2.0/../../../../arm-none-eabi/lib/armv6k/fpu\libstdc++.a(tree.o)
                0x00110fa0                std::_Rb_tree_insert_and_rebalance(bool, std::_Rb_tree_node_base*, std::_Rb_tree_node_base*, std::_Rb_tree_node_base&)
 .text._ZNKSt9bad_alloc4whatEv
                0x00111224        0xc C:/devkitPro/devkitARM/bin/../lib/gcc/arm-none-eabi/13.2.0/../../../../arm-none-eabi/lib/armv6k/fpu\libstdc++.a(bad_alloc.o)
                0x00111224                std::bad_alloc::what() const
 .text._ZNSt9bad_allocD2Ev
                0x00111230       0x20 C:/devkitPro/devkitARM/bin/../lib/gcc/arm-none-eabi/13.2.0/../../../../arm-none-eabi/lib/armv6k/fpu\libstdc++.a(bad_alloc.o)
                0x00111230                std::bad_alloc::~bad_alloc()
                0x00111230                std::bad_alloc::~bad_alloc()
 .text._ZNSt9bad_allocD0Ev
                0x00111250       0x2c C:/devkitPro/devkitARM/bin/../lib/gcc/arm-none-eabi/13.2.0/../../../../arm-none-eabi/lib/armv6k/fpu\libstdc++.a(bad_alloc.o)
                0x00111250                std::bad_alloc::~bad_alloc()
 .text._ZdlPvj  0x0011127c        0x4 C:/devkitPro/devkitARM/bin/../lib/gcc/arm-none-eabi/13.2.0/../../../../arm-none-eabi/lib/armv6k/fpu\libstdc++.a(del_ops.o)
                0x0011127c                operator delete(void*, unsigned int)
 .text._ZNK9__gnu_cxx24__concurrence_lock_error4whatEv
                0x00111280        0xc C:/devkitPro/devkitARM/bin/../lib/gcc/arm-none-eabi/13.2.0/../../../../arm-none-eabi/lib/armv6k/fpu\libstdc++.a(eh_alloc.o)
                0x00111280                __gnu_cxx::__concurrence_lock_error::what() const
 .text._ZNK9__gnu_cxx26__concurrence_unlock_error4whatEv
                0x0011128c        0xc C:/devkitPro/devkitARM/bin/../lib/gcc/arm-none-eabi/13.2.0/../../../../arm-none-eabi/lib/armv6k/fpu\libstdc++.a(eh_alloc.o)
                0x0011128c                __gnu_cxx::__concurrence_unlock_error::what() const
 .text._ZN9__gnu_cxx24__concurrence_lock_errorD2Ev
                0x00111298       0x20 C:/devkitPro/devkitARM/bin/../lib/gcc/arm-none-eabi/13.2.0/../../../../arm-none-eabi/lib/armv6k/fpu\libstdc++.a(eh_alloc.o)
                0x00111298                __gnu_cxx::__concurrence_lock_error::~__concurrence_lock_error()
                0x00111298                __gnu_cxx::__concurrence_lock_error::~__concurrence_lock_error()
 .text._ZN9__gnu_cxx24__concurrence_lock_errorD0Ev
                0x001112b8       0x2c C:/devkitPro/devkitARM/bin/../lib/gcc/arm-none-eabi/13.2.0/../../../../arm-none-eabi/lib/armv6k/fpu\libstdc++.a(eh_alloc.o)
                0x001112b8                __gnu_cxx::__concurrence_lock_error::~__concurrence_lock_error()
 .text._ZN9__gnu_cxx26__concurrence_unlock_errorD2Ev
                0x001112e4       0x20 C:/devkitPro/devkitARM/bin/../lib/gcc/arm-none-eabi/13.2.0/../../../../arm-none-eabi/lib/armv6k/fpu\libstdc++.a(eh_alloc.o)
                0x001112e4                __gnu_cxx::__concurrence_unlock_error::~__concurrence_unlock_error()
                0x001112e4                __gnu_cxx::__concurrence_unlock_error::~__concurrence_unlock_error()
 .text._ZN9__gnu_cxx26__concurrence_unlock_errorD0Ev
                0x00111304       0x2c C:/devkitPro/devkitARM/bin/../lib/gcc/arm-none-eabi/13.2.0/../../../../arm-none-eabi/lib/armv6k/fpu\libstdc++.a(eh_alloc.o)
                0x00111304                __gnu_cxx::__concurrence_unlock_error::~__concurrence_unlock_error()
 .text.unlikely._ZN9__gnu_cxx30__throw_concurrence_lock_errorEv
                0x00111330       0x2c C:/devkitPro/devkitARM/bin/../lib/gcc/arm-none-eabi/13.2.0/../../../../arm-none-eabi/lib/armv6k/fpu\libstdc++.a(eh_alloc.o)
                0x00111330                __gnu_cxx::__throw_concurrence_lock_error()
 .text.unlikely._ZN9__gnu_cxx32__throw_concurrence_unlock_errorEv
                0x0011135c       0x2c C:/devkitPro/devkitARM/bin/../lib/gcc/arm-none-eabi/13.2.0/../../../../arm-none-eabi/lib/armv6k/fpu\libstdc++.a(eh_alloc.o)
                0x0011135c                __gnu_cxx::__throw_concurrence_unlock_error()
 .text._ZN12_GLOBAL__N_14pool4freeEPv.constprop.0
                0x00111388      0x118 C:/devkitPro/devkitARM/bin/../lib/gcc/arm-none-eabi/13.2.0/../../../../arm-none-eabi/lib/armv6k/fpu\libstdc++.a(eh_alloc.o)
 .text._ZN12_GLOBAL__N_14pool8allocateEj.constprop.0
                0x001114a0       0xd4 C:/devkitPro/devkitARM/bin/../lib/gcc/arm-none-eabi/13.2.0/../../../../arm-none-eabi/lib/armv6k/fpu\libstdc++.a(eh_alloc.o)
 .text.__cxa_allocate_exception
                0x00111574       0x44 C:/devkitPro/devkitARM/bin/../lib/gcc/arm-none-eabi/13.2.0/../../../../arm-none-eabi/lib/armv6k/fpu\libstdc++.a(eh_alloc.o)
                0x00111574                __cxa_allocate_exception
 .text.__cxa_free_exception
                0x001115b8       0x2c C:/devkitPro/devkitARM/bin/../lib/gcc/arm-none-eabi/13.2.0/../../../../arm-none-eabi/lib/armv6k/fpu\libstdc++.a(eh_alloc.o)
                0x001115b8                __cxa_free_exception
 .text.startup._GLOBAL__sub_I__ZN9__gnu_cxx9__freeresEv
                0x001115e4      0x1b4 C:/devkitPro/devkitARM/bin/../lib/gcc/arm-none-eabi/13.2.0/../../../../arm-none-eabi/lib/armv6k/fpu\libstdc++.a(eh_alloc.o)
 .text._ZNSt9exceptionD2Ev
                0x00111798        0x4 C:/devkitPro/devkitARM/bin/../lib/gcc/arm-none-eabi/13.2.0/../../../../arm-none-eabi/lib/armv6k/fpu\libstdc++.a(eh_exception.o)
                0x00111798                std::exception::~exception()
                0x00111798                std::exception::~exception()
 .text._ZNSt13bad_exceptionD2Ev
                0x0011179c        0x4 C:/devkitPro/devkitARM/bin/../lib/gcc/arm-none-eabi/13.2.0/../../../../arm-none-eabi/lib/armv6k/fpu\libstdc++.a(eh_exception.o)
                0x0011179c                std::bad_exception::~bad_exception()
                0x0011179c                std::bad_exception::~bad_exception()
 .text._ZNKSt13bad_exception4whatEv
                0x001117a0        0xc C:/devkitPro/devkitARM/bin/../lib/gcc/arm-none-eabi/13.2.0/../../../../arm-none-eabi/lib/armv6k/fpu\libstdc++.a(eh_exception.o)
                0x001117a0                std::bad_exception::what() const
                0x001117a0                transaction clone for std::bad_exception::what() const
 .text._ZNSt13bad_exceptionD0Ev
                0x001117ac       0x18 C:/devkitPro/devkitARM/bin/../lib/gcc/arm-none-eabi/13.2.0/../../../../arm-none-eabi/lib/armv6k/fpu\libstdc++.a(eh_exception.o)
                0x001117ac                std::bad_exception::~bad_exception()
 .text._ZL28read_encoded_value_with_basehjPKhPj
                0x001117c4      0x16c C:/devkitPro/devkitARM/bin/../lib/gcc/arm-none-eabi/13.2.0/../../../../arm-none-eabi/lib/armv6k/fpu\libstdc++.a(eh_personality.o)
 .text._ZL21base_of_encoded_valuehP15_Unwind_Context
                0x00111930       0x58 C:/devkitPro/devkitARM/bin/../lib/gcc/arm-none-eabi/13.2.0/../../../../arm-none-eabi/lib/armv6k/fpu\libstdc++.a(eh_personality.o)
 .text._ZL17parse_lsda_headerP15_Unwind_ContextPKhP16lsda_header_info
                0x00111988       0xd8 C:/devkitPro/devkitARM/bin/../lib/gcc/arm-none-eabi/13.2.0/../../../../arm-none-eabi/lib/armv6k/fpu\libstdc++.a(eh_personality.o)
 .text.__gxx_personality_v0
                0x00111a60      0x6a0 C:/devkitPro/devkitARM/bin/../lib/gcc/arm-none-eabi/13.2.0/../../../../arm-none-eabi/lib/armv6k/fpu\libstdc++.a(eh_personality.o)
                0x00111a60                __gxx_personality_v0
 .text._ZN10__cxxabiv111__terminateEPFvvE
                0x00112100       0x14 C:/devkitPro/devkitARM/bin/../lib/gcc/arm-none-eabi/13.2.0/../../../../arm-none-eabi/lib/armv6k/fpu\libstdc++.a(eh_terminate.o)
                0x00112100                __cxxabiv1::__terminate(void (*)())
 .text._ZSt9terminatev
                0x00112114       0x18 C:/devkitPro/devkitARM/bin/../lib/gcc/arm-none-eabi/13.2.0/../../../../arm-none-eabi/lib/armv6k/fpu\libstdc++.a(eh_terminate.o)
                0x00112114                std::terminate()
 .text._ZN10__cxxabiv112__unexpectedEPFvvE
                0x0011212c        0xc C:/devkitPro/devkitARM/bin/../lib/gcc/arm-none-eabi/13.2.0/../../../../arm-none-eabi/lib/armv6k/fpu\libstdc++.a(eh_terminate.o)
                0x0011212c                __cxxabiv1::__unexpected(void (*)())
 .text._ZSt10unexpectedv
                0x00112138       0x18 C:/devkitPro/devkitARM/bin/../lib/gcc/arm-none-eabi/13.2.0/../../../../arm-none-eabi/lib/armv6k/fpu\libstdc++.a(eh_terminate.o)
                0x00112138                std::unexpected()
 .text._ZSt13get_terminatev
                0x00112150       0x14 C:/devkitPro/devkitARM/bin/../lib/gcc/arm-none-eabi/13.2.0/../../../../arm-none-eabi/lib/armv6k/fpu\libstdc++.a(eh_terminate.o)
                0x00112150                std::get_terminate()
 .text._ZSt14get_unexpectedv
                0x00112164       0x14 C:/devkitPro/devkitARM/bin/../lib/gcc/arm-none-eabi/13.2.0/../../../../arm-none-eabi/lib/armv6k/fpu\libstdc++.a(eh_terminate.o)
                0x00112164                std::get_unexpected()
 .text._ZL23__gxx_exception_cleanup19_Unwind_Reason_CodeP21_Unwind_Control_Block
                0x00112178       0x60 C:/devkitPro/devkitARM/bin/../lib/gcc/arm-none-eabi/13.2.0/../../../../arm-none-eabi/lib/armv6k/fpu\libstdc++.a(eh_throw.o)
 .text.__cxa_init_primary_exception
                0x001121d8       0x54 C:/devkitPro/devkitARM/bin/../lib/gcc/arm-none-eabi/13.2.0/../../../../arm-none-eabi/lib/armv6k/fpu\libstdc++.a(eh_throw.o)
                0x001121d8                __cxa_init_primary_exception
 .text.__cxa_throw
                0x0011222c       0x54 C:/devkitPro/devkitARM/bin/../lib/gcc/arm-none-eabi/13.2.0/../../../../arm-none-eabi/lib/armv6k/fpu\libstdc++.a(eh_throw.o)
                0x0011222c                __cxa_throw
 .text.__cxa_rethrow
                0x00112280       0xb0 C:/devkitPro/devkitARM/bin/../lib/gcc/arm-none-eabi/13.2.0/../../../../arm-none-eabi/lib/armv6k/fpu\libstdc++.a(eh_throw.o)
                0x00112280                __cxa_rethrow
 .text._ZSt15get_new_handlerv
                0x00112330       0x14 C:/devkitPro/devkitARM/bin/../lib/gcc/arm-none-eabi/13.2.0/../../../../arm-none-eabi/lib/armv6k/fpu\libstdc++.a(new_handler.o)
                0x00112330                std::get_new_handler()
 .text._ZN10__cxxabiv120__si_class_type_infoD2Ev
                0x00112344       0x20 C:/devkitPro/devkitARM/bin/../lib/gcc/arm-none-eabi/13.2.0/../../../../arm-none-eabi/lib/armv6k/fpu\libstdc++.a(si_class_type_info.o)
                0x00112344                __cxxabiv1::__si_class_type_info::~__si_class_type_info()
                0x00112344                __cxxabiv1::__si_class_type_info::~__si_class_type_info()
 .text._ZN10__cxxabiv120__si_class_type_infoD0Ev
                0x00112364       0x2c C:/devkitPro/devkitARM/bin/../lib/gcc/arm-none-eabi/13.2.0/../../../../arm-none-eabi/lib/armv6k/fpu\libstdc++.a(si_class_type_info.o)
                0x00112364                __cxxabiv1::__si_class_type_info::~__si_class_type_info()
 .text._ZNK10__cxxabiv120__si_class_type_info12__do_dyncastEiNS_17__class_type_info10__sub_kindEPKS1_PKvS4_S6_RNS1_16__dyncast_resultE
                0x00112390      0x138 C:/devkitPro/devkitARM/bin/../lib/gcc/arm-none-eabi/13.2.0/../../../../arm-none-eabi/lib/armv6k/fpu\libstdc++.a(si_class_type_info.o)
                0x00112390                __cxxabiv1::__si_class_type_info::__do_dyncast(int, __cxxabiv1::__class_type_info::__sub_kind, __cxxabiv1::__class_type_info const*, void const*, __cxxabiv1::__class_type_info const*, void const*, __cxxabiv1::__class_type_info::__dyncast_result&) const
 .text._ZNK10__cxxabiv120__si_class_type_info20__do_find_public_srcEiPKvPKNS_17__class_type_infoES2_
                0x001124c8       0x88 C:/devkitPro/devkitARM/bin/../lib/gcc/arm-none-eabi/13.2.0/../../../../arm-none-eabi/lib/armv6k/fpu\libstdc++.a(si_class_type_info.o)
                0x001124c8                __cxxabiv1::__si_class_type_info::__do_find_public_src(int, void const*, __cxxabiv1::__class_type_info const*, void const*) const
 .text._ZNK10__cxxabiv120__si_class_type_info11__do_upcastEPKNS_17__class_type_infoEPKvRNS1_15__upcast_resultE
                0x00112550       0x44 C:/devkitPro/devkitARM/bin/../lib/gcc/arm-none-eabi/13.2.0/../../../../arm-none-eabi/lib/armv6k/fpu\libstdc++.a(si_class_type_info.o)
                0x00112550                __cxxabiv1::__si_class_type_info::__do_upcast(__cxxabiv1::__class_type_info const*, void const*, __cxxabiv1::__class_type_info::__upcast_result&) const
 .text._ZNSt9type_infoD2Ev
                0x00112594        0x4 C:/devkitPro/devkitARM/bin/../lib/gcc/arm-none-eabi/13.2.0/../../../../arm-none-eabi/lib/armv6k/fpu\libstdc++.a(tinfo.o)
                0x00112594                std::type_info::~type_info()
                0x00112594                std::type_info::~type_info()
 .text._ZNKSt9type_info14__is_pointer_pEv
                0x00112598        0x8 C:/devkitPro/devkitARM/bin/../lib/gcc/arm-none-eabi/13.2.0/../../../../arm-none-eabi/lib/armv6k/fpu\libstdc++.a(tinfo.o)
                0x00112598                std::type_info::__is_pointer_p() const
                0x00112598                std::type_info::__is_function_p() const
 .text._ZNK10__cxxabiv117__class_type_info11__do_upcastEPKS0_PPv
                0x001125a0       0x5c C:/devkitPro/devkitARM/bin/../lib/gcc/arm-none-eabi/13.2.0/../../../../arm-none-eabi/lib/armv6k/fpu\libstdc++.a(class_type_info.o)
                0x001125a0                __cxxabiv1::__class_type_info::__do_upcast(__cxxabiv1::__class_type_info const*, void**) const
 .text._ZNK10__cxxabiv117__class_type_info20__do_find_public_srcEiPKvPKS0_S2_
                0x001125fc       0x14 C:/devkitPro/devkitARM/bin/../lib/gcc/arm-none-eabi/13.2.0/../../../../arm-none-eabi/lib/armv6k/fpu\libstdc++.a(class_type_info.o)
                0x001125fc                __cxxabiv1::__class_type_info::__do_find_public_src(int, void const*, __cxxabiv1::__class_type_info const*, void const*) const
 .text._ZN10__cxxabiv117__class_type_infoD2Ev
                0x00112610       0x20 C:/devkitPro/devkitARM/bin/../lib/gcc/arm-none-eabi/13.2.0/../../../../arm-none-eabi/lib/armv6k/fpu\libstdc++.a(class_type_info.o)
                0x00112610                __cxxabiv1::__class_type_info::~__class_type_info()
                0x00112610                __cxxabiv1::__class_type_info::~__class_type_info()
 .text._ZN10__cxxabiv117__class_type_infoD0Ev
                0x00112630       0x2c C:/devkitPro/devkitARM/bin/../lib/gcc/arm-none-eabi/13.2.0/../../../../arm-none-eabi/lib/armv6k/fpu\libstdc++.a(class_type_info.o)
                0x00112630                __cxxabiv1::__class_type_info::~__class_type_info()
 .text._ZNK10__cxxabiv117__class_type_info11__do_upcastEPKS0_PKvRNS0_15__upcast_resultE
                0x0011265c       0x64 C:/devkitPro/devkitARM/bin/../lib/gcc/arm-none-eabi/13.2.0/../../../../arm-none-eabi/lib/armv6k/fpu\libstdc++.a(class_type_info.o)
                0x0011265c                __cxxabiv1::__class_type_info::__do_upcast(__cxxabiv1::__class_type_info const*, void const*, __cxxabiv1::__class_type_info::__upcast_result&) const
 .text._ZNK10__cxxabiv117__class_type_info10__do_catchEPKSt9type_infoPPvj
                0x001126c0       0x7c C:/devkitPro/devkitARM/bin/../lib/gcc/arm-none-eabi/13.2.0/../../../../arm-none-eabi/lib/armv6k/fpu\libstdc++.a(class_type_info.o)
                0x001126c0                __cxxabiv1::__class_type_info::__do_catch(std::type_info const*, void**, unsigned int) const
 .text._ZNK10__cxxabiv117__class_type_info12__do_dyncastEiNS0_10__sub_kindEPKS0_PKvS3_S5_RNS0_16__dyncast_resultE
                0x0011273c       0xd4 C:/devkitPro/devkitARM/bin/../lib/gcc/arm-none-eabi/13.2.0/../../../../arm-none-eabi/lib/armv6k/fpu\libstdc++.a(class_type_info.o)
                0x0011273c                __cxxabiv1::__class_type_info::__do_dyncast(int, __cxxabiv1::__class_type_info::__sub_kind, __cxxabiv1::__class_type_info const*, void const*, __cxxabiv1::__class_type_info const*, void const*, __cxxabiv1::__class_type_info::__dyncast_result&) const
 .text.__cxa_end_cleanup
                0x00112810       0x10 C:/devkitPro/devkitARM/bin/../lib/gcc/arm-none-eabi/13.2.0/../../../../arm-none-eabi/lib/armv6k/fpu\libstdc++.a(eh_arm.o)
                0x00112810                __cxa_end_cleanup
 .text.__cxa_type_match
                0x00112820      0x134 C:/devkitPro/devkitARM/bin/../lib/gcc/arm-none-eabi/13.2.0/../../../../arm-none-eabi/lib/armv6k/fpu\libstdc++.a(eh_arm.o)
                0x00112820                __cxa_type_match
 .text.__cxa_begin_cleanup
                0x00112954       0xb4 C:/devkitPro/devkitARM/bin/../lib/gcc/arm-none-eabi/13.2.0/../../../../arm-none-eabi/lib/armv6k/fpu\libstdc++.a(eh_arm.o)
                0x00112954                __cxa_begin_cleanup
 .text.__gnu_end_cleanup
                0x00112a08       0xb4 C:/devkitPro/devkitARM/bin/../lib/gcc/arm-none-eabi/13.2.0/../../../../arm-none-eabi/lib/armv6k/fpu\libstdc++.a(eh_arm.o)
                0x00112a08                __gnu_end_cleanup
 .text._ZN10__cxxabiv1L24__is_gxx_exception_classEPc
                0x00112abc       0x70 C:/devkitPro/devkitARM/bin/../lib/gcc/arm-none-eabi/13.2.0/../../../../arm-none-eabi/lib/armv6k/fpu\libstdc++.a(eh_call.o)
 .text.__cxa_call_terminate
                0x00112b2c       0x2c C:/devkitPro/devkitARM/bin/../lib/gcc/arm-none-eabi/13.2.0/../../../../arm-none-eabi/lib/armv6k/fpu\libstdc++.a(eh_call.o)
                0x00112b2c                __cxa_call_terminate
 .text.unlikely.__cxa_call_unexpected
                0x00112b58      0x150 C:/devkitPro/devkitARM/bin/../lib/gcc/arm-none-eabi/13.2.0/../../../../arm-none-eabi/lib/armv6k/fpu\libstdc++.a(eh_call.o)
                0x00112b58                __cxa_call_unexpected
 .text.__cxa_begin_catch
                0x00112ca8       0xcc C:/devkitPro/devkitARM/bin/../lib/gcc/arm-none-eabi/13.2.0/../../../../arm-none-eabi/lib/armv6k/fpu\libstdc++.a(eh_catch.o)
                0x00112ca8                __cxa_begin_catch
 .text.__cxa_end_catch
                0x00112d74       0xe0 C:/devkitPro/devkitARM/bin/../lib/gcc/arm-none-eabi/13.2.0/../../../../arm-none-eabi/lib/armv6k/fpu\libstdc++.a(eh_catch.o)
                0x00112d74                __cxa_end_catch
 .text._ZL15eh_globals_dtorPv
                0x00112e54       0x3c C:/devkitPro/devkitARM/bin/../lib/gcc/arm-none-eabi/13.2.0/../../../../arm-none-eabi/lib/armv6k/fpu\libstdc++.a(eh_globals.o)
 .text.__cxa_get_globals_fast
                0x00112e90       0x38 C:/devkitPro/devkitARM/bin/../lib/gcc/arm-none-eabi/13.2.0/../../../../arm-none-eabi/lib/armv6k/fpu\libstdc++.a(eh_globals.o)
                0x00112e90                __cxa_get_globals_fast
 .text.__cxa_get_globals
                0x00112ec8       0x74 C:/devkitPro/devkitARM/bin/../lib/gcc/arm-none-eabi/13.2.0/../../../../arm-none-eabi/lib/armv6k/fpu\libstdc++.a(eh_globals.o)
                0x00112ec8                __cxa_get_globals
 .text.startup._GLOBAL__sub_I__ZN17__eh_globals_init7_S_initE
                0x00112f3c       0x40 C:/devkitPro/devkitARM/bin/../lib/gcc/arm-none-eabi/13.2.0/../../../../arm-none-eabi/lib/armv6k/fpu\libstdc++.a(eh_globals.o)
 .text.exit._GLOBAL__sub_D__ZN17__eh_globals_init7_S_initE
                0x00112f7c       0x34 C:/devkitPro/devkitARM/bin/../lib/gcc/arm-none-eabi/13.2.0/../../../../arm-none-eabi/lib/armv6k/fpu\libstdc++.a(eh_globals.o)
 .text.__udivmoddi4
                0x00112fb0      0x120 C:/devkitPro/devkitARM/bin/../lib/gcc/arm-none-eabi/13.2.0/armv6k/fpu\libgcc.a(_udivmoddi4.o)
                0x00112fb0                __udivmoddi4
 .text.selfrel_offset31
                0x001130d0       0x18 C:/devkitPro/devkitARM/bin/../lib/gcc/arm-none-eabi/13.2.0/armv6k/fpu\libgcc.a(unwind-arm.o)
 .text.search_EIT_table
                0x001130e8       0x90 C:/devkitPro/devkitARM/bin/../lib/gcc/arm-none-eabi/13.2.0/armv6k/fpu\libgcc.a(unwind-arm.o)
 .text.__gnu_unwind_get_pr_addr
                0x00113178       0x40 C:/devkitPro/devkitARM/bin/../lib/gcc/arm-none-eabi/13.2.0/armv6k/fpu\libgcc.a(unwind-arm.o)
 .text.get_eit_entry
                0x001131b8      0x10c C:/devkitPro/devkitARM/bin/../lib/gcc/arm-none-eabi/13.2.0/armv6k/fpu\libgcc.a(unwind-arm.o)
 .text.restore_non_core_regs
                0x001132c4       0x88 C:/devkitPro/devkitARM/bin/../lib/gcc/arm-none-eabi/13.2.0/armv6k/fpu\libgcc.a(unwind-arm.o)
 .text._Unwind_decode_typeinfo_ptr.constprop.0
                0x0011334c       0x14 C:/devkitPro/devkitARM/bin/../lib/gcc/arm-none-eabi/13.2.0/armv6k/fpu\libgcc.a(unwind-arm.o)
 .text._Unwind_DebugHook
                0x00113360        0x4 C:/devkitPro/devkitARM/bin/../lib/gcc/arm-none-eabi/13.2.0/armv6k/fpu\libgcc.a(unwind-arm.o)
 .text.unwind_phase2
                0x00113364       0x64 C:/devkitPro/devkitARM/bin/../lib/gcc/arm-none-eabi/13.2.0/armv6k/fpu\libgcc.a(unwind-arm.o)
 .text.unwind_phase2_forced
                0x001133c8      0x140 C:/devkitPro/devkitARM/bin/../lib/gcc/arm-none-eabi/13.2.0/armv6k/fpu\libgcc.a(unwind-arm.o)
 .text.__gnu_Unwind_RaiseException
                0x00113508       0xa4 C:/devkitPro/devkitARM/bin/../lib/gcc/arm-none-eabi/13.2.0/armv6k/fpu\libgcc.a(unwind-arm.o)
                0x00113508                __gnu_Unwind_RaiseException
 .text.__gnu_Unwind_ForcedUnwind
                0x001135ac       0x28 C:/devkitPro/devkitARM/bin/../lib/gcc/arm-none-eabi/13.2.0/armv6k/fpu\libgcc.a(unwind-arm.o)
                0x001135ac                __gnu_Unwind_ForcedUnwind
 .text.__gnu_Unwind_Resume
                0x001135d4       0x74 C:/devkitPro/devkitARM/bin/../lib/gcc/arm-none-eabi/13.2.0/armv6k/fpu\libgcc.a(unwind-arm.o)
                0x001135d4                __gnu_Unwind_Resume
 .text.__gnu_Unwind_Resume_or_Rethrow
                0x00113648       0x20 C:/devkitPro/devkitARM/bin/../lib/gcc/arm-none-eabi/13.2.0/armv6k/fpu\libgcc.a(unwind-arm.o)
                0x00113648                __gnu_Unwind_Resume_or_Rethrow
 .text._Unwind_Complete
                0x00113668        0x4 C:/devkitPro/devkitARM/bin/../lib/gcc/arm-none-eabi/13.2.0/armv6k/fpu\libgcc.a(unwind-arm.o)
                0x00113668                _Unwind_Complete
 .text._Unwind_DeleteException
                0x0011366c       0x18 C:/devkitPro/devkitARM/bin/../lib/gcc/arm-none-eabi/13.2.0/armv6k/fpu\libgcc.a(unwind-arm.o)
                0x0011366c                _Unwind_DeleteException
 .text._Unwind_VRS_Get
                0x00113684       0x6c C:/devkitPro/devkitARM/bin/../lib/gcc/arm-none-eabi/13.2.0/armv6k/fpu\libgcc.a(unwind-arm.o)
                0x00113684                _Unwind_VRS_Get
 .text._Unwind_GetGR
                0x001136f0       0x2c C:/devkitPro/devkitARM/bin/../lib/gcc/arm-none-eabi/13.2.0/armv6k/fpu\libgcc.a(unwind-arm.o)
 .text._Unwind_VRS_Set
                0x0011371c       0x6c C:/devkitPro/devkitARM/bin/../lib/gcc/arm-none-eabi/13.2.0/armv6k/fpu\libgcc.a(unwind-arm.o)
                0x0011371c                _Unwind_VRS_Set
 .text._Unwind_SetGR
                0x00113788       0x2c C:/devkitPro/devkitARM/bin/../lib/gcc/arm-none-eabi/13.2.0/armv6k/fpu\libgcc.a(unwind-arm.o)
 .text.__gnu_Unwind_Backtrace
                0x001137b4       0xc0 C:/devkitPro/devkitARM/bin/../lib/gcc/arm-none-eabi/13.2.0/armv6k/fpu\libgcc.a(unwind-arm.o)
                0x001137b4                __gnu_Unwind_Backtrace
 .text.__gnu_unwind_pr_common
                0x00113874      0x410 C:/devkitPro/devkitARM/bin/../lib/gcc/arm-none-eabi/13.2.0/armv6k/fpu\libgcc.a(unwind-arm.o)
 .text.__aeabi_unwind_cpp_pr0
                0x00113c84        0x8 C:/devkitPro/devkitARM/bin/../lib/gcc/arm-none-eabi/13.2.0/armv6k/fpu\libgcc.a(unwind-arm.o)
                0x00113c84                __aeabi_unwind_cpp_pr0
 .text.__aeabi_unwind_cpp_pr1
                0x00113c8c        0x8 C:/devkitPro/devkitARM/bin/../lib/gcc/arm-none-eabi/13.2.0/armv6k/fpu\libgcc.a(unwind-arm.o)
                0x00113c8c                __aeabi_unwind_cpp_pr1
 .text.__aeabi_unwind_cpp_pr2
                0x00113c94        0x8 C:/devkitPro/devkitARM/bin/../lib/gcc/arm-none-eabi/13.2.0/armv6k/fpu\libgcc.a(unwind-arm.o)
                0x00113c94                __aeabi_unwind_cpp_pr2
 .text._Unwind_VRS_Pop
                0x00113c9c      0x424 C:/devkitPro/devkitARM/bin/../lib/gcc/arm-none-eabi/13.2.0/armv6k/fpu\libgcc.a(unwind-arm.o)
                0x00113c9c                _Unwind_VRS_Pop
 .text.next_unwind_byte
                0x001140c0       0x64 C:/devkitPro/devkitARM/bin/../lib/gcc/arm-none-eabi/13.2.0/armv6k/fpu\libgcc.a(pr-support.o)
 .text._Unwind_GetGR.constprop.0
                0x00114124       0x2c C:/devkitPro/devkitARM/bin/../lib/gcc/arm-none-eabi/13.2.0/armv6k/fpu\libgcc.a(pr-support.o)
 .text.unwind_UCB_from_context
                0x00114150        0x4 C:/devkitPro/devkitARM/bin/../lib/gcc/arm-none-eabi/13.2.0/armv6k/fpu\libgcc.a(pr-support.o)
 .text.__gnu_unwind_execute
                0x00114154      0x464 C:/devkitPro/devkitARM/bin/../lib/gcc/arm-none-eabi/13.2.0/armv6k/fpu\libgcc.a(pr-support.o)
                0x00114154                __gnu_unwind_execute
 .text.__gnu_unwind_frame
                0x001145b8       0x48 C:/devkitPro/devkitARM/bin/../lib/gcc/arm-none-eabi/13.2.0/armv6k/fpu\libgcc.a(pr-support.o)
                0x001145b8                __gnu_unwind_frame
 .text._Unwind_GetRegionStart
                0x00114600       0x10 C:/devkitPro/devkitARM/bin/../lib/gcc/arm-none-eabi/13.2.0/armv6k/fpu\libgcc.a(pr-support.o)
                0x00114600                _Unwind_GetRegionStart
 .text._Unwind_GetLanguageSpecificData
                0x00114610       0x1c C:/devkitPro/devkitARM/bin/../lib/gcc/arm-none-eabi/13.2.0/armv6k/fpu\libgcc.a(pr-support.o)
                0x00114610                _Unwind_GetLanguageSpecificData
 .text.unlikely._Unwind_GetDataRelBase
                0x0011462c        0x8 C:/devkitPro/devkitARM/bin/../lib/gcc/arm-none-eabi/13.2.0/armv6k/fpu\libgcc.a(pr-support.o)
                0x0011462c                _Unwind_GetDataRelBase
 .text.unlikely._Unwind_GetTextRelBase
                0x00114634        0x8 C:/devkitPro/devkitARM/bin/../lib/gcc/arm-none-eabi/13.2.0/armv6k/fpu\libgcc.a(pr-support.o)
                0x00114634                _Unwind_GetTextRelBase
 .text.memalign
                0x0011463c       0x20 C:/devkitPro/devkitARM/bin/../lib/gcc/arm-none-eabi/13.2.0/../../../../arm-none-eabi/lib/armv6k/fpu\libg.a(libc_a-malign.o)
                0x0011463c                memalign
 .text._memalign_r
                0x0011465c      0x14c C:/devkitPro/devkitARM/bin/../lib/gcc/arm-none-eabi/13.2.0/../../../../arm-none-eabi/lib/armv6k/fpu\libg.a(libc_a-malignr.o)
                0x0011465c                _memalign_r
 .text.bsearch  0x001147a8       0x78 C:/devkitPro/devkitARM/bin/../lib/gcc/arm-none-eabi/13.2.0/../../../../arm-none-eabi/lib/armv6k/fpu\libg.a(libc_a-bsearch.o)
                0x001147a8                bsearch
 .text.abort    0x00114820       0x14 C:/devkitPro/devkitARM/bin/../lib/gcc/arm-none-eabi/13.2.0/../../../../arm-none-eabi/lib/armv6k/fpu\libg.a(libc_a-abort.o)
                0x00114820                abort
 .text.calloc   0x00114834       0x20 C:/devkitPro/devkitARM/bin/../lib/gcc/arm-none-eabi/13.2.0/../../../../arm-none-eabi/lib/armv6k/fpu\libg.a(libc_a-calloc.o)
                0x00114834                calloc
 .text._calloc_r
                0x00114854       0xc0 C:/devkitPro/devkitARM/bin/../lib/gcc/arm-none-eabi/13.2.0/../../../../arm-none-eabi/lib/armv6k/fpu\libg.a(libc_a-callocr.o)
                0x00114854                _calloc_r
 .text.__call_exitprocs
                0x00114914        0x4 C:/devkitPro/devkitARM/bin/../lib/gcc/arm-none-eabi/13.2.0/../../../../arm-none-eabi/lib/armv6k/fpu\libg.a(libc_a-exit.o)
                0x00114914                __call_exitprocs
 .text.exit     0x00114918       0x30 C:/devkitPro/devkitARM/bin/../lib/gcc/arm-none-eabi/13.2.0/../../../../arm-none-eabi/lib/armv6k/fpu\libg.a(libc_a-exit.o)
                0x00114918                exit
 .text._malloc_trim_r
                0x00114948       0xf8 C:/devkitPro/devkitARM/bin/../lib/gcc/arm-none-eabi/13.2.0/../../../../arm-none-eabi/lib/armv6k/fpu\libg.a(libc_a-freer.o)
                0x00114948                _malloc_trim_r
 .text._free_r  0x00114a40      0x2e8 C:/devkitPro/devkitARM/bin/../lib/gcc/arm-none-eabi/13.2.0/../../../../arm-none-eabi/lib/armv6k/fpu\libg.a(libc_a-freer.o)
                0x00114a40                _free_r
 .text.strchr   0x00114d28      0x130 C:/devkitPro/devkitARM/bin/../lib/gcc/arm-none-eabi/13.2.0/../../../../arm-none-eabi/lib/armv6k/fpu\libg.a(libc_a-strchr.o)
                0x00114d28                strchr
 .text.memcmp   0x00114e58       0xd8 C:/devkitPro/devkitARM/bin/../lib/gcc/arm-none-eabi/13.2.0/../../../../arm-none-eabi/lib/armv6k/fpu\libg.a(libc_a-memcmp.o)
                0x00114e58                memcmp
 .text._fclose_r
                0x00114f30      0x148 C:/devkitPro/devkitARM/bin/../lib/gcc/arm-none-eabi/13.2.0/../../../../arm-none-eabi/lib/armv6k/fpu\libg.a(libc_a-fclose.o)
                0x00114f30                _fclose_r
 .text.fclose   0x00115078       0x18 C:/devkitPro/devkitARM/bin/../lib/gcc/arm-none-eabi/13.2.0/../../../../arm-none-eabi/lib/armv6k/fpu\libg.a(libc_a-fclose.o)
                0x00115078                fclose
 .text.malloc   0x00115090       0x18 C:/devkitPro/devkitARM/bin/../lib/gcc/arm-none-eabi/13.2.0/../../../../arm-none-eabi/lib/armv6k/fpu\libg.a(libc_a-malloc.o)
                0x00115090                malloc
 .text.free     0x001150a8       0x18 C:/devkitPro/devkitARM/bin/../lib/gcc/arm-none-eabi/13.2.0/../../../../arm-none-eabi/lib/armv6k/fpu\libg.a(libc_a-malloc.o)
                0x001150a8                free
 .text._malloc_r
                0x001150c0      0x79c C:/devkitPro/devkitARM/bin/../lib/gcc/arm-none-eabi/13.2.0/../../../../arm-none-eabi/lib/armv6k/fpu\libg.a(libc_a-mallocr.o)
                0x001150c0                _malloc_r
 .text.getenv   0x0011585c       0x24 C:/devkitPro/devkitARM/bin/../lib/gcc/arm-none-eabi/13.2.0/../../../../arm-none-eabi/lib/armv6k/fpu\libg.a(libc_a-getenv.o)
                0x0011585c                getenv
 .text.memmove  0x00115880      0x150 C:/devkitPro/devkitARM/bin/../lib/gcc/arm-none-eabi/13.2.0/../../../../arm-none-eabi/lib/armv6k/fpu\libg.a(libc_a-memmove.o)
                0x00115880                memmove
 .text._findenv_r
                0x001159d0       0xc8 C:/devkitPro/devkitARM/bin/../lib/gcc/arm-none-eabi/13.2.0/../../../../arm-none-eabi/lib/armv6k/fpu\libg.a(libc_a-getenv_r.o)
                0x001159d0                _findenv_r