Archive member included to satisfy reference by file (symbol)

C:/devkitPro/libctru/lib\libcitro2d.a(base.o)
                              main.o (C2D_Init)
C:/devkitPro/libctru/lib\libcitro2d.a(render2d.shbin.o)
                              C:/devkitPro/libctru/lib\libcitro2d.a(base.o) (render2d_shbin)
C:/devkitPro/libctru/lib\libcitro3d.a(base.o)
                              main.o (C3D_Init)
C:/devkitPro/libctru/lib\libcitro3d.a(renderqueue.o)
                              C:/devkitPro/libctru/lib\libcitro3d.a(base.o) (C3Di_RenderQueueEnableVBlank)
C:/devkitPro/libctru/lib\libcitro3d.a(texture.o)
                              C:/devkitPro/libctru/lib\libcitro2d.a(base.o) (C3D_TexBind)
C:/devkitPro/libctru/lib\libcitro3d.a(framebuffer.o)
                              C:/devkitPro/libctru/lib\libcitro3d.a(renderqueue.o) (C3D_CalcColorBufSize)
C:/devkitPro/libctru/lib\libcitro3d.a(texenv.o)
                              C:/devkitPro/libctru/lib\libcitro2d.a(base.o) (C3D_GetTexEnv)
C:/devkitPro/libctru/lib\libcitro3d.a(drawElements.o)
                              C:/devkitPro/libctru/lib\libcitro2d.a(base.o) (C3D_DrawElements)
C:/devkitPro/libctru/lib\libcitro3d.a(proctex.o)
                              C:/devkitPro/libctru/lib\libcitro2d.a(base.o) (C3D_ProcTexInit)
C:/devkitPro/libctru/lib\libcitro3d.a(buffers.o)
                              C:/devkitPro/libctru/lib\libcitro2d.a(base.o) (BufInfo_Init)
C:/devkitPro/libctru/lib\libcitro3d.a(effect.o)
                              C:/devkitPro/libctru/lib\libcitro3d.a(base.o) (C3D_DepthMap)
C:/devkitPro/libctru/lib\libcitro3d.a(attribs.o)
                              C:/devkitPro/libctru/lib\libcitro2d.a(base.o) (AttrInfo_Init)
C:/devkitPro/libctru/lib\libcitro3d.a(immediate.o)
                              C:/devkitPro/libctru/lib\libcitro3d.a(base.o) (C3D_ImmSendAttrib)
C:/devkitPro/libctru/lib\libcitro3d.a(uniforms.o)
                              C:/devkitPro/libctru/lib\libcitro3d.a(base.o) (C3D_UpdateUniforms)
C:/devkitPro/libctru/lib\libcitro3d.a(mtx_ortho.o)
                              C:/devkitPro/libctru/lib\libcitro2d.a(base.o) (Mtx_Ortho)
C:/devkitPro/libctru/lib\libcitro3d.a(mtx_scale.o)
                              C:/devkitPro/libctru/lib\libcitro2d.a(base.o) (Mtx_Scale)
C:/devkitPro/libctru/lib\libcitro3d.a(mtx_multiply.o)
                              C:/devkitPro/libctru/lib\libcitro2d.a(base.o) (Mtx_Multiply)
C:/devkitPro/libctru/lib\libcitro3d.a(mtx_orthotilt.o)
                              C:/devkitPro/libctru/lib\libcitro2d.a(base.o) (Mtx_OrthoTilt)
C:/devkitPro/libctru/lib\libcitro3d.a(mtx_translate.o)
                              C:/devkitPro/libctru/lib\libcitro2d.a(base.o) (Mtx_Translate)
C:/devkitPro/libctru/lib\libcitro3d.a(mtx_rotatez.o)
                              C:/devkitPro/libctru/lib\libcitro2d.a(base.o) (Mtx_RotateZ)
C:/devkitPro/libctru/lib\libctru.a(linear.o)
                              C:/devkitPro/libctru/lib\libcitro2d.a(base.o) (linearAlloc)
C:/devkitPro/libctru/lib\libctru.a(mem_pool.o)
                              C:/devkitPro/libctru/lib\libctru.a(linear.o) (MemPool::Allocate(MemChunk&, unsigned long, int))
C:/devkitPro/libctru/lib\libctru.a(vram.o)
                              C:/devkitPro/libctru/lib\libcitro3d.a(renderqueue.o) (vramAlloc)
C:/devkitPro/libctru/lib\libctru.a(gfx.o)
                              C:/devkitPro/libctru/lib\libcitro2d.a(base.o) (gfxIsWide)
C:/devkitPro/libctru/lib\libctru.a(os.o)
                              C:/devkitPro/libctru/lib\libcitro3d.a(texture.o) (osConvertVirtToPhys)
C:/devkitPro/libctru/lib\libctru.a(romfs_dev.o)
                              main.o (romfsMountSelf)
C:/devkitPro/libctru/lib\libctru.a(gpu.o)
                              C:/devkitPro/libctru/lib\libcitro3d.a(base.o) (gpuCmdBufOffset)
C:/devkitPro/libctru/lib\libctru.a(gx.o)
                              C:/devkitPro/libctru/lib\libcitro3d.a(renderqueue.o) (GX_BindQueue)
C:/devkitPro/libctru/lib\libctru.a(gxqueue.o)
                              C:/devkitPro/libctru/lib\libcitro3d.a(renderqueue.o) (gxCmdQueueClear)
C:/devkitPro/libctru/lib\libctru.a(shaderProgram.o)
                              C:/devkitPro/libctru/lib\libcitro2d.a(base.o) (shaderInstanceGetUniformLocation)
C:/devkitPro/libctru/lib\libctru.a(shbin.o)
                              C:/devkitPro/libctru/lib\libcitro2d.a(base.o) (DVLB_ParseFile)
C:/devkitPro/libctru/lib\libctru.a(apt.o)
                              C:/devkitPro/libctru/lib\libcitro3d.a(base.o) (aptHook)
C:/devkitPro/libctru/lib\libctru.a(fs.o)
                              C:/devkitPro/libctru/lib\libctru.a(romfs_dev.o) (FSUSER_OpenFileDirectly)
C:/devkitPro/libctru/lib\libctru.a(gspgpu.o)
                              C:/devkitPro/libctru/lib\libctru.a(gfx.o) (gspInit)
C:/devkitPro/libctru/lib\libctru.a(hid.o)
                              main.o (hidScanInput)
C:/devkitPro/libctru/lib\libctru.a(irrst.o)
[...]
Memory Configuration

Name             Origin             Length             Attributes
*default*        0x00000000         0xffffffff

Linker script and memory map

                0x00100000                        PROVIDE (__start__ = 0x100000)
                0x00100000                        . = __start__

.text           0x00100000    0x18b6c
 *(.crt0)
 .crt0          0x00100000       0x94 C:/devkitPro/devkitARM/bin/../lib/gcc/arm-none-eabi/13.2.0/../../../../arm-none-eabi/lib/armv6k/fpu/3dsx_crt0.o
                0x00100000                _start
                0x00100008                __service_ptr
                0x0010000c                __apt_appid
                0x00100010                __heap_size
                0x00100014                __linear_heap_size
                0x00100018                __system_arglist
                0x0010001c                __system_runflags
 *(.init)
 .init          0x00100094        0xc C:/devkitPro/devkitARM/bin/../lib/gcc/arm-none-eabi/13.2.0/armv6k/fpu/crti.o
                0x00100094                _init
 .init          0x001000a0        0xc C:/devkitPro/devkitARM/bin/../lib/gcc/arm-none-eabi/13.2.0/armv6k/fpu/crtn.o
                0x001000ac                        . = ALIGN (0x4)
 *(.text)
 .text          0x001000ac      0x20c C:/devkitPro/devkitARM/bin/../lib/gcc/arm-none-eabi/13.2.0/armv6k/fpu\libgcc.a(_udivsi3.o)
                0x001000ac                __aeabi_uidiv
                0x001000ac                __udivsi3
                0x00100298                __aeabi_uidivmod
 .text          0x001002b8        0x4 C:/devkitPro/devkitARM/bin/../lib/gcc/arm-none-eabi/13.2.0/armv6k/fpu\libgcc.a(_dvmd_tls.o)
                0x001002b8                __aeabi_idiv0
                0x001002b8                __aeabi_ldiv0
 .text          0x001002bc       0xd4 C:/devkitPro/devkitARM/bin/../lib/gcc/arm-none-eabi/13.2.0/armv6k/fpu\libgcc.a(_aeabi_ldivmod.o)
                0x001002bc                __aeabi_ldivmod
 .text          0x00100390      0x1a8 C:/devkitPro/devkitARM/bin/../lib/gcc/arm-none-eabi/13.2.0/armv6k/fpu\libgcc.a(libunwind.o)
                0x00100390                __restore_core_regs
                0x00100390                restore_core_regs
                0x001003a4                __gnu_Unwind_Restore_VFP
                0x001003ac                __gnu_Unwind_Save_VFP
                0x001003b4                __gnu_Unwind_Restore_VFP_D
                0x001003bc                __gnu_Unwind_Save_VFP_D
                0x001003c4                __gnu_Unwind_Restore_VFP_D_16_to_31
                0x001003cc                __gnu_Unwind_Save_VFP_D_16_to_31
                0x001003d4                __gnu_Unwind_Restore_WMMXD
                0x00100418                __gnu_Unwind_Save_WMMXD
                0x0010045c                __gnu_Unwind_Restore_WMMXC
                0x00100470                __gnu_Unwind_Save_WMMXC
                0x00100484                ___Unwind_RaiseException
                0x00100484                _Unwind_RaiseException
                0x001004a8                _Unwind_Resume
                0x001004a8                ___Unwind_Resume
                0x001004cc                _Unwind_Resume_or_Rethrow
                0x001004cc                ___Unwind_Resume_or_Rethrow
                0x001004f0                _Unwind_ForcedUnwind
                0x001004f0                ___Unwind_ForcedUnwind
                0x00100514                ___Unwind_Backtrace
                0x00100514                _Unwind_Backtrace
 *fill*         0x00100538        0x8 
 .text          0x00100540      0x390 C:/devkitPro/devkitARM/bin/../lib/gcc/arm-none-eabi/13.2.0/../../../../arm-none-eabi/lib/armv6k/fpu\libg.a(libc_a-strcmp.o)
                0x00100548                strcmp
 *(.text.*)
 .text.__do_global_dtors_aux
                0x001008d0       0x40 C:/devkitPro/devkitARM/bin/../lib/gcc/arm-none-eabi/13.2.0/armv6k/fpu/crtbegin.o
 .text.frame_dummy
                0x00100910       0x2c C:/devkitPro/devkitARM/bin/../lib/gcc/arm-none-eabi/13.2.0/armv6k/fpu/crtbegin.o
 .text._ZN3Cpu8loadFontEv
                0x0010093c       0x4c cpu.o
                0x0010093c                Cpu::loadFont()
 .text._ZN3Cpu7loadROMEv
                0x00100988       0xb0 cpu.o
                0x00100988                Cpu::loadROM()
 .text._ZN3Cpu7OP_DxynEv
                0x00100a38       0xa8 cpu.o
                0x00100a38                Cpu::OP_Dxyn()
 .text._ZN3Cpu18executeInstructionEv
                0x00100ae0      0x6f8 cpu.o
                0x00100ae0                Cpu::executeInstruction()
 .text._ZN3Cpu5cycleEv
                0x001011d8       0xc0 cpu.o
                0x001011d8                Cpu::cycle()
 .text._ZNSt8_Rb_treeIiSt4pairIKihESt10_Select1stIS2_ESt4lessIiESaIS2_EE24_M_get_insert_unique_posERS1_.isra.0
                0x00101298       0xa0 keypad.o
 .text._ZNSt8_Rb_treeIiSt4pairIKihESt10_Select1stIS2_ESt4lessIiESaIS2_EE22_M_emplace_hint_uniqueIJRKSt21piecewise_construct_tSt5tupleIJRS1_EESD_IJEEEEESt17_Rb_tree_iteratorIS2_ESt23_Rb_tree_const_iteratorIS2_EDpOT_.isra.0
                0x00101338      0x180 keypad.o
 .text._ZN6Keypad11handleInputEv
                0x001014b8       0x18 keypad.o
                0x001014b8                Keypad::handleInput()
 .text._ZN6Keypad12isKeyPressedEi
                0x001014d0       0x9c keypad.o
                0x001014d0                Keypad::isKeyPressed(int)
 .text._ZN6Keypad14areKeysPressedEv
                0x0010156c       0x24 keypad.o
                0x0010156c                Keypad::areKeysPressed()
 .text._ZN6Keypad11getFirstKeyEv
                0x00101590       0x2c keypad.o
                0x00101590                Keypad::getFirstKey()
 .text._ZNSt8_Rb_treeIiSt4pairIKihESt10_Select1stIS2_ESt4lessIiESaIS2_EE24_M_get_insert_unique_posERS1_.isra.0
                0x001015bc       0xa0 main.o
 .text._ZNSt8_Rb_treeIiSt4pairIKihESt10_Select1stIS2_ESt4lessIiESaIS2_EE7_M_copyILb0ENS8_11_Alloc_nodeEEEPSt13_Rb_tree_nodeIS2_ESD_PSt18_Rb_tree_node_baseRT0_.isra.0
                0x0010165c       0xd4 main.o
 .text._ZNSt8_Rb_treeIiSt4pairIKihESt10_Select1stIS2_ESt4lessIiESaIS2_EE7_M_copyILb0ENS8_20_Reuse_or_alloc_nodeEEEPSt13_Rb_tree_nodeIS2_ESD_PSt18_Rb_tree_node_baseRT0_.isra.0
                0x00101730      0x200 main.o
 .text._ZNSt8_Rb_treeIiSt4pairIKihESt10_Select1stIS2_ESt4lessIiESaIS2_EE8_M_eraseEPSt13_Rb_tree_nodeIS2_E.isra.0
                0x00101930      0x144 main.o
 .text._ZN6KeypadC2Ev
                0x00101a74      0x108 main.o
                0x00101a74                Keypad::Keypad()
                0x00101a74                Keypad::Keypad()
 .text.startup.main
                0x00101b7c      0x480 main.o
                0x00101b7c                main
 .text._ZN7SpeakerC2Ev
                0x00101ffc        0x4 speaker.o
                0x00101ffc                Speaker::Speaker()
                0x00101ffc                Speaker::Speaker()
 .text._ZN11TopRenderer5clearEv
                0x00102000       0x10 top-renderer.o
                0x00102000                TopRenderer::clear()
 .text._ZN11TopRenderer8setPixelEii
                0x00102010       0x50 top-renderer.o
                0x00102010                TopRenderer::setPixel(int, int)
 .text._ZN11TopRenderer6renderEv
                0x00102060      0x16c top-renderer.o
                0x00102060                TopRenderer::render()
 .text.C2Di_FrameEndHook
                0x001021cc       0x44 C:/devkitPro/libctru/lib\libcitro2d.a(base.o)
 .text.C2D_Init
                0x00102210      0x36c C:/devkitPro/libctru/lib\libcitro2d.a(base.o)
                0x00102210                C2D_Init
 .text.C2D_Fini
                0x0010257c       0x4c C:/devkitPro/libctru/lib\libcitro2d.a(base.o)
                0x0010257c                C2D_Fini
 .text.C2D_Prepare
                0x001025c8       0xb8 C:/devkitPro/libctru/lib\libcitro2d.a(base.o)
                0x001025c8                C2D_Prepare
 .text.C2D_Flush
                0x00102680       0x48 C:/devkitPro/libctru/lib\libcitro2d.a(base.o)
                0x00102680                C2D_Flush
 .text.C2D_SceneSize
                0x001026c8      0x104 C:/devkitPro/libctru/lib\libcitro2d.a(base.o)
                0x001026c8                C2D_SceneSize
 .text.C2D_CreateScreenTarget
                0x001027cc       0x58 C:/devkitPro/libctru/lib\libcitro2d.a(base.o)
                0x001027cc                C2D_CreateScreenTarget
 .text.C2D_TargetClear
                0x00102824       0x64 C:/devkitPro/libctru/lib\libcitro2d.a(base.o)
                0x00102824                C2D_TargetClear
 .text.C2Di_AppendQuad
                0x00102888       0x58 C:/devkitPro/libctru/lib\libcitro2d.a(base.o)
                0x00102888                C2Di_AppendQuad
 .text.C2Di_Update
                0x001028e0      0x550 C:/devkitPro/libctru/lib\libcitro2d.a(base.o)
                0x001028e0                C2Di_Update
 .text.C2D_DrawRectangle
                0x00102e30      0x158 C:/devkitPro/libctru/lib\libcitro2d.a(base.o)
                0x00102e30                C2D_DrawRectangle
 .text.C3Di_LightEnvUpdate
                0x00102f88        0x4 C:/devkitPro/libctru/lib\libcitro3d.a(base.o)
                0x00102f88                C3Di_LightEnvUpdate
 .text.C3Di_LightEnvDirty
                0x00102f8c        0x4 C:/devkitPro/libctru/lib\libcitro3d.a(base.o)
                0x00102f8c                C3Di_LightEnvDirty
 .text.C3Di_AptEventHook
                0x00102f90       0xb4 C:/devkitPro/libctru/lib\libcitro3d.a(base.o)
 .text.C3Di_GasUpdate
                0x00103044        0x4 C:/devkitPro/libctru/lib\libcitro3d.a(base.o)
                0x00103044                C3Di_GasUpdate
 .text.C3D_Init
                0x00103048      0x1e0 C:/devkitPro/libctru/lib\libcitro3d.a(base.o)
                0x00103048                C3D_Init
 .text.C3D_SetViewport
                0x00103228       0x98 C:/devkitPro/libctru/lib\libcitro3d.a(base.o)
                0x00103228                C3D_SetViewport
 .text.C3Di_UpdateContext
                0x001032c0      0x4e8 C:/devkitPro/libctru/lib\libcitro3d.a(base.o)
                0x001032c0                C3Di_UpdateContext
 .text.C3Di_SplitFrame
                0x001037a8       0xe0 C:/devkitPro/libctru/lib\libcitro3d.a(base.o)
                0x001037a8                C3Di_SplitFrame
 .text.C3D_Fini
                0x00103888       0x44 C:/devkitPro/libctru/lib\libcitro3d.a(base.o)
                0x00103888                C3D_Fini
 .text.C3D_BindProgram
                0x001038cc      0x114 C:/devkitPro/libctru/lib\libcitro3d.a(base.o)
                0x001038cc                C3D_BindProgram
 .text.onVBlank0
                0x001039e0       0x4c C:/devkitPro/libctru/lib\libcitro3d.a(renderqueue.o)
 .text.onVBlank1
                0x00103a2c       0x4c C:/devkitPro/libctru/lib\libcitro3d.a(renderqueue.o)
 .text.C3Di_RenderTargetDestroy
                0x00103a78       0x80 C:/devkitPro/libctru/lib\libcitro3d.a(renderqueue.o)
 .text.onQueueFinish
                0x00103af8       0xf4 C:/devkitPro/libctru/lib\libcitro3d.a(renderqueue.o)
 .text.C3Di_RenderQueueEnableVBlank
                0x00103bec       0x38 C:/devkitPro/libctru/lib\libcitro3d.a(renderqueue.o)
                0x00103bec                C3Di_RenderQueueEnableVBlank
 .text.C3Di_RenderQueueDisableVBlank
                0x00103c24       0x30 C:/devkitPro/libctru/lib\libcitro3d.a(renderqueue.o)
                0x00103c24                C3Di_RenderQueueDisableVBlank
 .text.C3Di_RenderQueueInit
                0x00103c54       0x60 C:/devkitPro/libctru/lib\libcitro3d.a(renderqueue.o)
                0x00103c54                C3Di_RenderQueueInit
 .text.C3Di_RenderQueueExit
                0x00103cb4       0xb0 C:/devkitPro/libctru/lib\libcitro3d.a(renderqueue.o)
                0x00103cb4                C3Di_RenderQueueExit
 .text.C3Di_RenderQueueWaitDone
                0x00103d64       0x34 C:/devkitPro/libctru/lib\libcitro3d.a(renderqueue.o)
                0x00103d64                C3Di_RenderQueueWaitDone
 .text.C3D_FrameBegin
                0x00103d98       0xe4 C:/devkitPro/libctru/lib\libcitro3d.a(renderqueue.o)
                0x00103d98                C3D_FrameBegin
 .text.C3D_FrameDrawOn
                0x00103e7c       0x48 C:/devkitPro/libctru/lib\libcitro3d.a(renderqueue.o)
                0x00103e7c                C3D_FrameDrawOn
 .text.C3D_FrameSplit
                0x00103ec4       0x58 C:/devkitPro/libctru/lib\libcitro3d.a(renderqueue.o)
                0x00103ec4                C3D_FrameSplit
 .text.C3D_FrameEnd
                0x00103f1c      0x1d8 C:/devkitPro/libctru/lib\libcitro3d.a(renderqueue.o)
                0x00103f1c                C3D_FrameEnd
 .text.C3D_FrameEndHook
                0x001040f4       0x1c C:/devkitPro/libctru/lib\libcitro3d.a(renderqueue.o)
                0x001040f4                C3D_FrameEndHook
 .text.C3D_RenderTargetCreate
                0x00104110      0x184 C:/devkitPro/libctru/lib\libcitro3d.a(renderqueue.o)
                0x00104110                C3D_RenderTargetCreate
 .text.C3D_RenderTargetSetOutput
                0x00104294       0xa8 C:/devkitPro/libctru/lib\libcitro3d.a(renderqueue.o)
                0x00104294                C3D_RenderTargetSetOutput
 .text.C3D_TexBind
                0x0010433c       0x44 C:/devkitPro/libctru/lib\libcitro3d.a(texture.o)
                0x0010433c                C3D_TexBind
 .text.C3Di_SetTex
                0x00104380      0x16c C:/devkitPro/libctru/lib\libcitro3d.a(texture.o)
                0x00104380                C3Di_SetTex
 .text.C3D_CalcColorBufSize
                0x001044ec       0x1c C:/devkitPro/libctru/lib\libcitro3d.a(framebuffer.o)
                0x001044ec                C3D_CalcColorBufSize
 .text.C3D_CalcDepthBufSize
                0x00104508       0x1c C:/devkitPro/libctru/lib\libcitro3d.a(framebuffer.o)
                0x00104508                C3D_CalcDepthBufSize
 .text.C3D_SetFrameBuf
                0x00104524       0x44 C:/devkitPro/libctru/lib\libcitro3d.a(framebuffer.o)
                0x00104524                C3D_SetFrameBuf
 .text.C3Di_FrameBufBind
                0x00104568      0x16c C:/devkitPro/libctru/lib\libcitro3d.a(framebuffer.o)
                0x00104568                C3Di_FrameBufBind
 .text.C3D_FrameBufClear
                0x001046d4       0xc8 C:/devkitPro/libctru/lib\libcitro3d.a(framebuffer.o)
                0x001046d4                C3D_FrameBufClear
 .text.C3D_FrameBufTransfer
                0x0010479c       0x44 C:/devkitPro/libctru/lib\libcitro3d.a(framebuffer.o)
                0x0010479c                C3D_FrameBufTransfer
 .text.C3D_GetTexEnv
                0x001047e0       0x34 C:/devkitPro/libctru/lib\libcitro3d.a(texenv.o)
                0x001047e0                C3D_GetTexEnv
 .text.C3Di_TexEnvBind
                0x00104814       0x24 C:/devkitPro/libctru/lib\libcitro3d.a(texenv.o)
                0x00104814                C3Di_TexEnvBind
 .text.C3D_DrawElements
                0x00104838      0x218 C:/devkitPro/libctru/lib\libcitro3d.a(drawElements.o)
                0x00104838                C3D_DrawElements
 .text.C3D_ProcTexInit
                0x00104a50       0x70 C:/devkitPro/libctru/lib\libcitro3d.a(proctex.o)
                0x00104a50                C3D_ProcTexInit
 .text.C3D_ProcTexBind
                0x00104ac0       0x54 C:/devkitPro/libctru/lib\libcitro3d.a(proctex.o)
                0x00104ac0                C3D_ProcTexBind
 .text.C3D_ProcTexLutBind
                0x00104b14       0x5c C:/devkitPro/libctru/lib\libcitro3d.a(proctex.o)
                0x00104b14                C3D_ProcTexLutBind
 .text.ProcTexLut_FromArray
                0x00104b70       0xa4 C:/devkitPro/libctru/lib\libcitro3d.a(proctex.o)
                0x00104b70                ProcTexLut_FromArray
 .text.C3Di_ProcTexUpdate
                0x00104c14      0x17c C:/devkitPro/libctru/lib\libcitro3d.a(proctex.o)
                0x00104c14                C3Di_ProcTexUpdate
 .text.C3Di_ProcTexDirty
                0x00104d90       0x68 C:/devkitPro/libctru/lib\libcitro3d.a(proctex.o)
                0x00104d90                C3Di_ProcTexDirty
 .text.BufInfo_Init
                0x00104df8       0x24 C:/devkitPro/libctru/lib\libcitro3d.a(buffers.o)
                0x00104df8                BufInfo_Init
 .text.BufInfo_Add
                0x00104e1c       0x80 C:/devkitPro/libctru/lib\libcitro3d.a(buffers.o)
                0x00104e1c                BufInfo_Add
 .text.C3D_SetBufInfo
                0x00104e9c       0x40 C:/devkitPro/libctru/lib\libcitro3d.a(buffers.o)
                0x00104e9c                C3D_SetBufInfo
 .text.C3Di_BufInfoBind
                0x00104edc       0x48 C:/devkitPro/libctru/lib\libcitro3d.a(buffers.o)
                0x00104edc                C3Di_BufInfoBind
 .text.C3D_DepthMap
                0x00104f24       0x40 C:/devkitPro/libctru/lib\libcitro3d.a(effect.o)
                0x00104f24                C3D_DepthMap
 .text.C3D_CullFace
                0x00104f64       0x1c C:/devkitPro/libctru/lib\libcitro3d.a(effect.o)
                0x00104f64                C3D_CullFace
 .text.C3D_StencilTest
                0x00104f80       0x40 C:/devkitPro/libctru/lib\libcitro3d.a(effect.o)
                0x00104f80                C3D_StencilTest
 .text.C3D_StencilOp
                0x00104fc0       0x24 C:/devkitPro/libctru/lib\libcitro3d.a(effect.o)
                0x00104fc0                C3D_StencilOp
 .text.C3D_BlendingColor
                0x00104fe4       0x1c C:/devkitPro/libctru/lib\libcitro3d.a(effect.o)
                0x00104fe4                C3D_BlendingColor
 .text.C3D_EarlyDepthTest
                0x00105000       0x24 C:/devkitPro/libctru/lib\libcitro3d.a(effect.o)
                0x00105000                C3D_EarlyDepthTest
 .text.C3D_DepthTest
                0x00105024       0x2c C:/devkitPro/libctru/lib\libcitro3d.a(effect.o)
                0x00105024                C3D_DepthTest
 .text.C3D_AlphaTest
                0x00105050       0x2c C:/devkitPro/libctru/lib\libcitro3d.a(effect.o)
                0x00105050                C3D_AlphaTest
 .text.C3D_AlphaBlend
                0x0010507c       0x50 C:/devkitPro/libctru/lib\libcitro3d.a(effect.o)
                0x0010507c                C3D_AlphaBlend
 .text.C3D_FragOpMode
                0x001050cc       0x30 C:/devkitPro/libctru/lib\libcitro3d.a(effect.o)
                0x001050cc                C3D_FragOpMode
 .text.C3D_FragOpShadow
                0x001050fc       0x44 C:/devkitPro/libctru/lib\libcitro3d.a(effect.o)
                0x001050fc                C3D_FragOpShadow
 .text.C3Di_EffectBind
                0x00105140      0x1ac C:/devkitPro/libctru/lib\libcitro3d.a(effect.o)
                0x00105140                C3Di_EffectBind
 .text.AttrInfo_Init
                0x001052ec       0x28 C:/devkitPro/libctru/lib\libcitro3d.a(attribs.o)
                0x001052ec                AttrInfo_Init
 .text.AttrInfo_AddLoader
                0x00105314       0x94 C:/devkitPro/libctru/lib\libcitro3d.a(attribs.o)
                0x00105314                AttrInfo_AddLoader
 .text.C3D_SetAttrInfo
                0x001053a8       0x54 C:/devkitPro/libctru/lib\libcitro3d.a(attribs.o)
                0x001053a8                C3D_SetAttrInfo
 .text.C3Di_AttrInfoBind
                0x001053fc       0x80 C:/devkitPro/libctru/lib\libcitro3d.a(attribs.o)
                0x001053fc                C3Di_AttrInfoBind
 .text.C3D_ImmSendAttrib
                0x0010547c       0xa8 C:/devkitPro/libctru/lib\libcitro3d.a(immediate.o)
                0x0010547c                C3D_ImmSendAttrib
 .text.C3D_UpdateUniforms
                0x00105524      0x280 C:/devkitPro/libctru/lib\libcitro3d.a(uniforms.o)
                0x00105524                C3D_UpdateUniforms
 .text.C3Di_DirtyUniforms
                0x001057a4       0xc0 C:/devkitPro/libctru/lib\libcitro3d.a(uniforms.o)
                0x001057a4                C3Di_DirtyUniforms
 .text.C3Di_LoadShaderUniforms
                0x00105864       0xd8 C:/devkitPro/libctru/lib\libcitro3d.a(uniforms.o)
                0x00105864                C3Di_LoadShaderUniforms
 .text.C3Di_ClearShaderUniforms
                0x0010593c       0x28 C:/devkitPro/libctru/lib\libcitro3d.a(uniforms.o)
                0x0010593c                C3Di_ClearShaderUniforms
 .text.Mtx_Ortho
                0x00105964       0xcc C:/devkitPro/libctru/lib\libcitro3d.a(mtx_ortho.o)
                0x00105964                Mtx_Ortho
 .text.Mtx_OrthoTilt
                0x00105a30       0xcc C:/devkitPro/libctru/lib\libcitro3d.a(mtx_orthotilt.o)
                0x00105a30                Mtx_OrthoTilt
 .text._ZL21addrMapNodeComparatorPK11rbtree_nodeS1_
                0x00105afc       0x24 C:/devkitPro/libctru/lib\libctru.a(linear.o)
 .text._ZL21addrMapNodeDestructorP11rbtree_node
                0x00105b20        0x4 C:/devkitPro/libctru/lib\libctru.a(linear.o)
 .text.linearMemAlign
                0x00105b24      0x120 C:/devkitPro/libctru/lib\libctru.a(linear.o)
                0x00105b24                linearMemAlign
 .text.linearAlloc
                0x00105c44        0x8 C:/devkitPro/libctru/lib\libctru.a(linear.o)
                0x00105c44                linearAlloc
 .text.linearFree
                0x00105c4c       0x5c C:/devkitPro/libctru/lib\libctru.a(linear.o)
                0x00105c4c                linearFree
 .text._ZN7MemPool13CoalesceRightEP8MemBlock
                0x00105ca8       0x80 C:/devkitPro/libctru/lib\libctru.a(mem_pool.o)
                0x00105ca8                MemPool::CoalesceRight(MemBlock*)
 .text._ZN7MemPool8AllocateER8MemChunkmi
                0x00105d28      0x16c C:/devkitPro/libctru/lib\libctru.a(mem_pool.o)
                0x00105d28                MemPool::Allocate(MemChunk&, unsigned long, int)
 .text._ZN7MemPool10DeallocateERK8MemChunk
                0x00105e94       0xfc C:/devkitPro/libctru/lib\libctru.a(mem_pool.o)
                0x00105e94                MemPool::Deallocate(MemChunk const&)
 .text._ZN7MemPool12GetFreeSpaceEv
                0x00105f90       0x30 C:/devkitPro/libctru/lib\libctru.a(mem_pool.o)
                0x00105f90                MemPool::GetFreeSpace()
 .text._ZL21addrMapNodeComparatorPK11rbtree_nodeS1_
                0x00105fc0       0x24 C:/devkitPro/libctru/lib\libctru.a(vram.o)
 .text._ZL21addrMapNodeDestructorP11rbtree_node
                0x00105fe4        0x4 C:/devkitPro/libctru/lib\libctru.a(vram.o)
 .text.vramMemAlignAt
                0x00105fe8      0x24c C:/devkitPro/libctru/lib\libctru.a(vram.o)
                0x00105fe8                vramMemAlignAt
 .text.vramAlloc
                0x00106234        0xc C:/devkitPro/libctru/lib\libctru.a(vram.o)
                0x00106234                vramAlloc
 .text.vramAllocAt
                0x00106240        0xc C:/devkitPro/libctru/lib\libctru.a(vram.o)
                0x00106240                vramAllocAt
 .text.vramFree
                0x0010624c       0x90 C:/devkitPro/libctru/lib\libctru.a(vram.o)
                0x0010624c                vramFree
 .text.gfxPresentFramebuffer
                0x001062dc       0xd0 C:/devkitPro/libctru/lib\libctru.a(gfx.o)
 .text.gfxIsWide
                0x001063ac       0x1c C:/devkitPro/libctru/lib\libctru.a(gfx.o)
                0x001063ac                gfxIsWide
 .text.gfxSetScreenFormat
                0x001063c8       0xec C:/devkitPro/libctru/lib\libctru.a(gfx.o)
                0x001063c8                gfxSetScreenFormat
 .text.gfxInit  0x001064b4       0xe0 C:/devkitPro/libctru/lib\libctru.a(gfx.o)
                0x001064b4                gfxInit
 .text.gfxInitDefault
                0x00106594       0x10 C:/devkitPro/libctru/lib\libctru.a(gfx.o)
                0x00106594                gfxInitDefault
 .text.gfxExit  0x001065a4       0xb4 C:/devkitPro/libctru/lib\libctru.a(gfx.o)
                0x001065a4                gfxExit
 .text.gfxGetFramebuffer
                0x00106658       0xa0 C:/devkitPro/libctru/lib\libctru.a(gfx.o)
                0x00106658                gfxGetFramebuffer
 .text.gfxScreenSwapBuffers
                0x001066f8       0x30 C:/devkitPro/libctru/lib\libctru.a(gfx.o)
                0x001066f8                gfxScreenSwapBuffers
 .text.osConvertVirtToPhys
                0x00106728       0x74 C:/devkitPro/libctru/lib\libctru.a(os.o)
                0x00106728                osConvertVirtToPhys
 .text.osGetTimeRef
                0x0010679c       0x54 C:/devkitPro/libctru/lib\libctru.a(os.o)
                0x0010679c                osGetTimeRef
 .text.osGetTime
                0x001067f0       0xec C:/devkitPro/libctru/lib\libctru.a(os.o)
                0x001067f0                osGetTime
 .text.__ctru_speedup_config
                0x001068dc       0x34 C:/devkitPro/libctru/lib\libctru.a(os.o)
                0x001068dc                __ctru_speedup_config
 .text.romfs_close
                0x00106910        0x8 C:/devkitPro/libctru/lib\libctru.a(romfs_dev.o)
 .text.romfs_seek
                0x00106918       0xc4 C:/devkitPro/libctru/lib\libctru.a(romfs_dev.o)
 .text.romfs_dirreset
                0x001069dc       0x24 C:/devkitPro/libctru/lib\libctru.a(romfs_dev.o)
 .text.fill_dir
                0x00106a00       0xc8 C:/devkitPro/libctru/lib\libctru.a(romfs_dev.o)
 .text.romfs_dirnext
                0x00106ac8      0x2a8 C:/devkitPro/libctru/lib\libctru.a(romfs_dev.o)
 .text.romfs_free
                0x00106d70       0x84 C:/devkitPro/libctru/lib\libctru.a(romfs_dev.o)
 .text.searchForFile.constprop.0
                0x00106df4       0xd4 C:/devkitPro/libctru/lib\libctru.a(romfs_dev.o)
 .text.searchForDir.constprop.0
                0x00106ec8       0xd8 C:/devkitPro/libctru/lib\libctru.a(romfs_dev.o)
 .text.navigateToDir.constprop.0
                0x00106fa0      0x1c0 C:/devkitPro/libctru/lib\libctru.a(romfs_dev.o)
 .text.romfs_open
                0x00107160      0x10c C:/devkitPro/libctru/lib\libctru.a(romfs_dev.o)
 .text.romfs_chdir
                0x0010726c       0x4c C:/devkitPro/libctru/lib\libctru.a(romfs_dev.o)
 .text.romfs_diropen
                0x001072b8       0x70 C:/devkitPro/libctru/lib\libctru.a(romfs_dev.o)
 .text.romfs_stat
                0x00107328      0x174 C:/devkitPro/libctru/lib\libctru.a(romfs_dev.o)
 .text.romfs_dirclose
                0x0010749c        0x8 C:/devkitPro/libctru/lib\libctru.a(romfs_dev.o)
 *fill*         0x001074a4        0x4 
 .text.romfs_fstat
                0x001074a8       0x84 C:/devkitPro/libctru/lib\libctru.a(romfs_dev.o)
 .text.romfs_read
                0x0010752c       0xd0 C:/devkitPro/libctru/lib\libctru.a(romfs_dev.o)
 .text.romfsMountFromFile
                0x001075fc      0x28c C:/devkitPro/libctru/lib\libctru.a(romfs_dev.o)
                0x001075fc                romfsMountFromFile
 .text.romfsMountFromCurrentProcess
                0x00107888       0x98 C:/devkitPro/libctru/lib\libctru.a(romfs_dev.o)
                0x00107888                romfsMountFromCurrentProcess
 .text.romfsMountSelf
                0x00107920      0x260 C:/devkitPro/libctru/lib\libctru.a(romfs_dev.o)
                0x00107920                romfsMountSelf
 .text.GPUCMD_Add
                0x00107b80      0x13c C:/devkitPro/libctru/lib\libctru.a(gpu.o)
                0x00107b80                GPUCMD_Add
 .text.GPUCMD_Split
                0x00107cbc       0xb0 C:/devkitPro/libctru/lib\libctru.a(gpu.o)
                0x00107cbc                GPUCMD_Split
 .text.f32tof16
                0x00107d6c       0x34 C:/devkitPro/libctru/lib\libctru.a(gpu.o)
                0x00107d6c                f32tof16
 .text.f32tof24
                0x00107da0       0x34 C:/devkitPro/libctru/lib\libctru.a(gpu.o)
                0x00107da0                f32tof24
 .text.f32tof31
                0x00107dd4       0x38 C:/devkitPro/libctru/lib\libctru.a(gpu.o)
                0x00107dd4                f32tof31
 .text.GX_BindQueue
                0x00107e0c       0x10 C:/devkitPro/libctru/lib\libctru.a(gx.o)
                0x00107e0c                GX_BindQueue
 .text.GX_ProcessCommandList
                0x00107e1c       0x78 C:/devkitPro/libctru/lib\libctru.a(gx.o)
                0x00107e1c                GX_ProcessCommandList
 .text.GX_MemoryFill
                0x00107e94       0x74 C:/devkitPro/libctru/lib\libctru.a(gx.o)
                0x00107e94                GX_MemoryFill
 .text.GX_DisplayTransfer
                0x00107f08       0x70 C:/devkitPro/libctru/lib\libctru.a(gx.o)
                0x00107f08                GX_DisplayTransfer
 .text.gxCmdQueueDoCommands.part.0
                0x00107f78       0x68 C:/devkitPro/libctru/lib\libctru.a(gxqueue.o)
 .text.gxCmdQueueInterrupt
                0x00107fe0       0xc8 C:/devkitPro/libctru/lib\libctru.a(gxqueue.o)
                0x00107fe0                gxCmdQueueInterrupt
 .text.gxCmdQueueClear
                0x001080a8       0x4c C:/devkitPro/libctru/lib\libctru.a(gxqueue.o)
                0x001080a8                gxCmdQueueClear
 .text.gxCmdQueueAdd
                0x001080f4       0xf8 C:/devkitPro/libctru/lib\libctru.a(gxqueue.o)
                0x001080f4                gxCmdQueueAdd
 .text.gxCmdQueueRun
                0x001081ec       0x80 C:/devkitPro/libctru/lib\libctru.a(gxqueue.o)
                0x001081ec                gxCmdQueueRun
 .text.gxCmdQueueStop
                0x0010826c       0x60 C:/devkitPro/libctru/lib\libctru.a(gxqueue.o)
                0x0010826c                gxCmdQueueStop
 .text.gxCmdQueueWait
                0x001082cc       0x8c C:/devkitPro/libctru/lib\libctru.a(gxqueue.o)
                0x001082cc                gxCmdQueueWait
 .text.shaderInstanceInit
                0x00108358      0x1d0 C:/devkitPro/libctru/lib\libctru.a(shaderProgram.o)
                0x00108358                shaderInstanceInit
 .text.shaderInstanceGetUniformLocation
                0x00108528       0x18 C:/devkitPro/libctru/lib\libctru.a(shaderProgram.o)
                0x00108528                shaderInstanceGetUniformLocation
 .text.shaderProgramInit
                0x00108540       0x1c C:/devkitPro/libctru/lib\libctru.a(shaderProgram.o)
                0x00108540                shaderProgramInit
 .text.shaderProgramFree
                0x0010855c       0x64 C:/devkitPro/libctru/lib\libctru.a(shaderProgram.o)
                0x0010855c                shaderProgramFree
 .text.shaderProgramSetVsh
                0x001085c0       0x80 C:/devkitPro/libctru/lib\libctru.a(shaderProgram.o)
                0x001085c0                shaderProgramSetVsh
 .text.shaderProgramConfigure
                0x00108640      0x8e0 C:/devkitPro/libctru/lib\libctru.a(shaderProgram.o)
                0x00108640                shaderProgramConfigure
 .text.DVLE_GenerateOutmap.part.0
                0x00108f20      0x1cc C:/devkitPro/libctru/lib\libctru.a(shbin.o)
 .text.DVLB_ParseFile
                0x001090ec      0x1b4 C:/devkitPro/libctru/lib\libctru.a(shbin.o)
                0x001090ec                DVLB_ParseFile
 .text.DVLB_Free
                0x001092a0       0x38 C:/devkitPro/libctru/lib\libctru.a(shbin.o)
                0x001092a0                DVLB_Free
 .text.DVLE_GetUniformRegister
                0x001092d8       0x74 C:/devkitPro/libctru/lib\libctru.a(shbin.o)
                0x001092d8                DVLE_GetUniformRegister
 .text.aptConvertScreenForCapture
                0x0010934c      0x1ac C:/devkitPro/libctru/lib\libctru.a(apt.o)
 .text.aptDspSleep
                0x001094f8        0x8 C:/devkitPro/libctru/lib\libctru.a(apt.o)
                0x001094f8                aptDspSleep
 .text.aptDspWakeup
                0x00109500        0x4 C:/devkitPro/libctru/lib\libctru.a(apt.o)
                0x00109500                aptDspWakeup
 .text.aptDspCancel
                0x00109504        0x4 C:/devkitPro/libctru/lib\libctru.a(apt.o)
                0x00109504                aptDspCancel
 .text.aptSendCommand
                0x00109508      0x158 C:/devkitPro/libctru/lib\libctru.a(apt.o)
                0x00109508                aptSendCommand
 .text.aptExitProcess
                0x00109660       0x44 C:/devkitPro/libctru/lib\libctru.a(apt.o)
 .text.aptExit  0x001096a4      0x38c C:/devkitPro/libctru/lib\libctru.a(apt.o)
                0x001096a4                aptExit
 .text.aptHandleSleep
                0x00109a30       0xe0 C:/devkitPro/libctru/lib\libctru.a(apt.o)
                0x00109a30                aptHandleSleep
 .text.aptHook  0x00109b10       0x30 C:/devkitPro/libctru/lib\libctru.a(apt.o)
                0x00109b10                aptHook
 .text.aptUnhook
                0x00109b40       0x30 C:/devkitPro/libctru/lib\libctru.a(apt.o)
                0x00109b40                aptUnhook
 .text.APT_SleepIfShellClosed
                0x00109b70       0x84 C:/devkitPro/libctru/lib\libctru.a(apt.o)
                0x00109b70                APT_SleepIfShellClosed
 .text.aptSetSleepAllowed
                0x00109bf4       0x84 C:/devkitPro/libctru/lib\libctru.a(apt.o)
                0x00109bf4                aptSetSleepAllowed
 .text.APT_UnlockTransition
                0x00109c78       0x84 C:/devkitPro/libctru/lib\libctru.a(apt.o)
                0x00109c78                APT_UnlockTransition
 *fill*         0x00109cfc        0x4 
 .text.aptEventHandler
                0x00109d00      0x4a4 C:/devkitPro/libctru/lib\libctru.a(apt.o)
 .text.APT_ReceiveParameter
                0x0010a1a4       0xb0 C:/devkitPro/libctru/lib\libctru.a(apt.o)
                0x0010a1a4                APT_ReceiveParameter
 .text.aptReceiveParameter.constprop.0
                0x0010a254       0xac C:/devkitPro/libctru/lib\libctru.a(apt.o)
 .text.aptScreenTransfer
                0x0010a300      0x2ac C:/devkitPro/libctru/lib\libctru.a(apt.o)
 .text.aptWaitForWakeUp.isra.0
                0x0010a5ac      0x320 C:/devkitPro/libctru/lib\libctru.a(apt.o)
 .text.aptJumpToHomeMenu
                0x0010a8cc       0xf8 C:/devkitPro/libctru/lib\libctru.a(apt.o)
                0x0010a8cc                aptJumpToHomeMenu
 .text.aptMainLoop
                0x0010a9c4       0x48 C:/devkitPro/libctru/lib\libctru.a(apt.o)
                0x0010a9c4                aptMainLoop
 .text.aptInit  0x0010aa0c      0x22c C:/devkitPro/libctru/lib\libctru.a(apt.o)
                0x0010aa0c                aptInit
 .text.APT_CheckNew3DS
                0x0010ac38       0x7c C:/devkitPro/libctru/lib\libctru.a(apt.o)
                0x0010ac38                APT_CheckNew3DS
 .text.fsInit   0x0010acb4       0xcc C:/devkitPro/libctru/lib\libctru.a(fs.o)
                0x0010acb4                fsInit
 .text.fsExit   0x0010ad80       0x3c C:/devkitPro/libctru/lib\libctru.a(fs.o)
                0x0010ad80                fsExit
 .text.fsExemptFromSession
                0x0010adbc       0x60 C:/devkitPro/libctru/lib\libctru.a(fs.o)
                0x0010adbc                fsExemptFromSession
 .text.fsUnexemptFromSession
                0x0010ae1c       0x50 C:/devkitPro/libctru/lib\libctru.a(fs.o)
                0x0010ae1c                fsUnexemptFromSession
 .text.FSUSER_OpenFile
                0x0010ae6c       0xcc C:/devkitPro/libctru/lib\libctru.a(fs.o)
                0x0010ae6c                FSUSER_OpenFile
 .text.FSUSER_OpenFileDirectly
                0x0010af38       0xd4 C:/devkitPro/libctru/lib\libctru.a(fs.o)
                0x0010af38                FSUSER_OpenFileDirectly
 .text.FSUSER_DeleteFile
                0x0010b00c       0xbc C:/devkitPro/libctru/lib\libctru.a(fs.o)
                0x0010b00c                FSUSER_DeleteFile
 .text.FSUSER_RenameFile
                0x0010b0c8       0xf8 C:/devkitPro/libctru/lib\libctru.a(fs.o)
                0x0010b0c8                FSUSER_RenameFile
 .text.FSUSER_DeleteDirectory
                0x0010b1c0       0xbc C:/devkitPro/libctru/lib\libctru.a(fs.o)
                0x0010b1c0                FSUSER_DeleteDirectory
 .text.FSUSER_CreateFile
                0x0010b27c       0xd4 C:/devkitPro/libctru/lib\libctru.a(fs.o)
                0x0010b27c                FSUSER_CreateFile
 .text.FSUSER_CreateDirectory
                0x0010b350       0xc4 C:/devkitPro/libctru/lib\libctru.a(fs.o)
                0x0010b350                FSUSER_CreateDirectory
 .text.FSUSER_RenameDirectory
                0x0010b414       0xf8 C:/devkitPro/libctru/lib\libctru.a(fs.o)
                0x0010b414                FSUSER_RenameDirectory
 .text.FSUSER_OpenDirectory
                0x0010b50c       0xb4 C:/devkitPro/libctru/lib\libctru.a(fs.o)
                0x0010b50c                FSUSER_OpenDirectory
 .text.FSUSER_OpenArchive
                0x0010b5c0       0x94 C:/devkitPro/libctru/lib\libctru.a(fs.o)
                0x0010b5c0                FSUSER_OpenArchive
 .text.FSUSER_CloseArchive
                0x0010b654       0x8c C:/devkitPro/libctru/lib\libctru.a(fs.o)
                0x0010b654                FSUSER_CloseArchive
 .text.FSUSER_GetSdmcArchiveResource
                0x0010b6e0       0x74 C:/devkitPro/libctru/lib\libctru.a(fs.o)
                0x0010b6e0                FSUSER_GetSdmcArchiveResource
 .text.FSUSER_IsSdmcWritable
                0x0010b754       0x64 C:/devkitPro/libctru/lib\libctru.a(fs.o)
                0x0010b754                FSUSER_IsSdmcWritable
 .text.FSFILE_Read
                0x0010b7b8       0x58 C:/devkitPro/libctru/lib\libctru.a(fs.o)
                0x0010b7b8                FSFILE_Read
 .text.FSFILE_Write
                0x0010b810       0x60 C:/devkitPro/libctru/lib\libctru.a(fs.o)
                0x0010b810                FSFILE_Write
 .text.FSFILE_GetSize
                0x0010b870       0x38 C:/devkitPro/libctru/lib\libctru.a(fs.o)
                0x0010b870                FSFILE_GetSize
 .text.FSFILE_SetSize
                0x0010b8a8       0x28 C:/devkitPro/libctru/lib\libctru.a(fs.o)
                0x0010b8a8                FSFILE_SetSize
 .text.FSFILE_Close
                0x0010b8d0       0x3c C:/devkitPro/libctru/lib\libctru.a(fs.o)
                0x0010b8d0                FSFILE_Close
 .text.FSFILE_Flush
                0x0010b90c       0x24 C:/devkitPro/libctru/lib\libctru.a(fs.o)
                0x0010b90c                FSFILE_Flush
 .text.FSDIR_Read
                0x0010b930       0x50 C:/devkitPro/libctru/lib\libctru.a(fs.o)
                0x0010b930                FSDIR_Read
 .text.FSDIR_Close
                0x0010b980       0x3c C:/devkitPro/libctru/lib\libctru.a(fs.o)
                0x0010b980                FSDIR_Close
 .text.gspHardwareInit
                0x0010b9bc      0xc64 C:/devkitPro/libctru/lib\libctru.a(gspgpu.o)
 .text.gspInit  0x0010c620      0x248 C:/devkitPro/libctru/lib\libctru.a(gspgpu.o)
                0x0010c620                gspInit
 .text.gspExit  0x0010c868       0xf0 C:/devkitPro/libctru/lib\libctru.a(gspgpu.o)
                0x0010c868                gspExit
 .text.gspHasGpuRight
                0x0010c958       0x10 C:/devkitPro/libctru/lib\libctru.a(gspgpu.o)
                0x0010c958                gspHasGpuRight
 .text.gspPresentBuffer
                0x0010c968       0xa0 C:/devkitPro/libctru/lib\libctru.a(gspgpu.o)
                0x0010c968                gspPresentBuffer
 .text.gspSetEventCallback
                0x0010ca08       0x30 C:/devkitPro/libctru/lib\libctru.a(gspgpu.o)
                0x0010ca08                gspSetEventCallback
 .text.gspWaitForEvent
                0x0010ca38       0x44 C:/devkitPro/libctru/lib\libctru.a(gspgpu.o)
                0x0010ca38                gspWaitForEvent
 .text.gspWaitForAnyEvent
                0x0010ca7c       0x4c C:/devkitPro/libctru/lib\libctru.a(gspgpu.o)
                0x0010ca7c                gspWaitForAnyEvent
 .text.gspEventThreadMain
                0x0010cac8      0x158 C:/devkitPro/libctru/lib\libctru.a(gspgpu.o)
 .text.gspSubmitGxCommand
                0x0010cc20      0x130 C:/devkitPro/libctru/lib\libctru.a(gspgpu.o)
                0x0010cc20                gspSubmitGxCommand
 .text.GSPGPU_FlushDataCache
                0x0010cd50       0x50 C:/devkitPro/libctru/lib\libctru.a(gspgpu.o)
                0x0010cd50                GSPGPU_FlushDataCache
 .text.GSPGPU_SetLcdForceBlack
                0x0010cda0       0x34 C:/devkitPro/libctru/lib\libctru.a(gspgpu.o)
                0x0010cda0                GSPGPU_SetLcdForceBlack
 .text.GSPGPU_AcquireRight
                0x0010cdd4       0x68 C:/devkitPro/libctru/lib\libctru.a(gspgpu.o)
                0x0010cdd4                GSPGPU_AcquireRight
 .text.GSPGPU_ReleaseRight
                0x0010ce3c       0x48 C:/devkitPro/libctru/lib\libctru.a(gspgpu.o)
                0x0010ce3c                GSPGPU_ReleaseRight
 .text.GSPGPU_ImportDisplayCaptureInfo
                0x0010ce84       0x7c C:/devkitPro/libctru/lib\libctru.a(gspgpu.o)
                0x0010ce84                GSPGPU_ImportDisplayCaptureInfo
 .text.GSPGPU_SaveVramSysArea
                0x0010cf00       0x2c C:/devkitPro/libctru/lib\libctru.a(gspgpu.o)
                0x0010cf00                GSPGPU_SaveVramSysArea
 .text.GSPGPU_RestoreVramSysArea
                0x0010cf2c       0x2c C:/devkitPro/libctru/lib\libctru.a(gspgpu.o)
                0x0010cf2c                GSPGPU_RestoreVramSysArea
 .text.hidShouldUseIrrst
                0x0010cf58       0x24 C:/devkitPro/libctru/lib\libctru.a(hid.o)
                0x0010cf58                hidShouldUseIrrst
 .text.hidInit  0x0010cf7c      0x18c C:/devkitPro/libctru/lib\libctru.a(hid.o)
                0x0010cf7c                hidInit
 .text.hidExit  0x0010d108       0xe8 C:/devkitPro/libctru/lib\libctru.a(hid.o)
                0x0010d108                hidExit
 .text.hidScanInput
                0x0010d1f0      0x2a4 C:/devkitPro/libctru/lib\libctru.a(hid.o)
                0x0010d1f0                hidScanInput
 .text.hidKeysDown
                0x0010d494       0x10 C:/devkitPro/libctru/lib\libctru.a(hid.o)
                0x0010d494                hidKeysDown
 .text.hidTouchRead
                0x0010d4a4       0x18 C:/devkitPro/libctru/lib\libctru.a(hid.o)
                0x0010d4a4                hidTouchRead
 .text.irrstInit
                0x0010d4bc      0x160 C:/devkitPro/libctru/lib\libctru.a(irrst.o)
                0x0010d4bc                irrstInit
 .text.irrstExit
                0x0010d61c       0xcc C:/devkitPro/libctru/lib\libctru.a(irrst.o)
                0x0010d61c                irrstExit
 .text.irrstScanInput
                0x0010d6e8       0xb4 C:/devkitPro/libctru/lib\libctru.a(irrst.o)
                0x0010d6e8                irrstScanInput
 .text.irrstKeysHeld
                0x0010d79c       0x24 C:/devkitPro/libctru/lib\libctru.a(irrst.o)
                0x0010d79c                irrstKeysHeld
 .text.ptmSysmInit
                0x0010d7c0       0x74 C:/devkitPro/libctru/lib\libctru.a(ptmsysm.o)
                0x0010d7c0                ptmSysmInit
 .text.ptmSysmExit
                0x0010d834       0x3c C:/devkitPro/libctru/lib\libctru.a(ptmsysm.o)
                0x0010d834                ptmSysmExit
 .text.PTMSYSM_ConfigureNew3DSCPU
                0x0010d870       0x34 C:/devkitPro/libctru/lib\libctru.a(ptmsysm.o)
                0x0010d870                PTMSYSM_ConfigureNew3DSCPU
 .text.rbtree_find
                0x0010d8a4       0x74 C:/devkitPro/libctru/lib\libctru.a(rbtree_find.o)
                0x0010d8a4                rbtree_find
 .text.rbtree_init
                0x0010d918       0x10 C:/devkitPro/libctru/lib\libctru.a(rbtree_init.o)
                0x0010d918                rbtree_init
 .text.do_insert
                0x0010d928      0x1b0 C:/devkitPro/libctru/lib\libctru.a(rbtree_insert.o)
 .text.rbtree_insert
                0x0010dad8        0x8 C:/devkitPro/libctru/lib\libctru.a(rbtree_insert.o)
                0x0010dad8                rbtree_insert
 .text.rbtree_remove
                0x0010dae0      0x318 C:/devkitPro/libctru/lib\libctru.a(rbtree_remove.o)
                0x0010dae0                rbtree_remove
 .text.rbtree_rotate
                0x0010ddf8       0x90 C:/devkitPro/libctru/lib\libctru.a(rbtree_rotate.o)
                0x0010ddf8                rbtree_rotate
 .text.utf16_to_utf8
                0x0010de88       0xe8 C:/devkitPro/libctru/lib\libctru.a(utf16_to_utf8.o)
                0x0010de88                utf16_to_utf8
 .text.utf8_to_utf16
                0x0010df70       0xc0 C:/devkitPro/libctru/lib\libctru.a(utf8_to_utf16.o)
                0x0010df70                utf8_to_utf16
 .text.__system_allocateHeaps
                0x0010e030      0x1e0 C:/devkitPro/libctru/lib\libctru.a(allocateHeaps.o)
                0x0010e030                __system_allocateHeaps
 .text.__libctru_init
                0x0010e210       0x38 C:/devkitPro/libctru/lib\libctru.a(ctru_init.o)
                0x0010e210                __libctru_init
 .text.__system_initArgv
                0x0010e248      0x170 C:/devkitPro/libctru/lib\libctru.a(initArgv.o)
                0x0010e248                __system_initArgv
 .text.__syscall_getreent
                0x0010e3b8       0x30 C:/devkitPro/libctru/lib\libctru.a(syscalls.o)
                0x0010e3b8                __syscall_getreent
 .text.__syscall_gettod_r
                0x0010e3e8       0x64 C:/devkitPro/libctru/lib\libctru.a(syscalls.o)
                0x0010e3e8                __syscall_gettod_r
 .text.__syscall_lock_acquire
                0x0010e44c        0x4 C:/devkitPro/libctru/lib\libctru.a(syscalls.o)
                0x0010e44c                __syscall_lock_acquire
 .text.__syscall_lock_release
                0x0010e450        0x4 C:/devkitPro/libctru/lib\libctru.a(syscalls.o)
                0x0010e450                __syscall_lock_release
 .text.__syscall_lock_acquire_recursive
                0x0010e454        0x4 C:/devkitPro/libctru/lib\libctru.a(syscalls.o)
                0x0010e454                __syscall_lock_acquire_recursive
 .text.__syscall_lock_release_recursive
                0x0010e458        0x4 C:/devkitPro/libctru/lib\libctru.a(syscalls.o)
                0x0010e458                __syscall_lock_release_recursive
 .text.__syscall_exit
                0x0010e45c        0x4 C:/devkitPro/libctru/lib\libctru.a(syscalls.o)
                0x0010e45c                __syscall_exit
 .text.initThreadVars
                0x0010e460       0x50 C:/devkitPro/libctru/lib\libctru.a(syscalls.o)
                0x0010e460                initThreadVars
 .text.__system_initSyscalls
                0x0010e4b0       0x80 C:/devkitPro/libctru/lib\libctru.a(syscalls.o)
                0x0010e4b0                __system_initSyscalls
 .text.svcControlMemory
                0x0010e530       0x20 C:/devkitPro/libctru/lib\libctru.a(svc.o)
                0x0010e530                svcControlMemory
 .text.svcQueryMemory
                0x0010e550       0x30 C:/devkitPro/libctru/lib\libctru.a(svc.o)
                0x0010e550                svcQueryMemory
 .text.svcExitProcess
                0x0010e580        0x8 C:/devkitPro/libctru/lib\libctru.a(svc.o)
                0x0010e580                svcExitProcess
 .text.svcCreateThread
                0x0010e588       0x20 C:/devkitPro/libctru/lib\libctru.a(svc.o)
                0x0010e588                svcCreateThread
 .text.svcExitThread
                0x0010e5a8        0x8 C:/devkitPro/libctru/lib\libctru.a(svc.o)
                0x0010e5a8                svcExitThread
 .text.svcSleepThread
                0x0010e5b0        0x8 C:/devkitPro/libctru/lib\libctru.a(svc.o)
                0x0010e5b0                svcSleepThread
 .text.svcReleaseMutex
                0x0010e5b8        0x8 C:/devkitPro/libctru/lib\libctru.a(svc.o)
                0x0010e5b8                svcReleaseMutex
 .text.svcCreateEvent
                0x0010e5c0       0x14 C:/devkitPro/libctru/lib\libctru.a(svc.o)
                0x0010e5c0                svcCreateEvent
 .text.svcSignalEvent
                0x0010e5d4        0x8 C:/devkitPro/libctru/lib\libctru.a(svc.o)
                0x0010e5d4                svcSignalEvent
 .text.svcClearEvent
                0x0010e5dc        0x8 C:/devkitPro/libctru/lib\libctru.a(svc.o)
                0x0010e5dc                svcClearEvent
 .text.svcMapMemoryBlock
                0x0010e5e4        0x8 C:/devkitPro/libctru/lib\libctru.a(svc.o)
                0x0010e5e4                svcMapMemoryBlock
 .text.svcUnmapMemoryBlock
                0x0010e5ec        0x8 C:/devkitPro/libctru/lib\libctru.a(svc.o)
                0x0010e5ec                svcUnmapMemoryBlock
 .text.svcCreateAddressArbiter
                0x0010e5f4       0x14 C:/devkitPro/libctru/lib\libctru.a(svc.o)
                0x0010e5f4                svcCreateAddressArbiter
 .text.svcArbitrateAddressNoTimeout
                0x0010e608        0x8 C:/devkitPro/libctru/lib\libctru.a(svc.o)
                0x0010e608                svcArbitrateAddressNoTimeout
 .text.svcCloseHandle
                0x0010e610        0x8 C:/devkitPro/libctru/lib\libctru.a(svc.o)
                0x0010e610                svcCloseHandle
 .text.svcWaitSynchronization
                0x0010e618        0x8 C:/devkitPro/libctru/lib\libctru.a(svc.o)
                0x0010e618                svcWaitSynchronization
 .text.svcWaitSynchronizationN
                0x0010e620       0x28 C:/devkitPro/libctru/lib\libctru.a(svc.o)
                0x0010e620                svcWaitSynchronizationN
 .text.svcDuplicateHandle
                0x0010e648       0x14 C:/devkitPro/libctru/lib\libctru.a(svc.o)
                0x0010e648                svcDuplicateHandle
 .text.svcGetSystemTick
                0x0010e65c        0x8 C:/devkitPro/libctru/lib\libctru.a(svc.o)
                0x0010e65c                svcGetSystemTick
 .text.svcConnectToPort
                0x0010e664       0x14 C:/devkitPro/libctru/lib\libctru.a(svc.o)
                0x0010e664                svcConnectToPort
 .text.svcSendSyncRequest
                0x0010e678        0x8 C:/devkitPro/libctru/lib\libctru.a(svc.o)
                0x0010e678                svcSendSyncRequest
 .text.svcGetResourceLimit
                0x0010e680       0x14 C:/devkitPro/libctru/lib\libctru.a(svc.o)
                0x0010e680                svcGetResourceLimit
 .text.svcGetResourceLimitLimitValues
                0x0010e694        0x8 C:/devkitPro/libctru/lib\libctru.a(svc.o)
                0x0010e694                svcGetResourceLimitLimitValues
 .text.svcGetResourceLimitCurrentValues
                0x0010e69c        0x8 C:/devkitPro/libctru/lib\libctru.a(svc.o)
                0x0010e69c                svcGetResourceLimitCurrentValues
 .text.svcBreak
                0x0010e6a4        0x8 C:/devkitPro/libctru/lib\libctru.a(svc.o)
                0x0010e6a4                svcBreak
 .text.__aeabi_read_tp
                0x0010e6ac        0xc C:/devkitPro/libctru/lib\libctru.a(readtp.o)
                0x0010e6ac                __aeabi_read_tp
 .text.initSystem
                0x0010e6b8       0x50 C:/devkitPro/libctru/lib\libctru.a(stack_adjust.o)
                0x0010e6b8                initSystem
 .text.__ctru_exit
                0x0010e708       0x14 C:/devkitPro/libctru/lib\libctru.a(stack_adjust.o)
                0x0010e708                __ctru_exit
 .text.envGetHandle
                0x0010e71c       0x84 C:/devkitPro/libctru/lib\libctru.a(env.o)
                0x0010e71c                envGetHandle
 .text.envDestroyHandles
                0x0010e7a0       0x50 C:/devkitPro/libctru/lib\libctru.a(env.o)
                0x0010e7a0                envDestroyHandles
 .text.srvInit  0x0010e7f0      0x12c C:/devkitPro/libctru/lib\libctru.a(srv.o)
                0x0010e7f0                srvInit
 .text.srvExit  0x0010e91c       0x58 C:/devkitPro/libctru/lib\libctru.a(srv.o)
                0x0010e91c                srvExit
 .text.srvEnableNotification
                0x0010e974       0x60 C:/devkitPro/libctru/lib\libctru.a(srv.o)
                0x0010e974                srvEnableNotification
 .text.srvGetServiceHandleDirect
                0x0010e9d4       0xa0 C:/devkitPro/libctru/lib\libctru.a(srv.o)
                0x0010e9d4                srvGetServiceHandleDirect
 .text.srvGetServiceHandle
                0x0010ea74       0x38 C:/devkitPro/libctru/lib\libctru.a(srv.o)
                0x0010ea74                srvGetServiceHandle
 .text.srvSubscribe
                0x0010eaac       0x34 C:/devkitPro/libctru/lib\libctru.a(srv.o)
                0x0010eaac                srvSubscribe
 .text.srvReceiveNotification
                0x0010eae0       0x60 C:/devkitPro/libctru/lib\libctru.a(srv.o)
                0x0010eae0                srvReceiveNotification
 .text.srvPublishToSubscriber
                0x0010eb40       0x38 C:/devkitPro/libctru/lib\libctru.a(srv.o)
                0x0010eb40                srvPublishToSubscriber
 .text.__sync_init
                0x0010eb78        0xc C:/devkitPro/libctru/lib\libctru.a(synchronization.o)
                0x0010eb78                __sync_init
 .text.__sync_fini
                0x0010eb84       0x18 C:/devkitPro/libctru/lib\libctru.a(synchronization.o)
                0x0010eb84                __sync_fini
 .text.syncArbitrateAddress
                0x0010eb9c       0x2c C:/devkitPro/libctru/lib\libctru.a(synchronization.o)
                0x0010eb9c                syncArbitrateAddress
 .text.LightLock_Lock
                0x0010ebc8       0xac C:/devkitPro/libctru/lib\libctru.a(synchronization.o)
                0x0010ebc8                LightLock_Lock
 .text.LightLock_Unlock
                0x0010ec74       0x40 C:/devkitPro/libctru/lib\libctru.a(synchronization.o)
                0x0010ec74                LightLock_Unlock
 .text.RecursiveLock_Lock
                0x0010ecb4       0x30 C:/devkitPro/libctru/lib\libctru.a(synchronization.o)
                0x0010ecb4                RecursiveLock_Lock
 .text.RecursiveLock_Unlock
                0x0010ece4       0x54 C:/devkitPro/libctru/lib\libctru.a(synchronization.o)
                0x0010ece4                RecursiveLock_Unlock
 .text.LightEvent_Init
                0x0010ed38       0x40 C:/devkitPro/libctru/lib\libctru.a(synchronization.o)
                0x0010ed38                LightEvent_Init
 .text.LightEvent_Clear
                0x0010ed78       0xa4 C:/devkitPro/libctru/lib\libctru.a(synchronization.o)
                0x0010ed78                LightEvent_Clear
 .text.LightEvent_Signal
                0x0010ee1c       0xc8 C:/devkitPro/libctru/lib\libctru.a(synchronization.o)
                0x0010ee1c                LightEvent_Signal
 .text.LightEvent_TryWait
                0x0010eee4       0x50 C:/devkitPro/libctru/lib\libctru.a(synchronization.o)
                0x0010eee4                LightEvent_TryWait
 .text.LightEvent_Wait
                0x0010ef34       0xa0 C:/devkitPro/libctru/lib\libctru.a(synchronization.o)
                0x0010ef34                LightEvent_Wait
 .text.threadCreate
                0x0010efd4      0x1d8 C:/devkitPro/libctru/lib\libctru.a(thread.o)
                0x0010efd4                threadCreate
 .text.threadFree
                0x0010f1ac       0x2c C:/devkitPro/libctru/lib\libctru.a(thread.o)
                0x0010f1ac                threadFree
 .text.threadJoin
                0x0010f1d8       0x24 C:/devkitPro/libctru/lib\libctru.a(thread.o)
                0x0010f1d8                threadJoin
 .text.threadGetCurrent
                0x0010f1fc       0x30 C:/devkitPro/libctru/lib\libctru.a(thread.o)
                0x0010f1fc                threadGetCurrent
 .text.threadExit
                0x0010f22c       0x40 C:/devkitPro/libctru/lib\libctru.a(thread.o)
                0x0010f22c                threadExit
 .text._thread_begin
                0x0010f26c       0x20 C:/devkitPro/libctru/lib\libctru.a(thread.o)
 .text.mappableFindAddressWithin
                0x0010f28c       0xb4 C:/devkitPro/libctru/lib\libctru.a(mappable.o)
 .text.mappableInit
                0x0010f340       0x28 C:/devkitPro/libctru/lib\libctru.a(mappable.o)
                0x0010f340                mappableInit
 .text.mappableAlloc
                0x0010f368       0x80 C:/devkitPro/libctru/lib\libctru.a(mappable.o)
                0x0010f368                mappableAlloc
 .text.mappableFree
                0x0010f3e8        0x4 C:/devkitPro/libctru/lib\libctru.a(mappable.o)
                0x0010f3e8                mappableFree
 .text.srvPmGetSessionHandle
                0x0010f3ec        0xc C:/devkitPro/libctru/lib\libctru.a(srvpm.o)
                0x0010f3ec                srvPmGetSessionHandle
 .text.rbtree_node_next
                0x0010f3f8       0x5c C:/devkitPro/libctru/lib\libctru.a(rbtree_iterator.o)
                0x0010f3f8                rbtree_node_next
 .text.decode_utf16
                0x0010f454       0x64 C:/devkitPro/libctru/lib\libctru.a(decode_utf16.o)
                0x0010f454                decode_utf16
 .text.decode_utf8
                0x0010f4b8      0x13c C:/devkitPro/libctru/lib\libctru.a(decode_utf8.o)
                0x0010f4b8                decode_utf8
 .text.encode_utf16
                0x0010f5f4       0x54 C:/devkitPro/libctru/lib\libctru.a(encode_utf16.o)
                0x0010f5f4                encode_utf16
 .text.encode_utf8
                0x0010f648       0xe0 C:/devkitPro/libctru/lib\libctru.a(encode_utf8.o)
                0x0010f648                encode_utf8
 .text.__appExit
                0x0010f728       0x30 C:/devkitPro/libctru/lib\libctru.a(appExit.o)
                0x0010f728                __appExit
 .text.__appInit
                0x0010f758       0x30 C:/devkitPro/libctru/lib\libctru.a(appInit.o)
                0x0010f758                __appInit
 .text.__libctru_exit
                0x0010f788       0x90 C:/devkitPro/libctru/lib\libctru.a(ctru_exit.o)
                0x0010f788                __libctru_exit
 .text.archive_link
                0x0010f818       0x14 C:/devkitPro/libctru/lib\libctru.a(archive_dev.o)
 .text.archive_dirreset
                0x0010f82c       0x14 C:/devkitPro/libctru/lib\libctru.a(archive_dev.o)
 .text.archive_chmod
                0x0010f840       0x14 C:/devkitPro/libctru/lib\libctru.a(archive_dev.o)
 .text.error_cmp
                0x0010f854       0x24 C:/devkitPro/libctru/lib\libctru.a(archive_dev.o)
 .text.archive_translate_error
                0x0010f878       0x50 C:/devkitPro/libctru/lib\libctru.a(archive_dev.o)
 .text.archive_seek
                0x0010f8c8       0xc8 C:/devkitPro/libctru/lib\libctru.a(archive_dev.o)
 .text._archiveInit.part.0
                0x0010f990       0x7c C:/devkitPro/libctru/lib\libctru.a(archive_dev.o)
 .text.archiveFindDevice.part.0
                0x0010fa0c       0xc4 C:/devkitPro/libctru/lib\libctru.a(archive_dev.o)
 .text.archive_utf16path
                0x0010fad0      0x280 C:/devkitPro/libctru/lib\libctru.a(archive_dev.o)
 .text._archiveUnmountDeviceStruct.part.0
                0x0010fd50       0x9c C:/devkitPro/libctru/lib\libctru.a(archive_dev.o)
 .text.archive_fchmod
                0x0010fdec       0x14 C:/devkitPro/libctru/lib\libctru.a(archive_dev.o)
 .text.archive_statvfs
                0x0010fe00       0x14 C:/devkitPro/libctru/lib\libctru.a(archive_dev.o)
 .text._archiveMountDevice
                0x0010fe14      0x164 C:/devkitPro/libctru/lib\libctru.a(archive_dev.o)
 .text.archive_diropen
                0x0010ff78       0xe8 C:/devkitPro/libctru/lib\libctru.a(archive_dev.o)
 .text.archive_fstat
                0x00110060       0xa4 C:/devkitPro/libctru/lib\libctru.a(archive_dev.o)
 .text.archive_fsync
                0x00110104       0x6c C:/devkitPro/libctru/lib\libctru.a(archive_dev.o)
 .text.archive_close
                0x00110170       0x6c C:/devkitPro/libctru/lib\libctru.a(archive_dev.o)
 .text.archive_dirclose
                0x001101dc       0x70 C:/devkitPro/libctru/lib\libctru.a(archive_dev.o)
 .text.sdmc_statvfs
                0x0011024c       0xe8 C:/devkitPro/libctru/lib\libctru.a(archive_dev.o)
 .text.archive_chdir
                0x00110334       0xec C:/devkitPro/libctru/lib\libctru.a(archive_dev.o)
 .text.archive_ftruncate
                0x00110420       0x7c C:/devkitPro/libctru/lib\libctru.a(archive_dev.o)
 .text.archive_read
                0x0011049c       0xac C:/devkitPro/libctru/lib\libctru.a(archive_dev.o)
 .text.archive_unlink
                0x00110548       0xa4 C:/devkitPro/libctru/lib\libctru.a(archive_dev.o)
 .text.archive_rmdir
                0x001105ec       0xbc C:/devkitPro/libctru/lib\libctru.a(archive_dev.o)
 .text.archive_mkdir
                0x001106a8       0xdc C:/devkitPro/libctru/lib\libctru.a(archive_dev.o)
 .text.archive_stat
                0x00110784      0x194 C:/devkitPro/libctru/lib\libctru.a(archive_dev.o)
 .text.archive_dirnext
                0x00110918      0x160 C:/devkitPro/libctru/lib\libctru.a(archive_dev.o)
 .text.archive_write
                0x00110a78      0x124 C:/devkitPro/libctru/lib\libctru.a(archive_dev.o)
 .text.archive_open
                0x00110b9c      0x20c C:/devkitPro/libctru/lib\libctru.a(archive_dev.o)
 .text.archive_rename
                0x00110da8      0x278 C:/devkitPro/libctru/lib\libctru.a(archive_dev.o)
 .text.archiveMountSdmc
                0x00111020      0x19c C:/devkitPro/libctru/lib\libctru.a(archive_dev.o)
                0x00111020                archiveMountSdmc
 .text.archiveUnmountAll
                0x001111bc       0x54 C:/devkitPro/libctru/lib\libctru.a(archive_dev.o)
                0x001111bc                archiveUnmountAll
 .text._ZdlPv   0x00111210        0x4 C:/devkitPro/devkitARM/bin/../lib/gcc/arm-none-eabi/13.2.0/../../../../arm-none-eabi/lib/armv6k/fpu\libstdc++.a(del_op.o)
                0x00111210                operator delete(void*)
 .text._ZdaPv   0x00111214        0x4 C:/devkitPro/devkitARM/bin/../lib/gcc/arm-none-eabi/13.2.0/../../../../arm-none-eabi/lib/armv6k/fpu\libstdc++.a(del_opv.o)
                0x00111214                operator delete[](void*)
 .text._Znwj    0x00111218       0x5c C:/devkitPro/devkitARM/bin/../lib/gcc/arm-none-eabi/13.2.0/../../../../arm-none-eabi/lib/armv6k/fpu\libstdc++.a(new_op.o)
                0x00111218                operator new(unsigned int)
 .text._Znaj    0x00111274        0x4 C:/devkitPro/devkitARM/bin/../lib/gcc/arm-none-eabi/13.2.0/../../../../arm-none-eabi/lib/armv6k/fpu\libstdc++.a(new_opv.o)
                0x00111274                operator new[](unsigned int)
 .text._ZSt18_Rb_tree_incrementPSt18_Rb_tree_node_base
                0x00111278       0x58 C:/devkitPro/devkitARM/bin/../lib/gcc/arm-none-eabi/13.2.0/../../../../arm-none-eabi/lib/armv6k/fpu\libstdc++.a(tree.o)
                0x00111278                std::_Rb_tree_increment(std::_Rb_tree_node_base*)
 .text._ZSt18_Rb_tree_decrementPSt18_Rb_tree_node_base
                0x001112d0       0x70 C:/devkitPro/devkitARM/bin/../lib/gcc/arm-none-eabi/13.2.0/../../../../arm-none-eabi/lib/armv6k/fpu\libstdc++.a(tree.o)
                0x001112d0                std::_Rb_tree_decrement(std::_Rb_tree_node_base*)
 .text._ZSt29_Rb_tree_insert_and_rebalancebPSt18_Rb_tree_node_baseS0_RS_
                0x00111340      0x284 C:/devkitPro/devkitARM/bin/../lib/gcc/arm-none-eabi/13.2.0/../../../../arm-none-eabi/lib/armv6k/fpu\libstdc++.a(tree.o)
                0x00111340                std::_Rb_tree_insert_and_rebalance(bool, std::_Rb_tree_node_base*, std::_Rb_tree_node_base*, std::_Rb_tree_node_base&)
 .text._ZNKSt9bad_alloc4whatEv
                0x001115c4        0xc C:/devkitPro/devkitARM/bin/../lib/gcc/arm-none-eabi/13.2.0/../../../../arm-none-eabi/lib/armv6k/fpu\libstdc++.a(bad_alloc.o)
                0x001115c4                std::bad_alloc::what() const
 .text._ZNSt9bad_allocD2Ev
                0x001115d0       0x20 C:/devkitPro/devkitARM/bin/../lib/gcc/arm-none-eabi/13.2.0/../../../../arm-none-eabi/lib/armv6k/fpu\libstdc++.a(bad_alloc.o)
                0x001115d0                std::bad_alloc::~bad_alloc()
                0x001115d0                std::bad_alloc::~bad_alloc()
 .text._ZNSt9bad_allocD0Ev
                0x001115f0       0x2c C:/devkitPro/devkitARM/bin/../lib/gcc/arm-none-eabi/13.2.0/../../../../arm-none-eabi/lib/armv6k/fpu\libstdc++.a(bad_alloc.o)
                0x001115f0                std::bad_alloc::~bad_alloc()
 .text._ZdlPvj  0x0011161c        0x4 C:/devkitPro/devkitARM/bin/../lib/gcc/arm-none-eabi/13.2.0/../../../../arm-none-eabi/lib/armv6k/fpu\libstdc++.a(del_ops.o)
                0x0011161c                operator delete(void*, unsigned int)
 .text._ZNK9__gnu_cxx24__concurrence_lock_error4whatEv
                0x00111620        0xc C:/devkitPro/devkitARM/bin/../lib/gcc/arm-none-eabi/13.2.0/../../../../arm-none-eabi/lib/armv6k/fpu\libstdc++.a(eh_alloc.o)
                0x00111620                __gnu_cxx::__concurrence_lock_error::what() const
 .text._ZNK9__gnu_cxx26__concurrence_unlock_error4whatEv
                0x0011162c        0xc C:/devkitPro/devkitARM/bin/../lib/gcc/arm-none-eabi/13.2.0/../../../../arm-none-eabi/lib/armv6k/fpu\libstdc++.a(eh_alloc.o)
                0x0011162c                __gnu_cxx::__concurrence_unlock_error::what() const
 .text._ZN9__gnu_cxx24__concurrence_lock_errorD2Ev
                0x00111638       0x20 C:/devkitPro/devkitARM/bin/../lib/gcc/arm-none-eabi/13.2.0/../../../../arm-none-eabi/lib/armv6k/fpu\libstdc++.a(eh_alloc.o)
                0x00111638                __gnu_cxx::__concurrence_lock_error::~__concurrence_lock_error()
                0x00111638                __gnu_cxx::__concurrence_lock_error::~__concurrence_lock_error()
 .text._ZN9__gnu_cxx24__concurrence_lock_errorD0Ev
                0x00111658       0x2c C:/devkitPro/devkitARM/bin/../lib/gcc/arm-none-eabi/13.2.0/../../../../arm-none-eabi/lib/armv6k/fpu\libstdc++.a(eh_alloc.o)
                0x00111658                __gnu_cxx::__concurrence_lock_error::~__concurrence_lock_error()
 .text._ZN9__gnu_cxx26__concurrence_unlock_errorD2Ev
                0x00111684       0x20 C:/devkitPro/devkitARM/bin/../lib/gcc/arm-none-eabi/13.2.0/../../../../arm-none-eabi/lib/armv6k/fpu\libstdc++.a(eh_alloc.o)
                0x00111684                __gnu_cxx::__concurrence_unlock_error::~__concurrence_unlock_error()
                0x00111684                __gnu_cxx::__concurrence_unlock_error::~__concurrence_unlock_error()
 .text._ZN9__gnu_cxx26__concurrence_unlock_errorD0Ev
                0x001116a4       0x2c C:/devkitPro/devkitARM/bin/../lib/gcc/arm-none-eabi/13.2.0/../../../../arm-none-eabi/lib/armv6k/fpu\libstdc++.a(eh_alloc.o)
                0x001116a4                __gnu_cxx::__concurrence_unlock_error::~__concurrence_unlock_error()
 .text.unlikely._ZN9__gnu_cxx30__throw_concurrence_lock_errorEv
                0x001116d0       0x2c C:/devkitPro/devkitARM/bin/../lib/gcc/arm-none-eabi/13.2.0/../../../../arm-none-eabi/lib/armv6k/fpu\libstdc++.a(eh_alloc.o)
                0x001116d0                __gnu_cxx::__throw_concurrence_lock_error()
 .text.unlikely._ZN9__gnu_cxx32__throw_concurrence_unlock_errorEv
                0x001116fc       0x2c C:/devkitPro/devkitARM/bin/../lib/gcc/arm-none-eabi/13.2.0/../../../../arm-none-eabi/lib/armv6k/fpu\libstdc++.a(eh_alloc.o)
                0x001116fc                __gnu_cxx::__throw_concurrence_unlock_error()
 .text._ZN12_GLOBAL__N_14pool4freeEPv.constprop.0
                0x00111728      0x118 C:/devkitPro/devkitARM/bin/../lib/gcc/arm-none-eabi/13.2.0/../../../../arm-none-eabi/lib/armv6k/fpu\libstdc++.a(eh_alloc.o)
 .text._ZN12_GLOBAL__N_14pool8allocateEj.constprop.0
                0x00111840       0xd4 C:/devkitPro/devkitARM/bin/../lib/gcc/arm-none-eabi/13.2.0/../../../../arm-none-eabi/lib/armv6k/fpu\libstdc++.a(eh_alloc.o)
 .text.__cxa_allocate_exception
                0x00111914       0x44 C:/devkitPro/devkitARM/bin/../lib/gcc/arm-none-eabi/13.2.0/../../../../arm-none-eabi/lib/armv6k/fpu\libstdc++.a(eh_alloc.o)
                0x00111914                __cxa_allocate_exception
 .text.__cxa_free_exception
                0x00111958       0x2c C:/devkitPro/devkitARM/bin/../lib/gcc/arm-none-eabi/13.2.0/../../../../arm-none-eabi/lib/armv6k/fpu\libstdc++.a(eh_alloc.o)
                0x00111958                __cxa_free_exception
 .text.startup._GLOBAL__sub_I__ZN9__gnu_cxx9__freeresEv
                0x00111984      0x1b4 C:/devkitPro/devkitARM/bin/../lib/gcc/arm-none-eabi/13.2.0/../../../../arm-none-eabi/lib/armv6k/fpu\libstdc++.a(eh_alloc.o)
 .text._ZNSt9exceptionD2Ev
                0x00111b38        0x4 C:/devkitPro/devkitARM/bin/../lib/gcc/arm-none-eabi/13.2.0/../../../../arm-none-eabi/lib/armv6k/fpu\libstdc++.a(eh_exception.o)
                0x00111b38                std::exception::~exception()
                0x00111b38                std::exception::~exception()
 .text._ZNSt13bad_exceptionD2Ev
                0x00111b3c        0x4 C:/devkitPro/devkitARM/bin/../lib/gcc/arm-none-eabi/13.2.0/../../../../arm-none-eabi/lib/armv6k/fpu\libstdc++.a(eh_exception.o)
                0x00111b3c                std::bad_exception::~bad_exception()
                0x00111b3c                std::bad_exception::~bad_exception()
 .text._ZNKSt13bad_exception4whatEv
                0x00111b40        0xc C:/devkitPro/devkitARM/bin/../lib/gcc/arm-none-eabi/13.2.0/../../../../arm-none-eabi/lib/armv6k/fpu\libstdc++.a(eh_exception.o)
                0x00111b40                std::bad_exception::what() const
                0x00111b40                transaction clone for std::bad_exception::what() const
 .text._ZNSt13bad_exceptionD0Ev
                0x00111b4c       0x18 C:/devkitPro/devkitARM/bin/../lib/gcc/arm-none-eabi/13.2.0/../../../../arm-none-eabi/lib/armv6k/fpu\libstdc++.a(eh_exception.o)
                0x00111b4c                std::bad_exception::~bad_exception()
 .text._ZL28read_encoded_value_with_basehjPKhPj
                0x00111b64      0x16c C:/devkitPro/devkitARM/bin/../lib/gcc/arm-none-eabi/13.2.0/../../../../arm-none-eabi/lib/armv6k/fpu\libstdc++.a(eh_personality.o)
 .text._ZL21base_of_encoded_valuehP15_Unwind_Context
                0x00111cd0       0x58 C:/devkitPro/devkitARM/bin/../lib/gcc/arm-none-eabi/13.2.0/../../../../arm-none-eabi/lib/armv6k/fpu\libstdc++.a(eh_personality.o)
 .text._ZL17parse_lsda_headerP15_Unwind_ContextPKhP16lsda_header_info
                0x00111d28       0xd8 C:/devkitPro/devkitARM/bin/../lib/gcc/arm-none-eabi/13.2.0/../../../../arm-none-eabi/lib/armv6k/fpu\libstdc++.a(eh_personality.o)
 .text.__gxx_personality_v0
                0x00111e00      0x6a0 C:/devkitPro/devkitARM/bin/../lib/gcc/arm-none-eabi/13.2.0/../../../../arm-none-eabi/lib/armv6k/fpu\libstdc++.a(eh_personality.o)
                0x00111e00                __gxx_personality_v0
 .text._ZN10__cxxabiv111__terminateEPFvvE
                0x001124a0       0x14 C:/devkitPro/devkitARM/bin/../lib/gcc/arm-none-eabi/13.2.0/../../../../arm-none-eabi/lib/armv6k/fpu\libstdc++.a(eh_terminate.o)
                0x001124a0                __cxxabiv1::__terminate(void (*)())
 .text._ZSt9terminatev
                0x001124b4       0x18 C:/devkitPro/devkitARM/bin/../lib/gcc/arm-none-eabi/13.2.0/../../../../arm-none-eabi/lib/armv6k/fpu\libstdc++.a(eh_terminate.o)
                0x001124b4                std::terminate()
 .text._ZN10__cxxabiv112__unexpectedEPFvvE
                0x001124cc        0xc C:/devkitPro/devkitARM/bin/../lib/gcc/arm-none-eabi/13.2.0/../../../../arm-none-eabi/lib/armv6k/fpu\libstdc++.a(eh_terminate.o)
                0x001124cc                __cxxabiv1::__unexpected(void (*)())
 .text._ZSt10unexpectedv
                0x001124d8       0x18 C:/devkitPro/devkitARM/bin/../lib/gcc/arm-none-eabi/13.2.0/../../../../arm-none-eabi/lib/armv6k/fpu\libstdc++.a(eh_terminate.o)
                0x001124d8                std::unexpected()
 .text._ZSt13get_terminatev
                0x001124f0       0x14 C:/devkitPro/devkitARM/bin/../lib/gcc/arm-none-eabi/13.2.0/../../../../arm-none-eabi/lib/armv6k/fpu\libstdc++.a(eh_terminate.o)
                0x001124f0                std::get_terminate()
 .text._ZSt14get_unexpectedv
                0x00112504       0x14 C:/devkitPro/devkitARM/bin/../lib/gcc/arm-none-eabi/13.2.0/../../../../arm-none-eabi/lib/armv6k/fpu\libstdc++.a(eh_terminate.o)
                0x00112504                std::get_unexpected()
 .text._ZL23__gxx_exception_cleanup19_Unwind_Reason_CodeP21_Unwind_Control_Block
                0x00112518       0x60 C:/devkitPro/devkitARM/bin/../lib/gcc/arm-none-eabi/13.2.0/../../../../arm-none-eabi/lib/armv6k/fpu\libstdc++.a(eh_throw.o)
 .text.__cxa_init_primary_exception
                0x00112578       0x54 C:/devkitPro/devkitARM/bin/../lib/gcc/arm-none-eabi/13.2.0/../../../../arm-none-eabi/lib/armv6k/fpu\libstdc++.a(eh_throw.o)
                0x00112578                __cxa_init_primary_exception
 .text.__cxa_throw
                0x001125cc       0x54 C:/devkitPro/devkitARM/bin/../lib/gcc/arm-none-eabi/13.2.0/../../../../arm-none-eabi/lib/armv6k/fpu\libstdc++.a(eh_throw.o)
                0x001125cc                __cxa_throw
 .text.__cxa_rethrow
                0x00112620       0xb0 C:/devkitPro/devkitARM/bin/../lib/gcc/arm-none-eabi/13.2.0/../../../../arm-none-eabi/lib/armv6k/fpu\libstdc++.a(eh_throw.o)
                0x00112620                __cxa_rethrow
 .text._ZSt15get_new_handlerv
                0x001126d0       0x14 C:/devkitPro/devkitARM/bin/../lib/gcc/arm-none-eabi/13.2.0/../../../../arm-none-eabi/lib/armv6k/fpu\libstdc++.a(new_handler.o)
                0x001126d0                std::get_new_handler()
 .text._ZN10__cxxabiv120__si_class_type_infoD2Ev
                0x001126e4       0x20 C:/devkitPro/devkitARM/bin/../lib/gcc/arm-none-eabi/13.2.0/../../../../arm-none-eabi/lib/armv6k/fpu\libstdc++.a(si_class_type_info.o)
                0x001126e4                __cxxabiv1::__si_class_type_info::~__si_class_type_info()
                0x001126e4                __cxxabiv1::__si_class_type_info::~__si_class_type_info()
 .text._ZN10__cxxabiv120__si_class_type_infoD0Ev
                0x00112704       0x2c C:/devkitPro/devkitARM/bin/../lib/gcc/arm-none-eabi/13.2.0/../../../../arm-none-eabi/lib/armv6k/fpu\libstdc++.a(si_class_type_info.o)
                0x00112704                __cxxabiv1::__si_class_type_info::~__si_class_type_info()
 .text._ZNK10__cxxabiv120__si_class_type_info12__do_dyncastEiNS_17__class_type_info10__sub_kindEPKS1_PKvS4_S6_RNS1_16__dyncast_resultE
                0x00112730      0x138 C:/devkitPro/devkitARM/bin/../lib/gcc/arm-none-eabi/13.2.0/../../../../arm-none-eabi/lib/armv6k/fpu\libstdc++.a(si_class_type_info.o)
                0x00112730                __cxxabiv1::__si_class_type_info::__do_dyncast(int, __cxxabiv1::__class_type_info::__sub_kind, __cxxabiv1::__class_type_info const*, void const*, __cxxabiv1::__class_type_info const*, void const*, __cxxabiv1::__class_type_info::__dyncast_result&) const
 .text._ZNK10__cxxabiv120__si_class_type_info20__do_find_public_srcEiPKvPKNS_17__class_type_infoES2_
                0x00112868       0x88 C:/devkitPro/devkitARM/bin/../lib/gcc/arm-none-eabi/13.2.0/../../../../arm-none-eabi/lib/armv6k/fpu\libstdc++.a(si_class_type_info.o)
                0x00112868                __cxxabiv1::__si_class_type_info::__do_find_public_src(int, void const*, __cxxabiv1::__class_type_info const*, void const*) const
 .text._ZNK10__cxxabiv120__si_class_type_info11__do_upcastEPKNS_17__class_type_infoEPKvRNS1_15__upcast_resultE
                0x001128f0       0x44 C:/devkitPro/devkitARM/bin/../lib/gcc/arm-none-eabi/13.2.0/../../../../arm-none-eabi/lib/armv6k/fpu\libstdc++.a(si_class_type_info.o)
                0x001128f0                __cxxabiv1::__si_class_type_info::__do_upcast(__cxxabiv1::__class_type_info const*, void const*, __cxxabiv1::__class_type_info::__upcast_result&) const
 .text._ZNSt9type_infoD2Ev
                0x00112934        0x4 C:/devkitPro/devkitARM/bin/../lib/gcc/arm-none-eabi/13.2.0/../../../../arm-none-eabi/lib/armv6k/fpu\libstdc++.a(tinfo.o)
                0x00112934                std::type_info::~type_info()
                0x00112934                std::type_info::~type_info()
 .text._ZNKSt9type_info14__is_pointer_pEv
                0x00112938        0x8 C:/devkitPro/devkitARM/bin/../lib/gcc/arm-none-eabi/13.2.0/../../../../arm-none-eabi/lib/armv6k/fpu\libstdc++.a(tinfo.o)
                0x00112938                std::type_info::__is_pointer_p() const
                0x00112938                std::type_info::__is_function_p() const
 .text._ZNK10__cxxabiv117__class_type_info11__do_upcastEPKS0_PPv
                0x00112940       0x5c C:/devkitPro/devkitARM/bin/../lib/gcc/arm-none-eabi/13.2.0/../../../../arm-none-eabi/lib/armv6k/fpu\libstdc++.a(class_type_info.o)
                0x00112940                __cxxabiv1::__class_type_info::__do_upcast(__cxxabiv1::__class_type_info const*, void**) const
 .text._ZNK10__cxxabiv117__class_type_info20__do_find_public_srcEiPKvPKS0_S2_
                0x0011299c       0x14 C:/devkitPro/devkitARM/bin/../lib/gcc/arm-none-eabi/13.2.0/../../../../arm-none-eabi/lib/armv6k/fpu\libstdc++.a(class_type_info.o)
                0x0011299c                __cxxabiv1::__class_type_info::__do_find_public_src(int, void const*, __cxxabiv1::__class_type_info const*, void const*) const
 .text._ZN10__cxxabiv117__class_type_infoD2Ev
                0x001129b0       0x20 C:/devkitPro/devkitARM/bin/../lib/gcc/arm-none-eabi/13.2.0/../../../../arm-none-eabi/lib/armv6k/fpu\libstdc++.a(class_type_info.o)
                0x001129b0                __cxxabiv1::__class_type_info::~__class_type_info()
                0x001129b0                __cxxabiv1::__class_type_info::~__class_type_info()
 .text._ZN10__cxxabiv117__class_type_infoD0Ev
                0x001129d0       0x2c C:/devkitPro/devkitARM/bin/../lib/gcc/arm-none-eabi/13.2.0/../../../../arm-none-eabi/lib/armv6k/fpu\libstdc++.a(class_type_info.o)
                0x001129d0                __cxxabiv1::__class_type_info::~__class_type_info()
 .text._ZNK10__cxxabiv117__class_type_info11__do_upcastEPKS0_PKvRNS0_15__upcast_resultE
                0x001129fc       0x64 C:/devkitPro/devkitARM/bin/../lib/gcc/arm-none-eabi/13.2.0/../../../../arm-none-eabi/lib/armv6k/fpu\libstdc++.a(class_type_info.o)
                0x001129fc                __cxxabiv1::__class_type_info::__do_upcast(__cxxabiv1::__class_type_info const*, void const*, __cxxabiv1::__class_type_info::__upcast_result&) const
 .text._ZNK10__cxxabiv117__class_type_info10__do_catchEPKSt9type_infoPPvj
                0x00112a60       0x7c C:/devkitPro/devkitARM/bin/../lib/gcc/arm-none-eabi/13.2.0/../../../../arm-none-eabi/lib/armv6k/fpu\libstdc++.a(class_type_info.o)
                0x00112a60                __cxxabiv1::__class_type_info::__do_catch(std::type_info const*, void**, unsigned int) const
 .text._ZNK10__cxxabiv117__class_type_info12__do_dyncastEiNS0_10__sub_kindEPKS0_PKvS3_S5_RNS0_16__dyncast_resultE
                0x00112adc       0xd4 C:/devkitPro/devkitARM/bin/../lib/gcc/arm-none-eabi/13.2.0/../../../../arm-none-eabi/lib/armv6k/fpu\libstdc++.a(class_type_info.o)
                0x00112adc                __cxxabiv1::__class_type_info::__do_dyncast(int, __cxxabiv1::__class_type_info::__sub_kind, __cxxabiv1::__class_type_info const*, void const*, __cxxabiv1::__class_type_info const*, void const*, __cxxabiv1::__class_type_info::__dyncast_result&) const
 .text.__cxa_end_cleanup
                0x00112bb0       0x10 C:/devkitPro/devkitARM/bin/../lib/gcc/arm-none-eabi/13.2.0/../../../../arm-none-eabi/lib/armv6k/fpu\libstdc++.a(eh_arm.o)
                0x00112bb0                __cxa_end_cleanup
 .text.__cxa_type_match
                0x00112bc0      0x134 C:/devkitPro/devkitARM/bin/../lib/gcc/arm-none-eabi/13.2.0/../../../../arm-none-eabi/lib/armv6k/fpu\libstdc++.a(eh_arm.o)
                0x00112bc0                __cxa_type_match
 .text.__cxa_begin_cleanup
                0x00112cf4       0xb4 C:/devkitPro/devkitARM/bin/../lib/gcc/arm-none-eabi/13.2.0/../../../../arm-none-eabi/lib/armv6k/fpu\libstdc++.a(eh_arm.o)
                0x00112cf4                __cxa_begin_cleanup
 .text.__gnu_end_cleanup
                0x00112da8       0xb4 C:/devkitPro/devkitARM/bin/../lib/gcc/arm-none-eabi/13.2.0/../../../../arm-none-eabi/lib/armv6k/fpu\libstdc++.a(eh_arm.o)
                0x00112da8                __gnu_end_cleanup
 .text._ZN10__cxxabiv1L24__is_gxx_exception_classEPc
                0x00112e5c       0x70 C:/devkitPro/devkitARM/bin/../lib/gcc/arm-none-eabi/13.2.0/../../../../arm-none-eabi/lib/armv6k/fpu\libstdc++.a(eh_call.o)
 .text.__cxa_call_terminate
                0x00112ecc       0x2c C:/devkitPro/devkitARM/bin/../lib/gcc/arm-none-eabi/13.2.0/../../../../arm-none-eabi/lib/armv6k/fpu\libstdc++.a(eh_call.o)
                0x00112ecc                __cxa_call_terminate
 .text.unlikely.__cxa_call_unexpected
                0x00112ef8      0x150 C:/devkitPro/devkitARM/bin/../lib/gcc/arm-none-eabi/13.2.0/../../../../arm-none-eabi/lib/armv6k/fpu\libstdc++.a(eh_call.o)
                0x00112ef8                __cxa_call_unexpected
 .text.__cxa_begin_catch
                0x00113048       0xcc C:/devkitPro/devkitARM/bin/../lib/gcc/arm-none-eabi/13.2.0/../../../../arm-none-eabi/lib/armv6k/fpu\libstdc++.a(eh_catch.o)
                0x00113048                __cxa_begin_catch
 .text.__cxa_end_catch
                0x00113114       0xe0 C:/devkitPro/devkitARM/bin/../lib/gcc/arm-none-eabi/13.2.0/../../../../arm-none-eabi/lib/armv6k/fpu\libstdc++.a(eh_catch.o)
                0x00113114                __cxa_end_catch
 .text._ZL15eh_globals_dtorPv
                0x001131f4       0x3c C:/devkitPro/devkitARM/bin/../lib/gcc/arm-none-eabi/13.2.0/../../../../arm-none-eabi/lib/armv6k/fpu\libstdc++.a(eh_globals.o)
 .text.__cxa_get_globals_fast
                0x00113230       0x38 C:/devkitPro/devkitARM/bin/../lib/gcc/arm-none-eabi/13.2.0/../../../../arm-none-eabi/lib/armv6k/fpu\libstdc++.a(eh_globals.o)
                0x00113230                __cxa_get_globals_fast
 .text.__cxa_get_globals
                0x00113268       0x74 C:/devkitPro/devkitARM/bin/../lib/gcc/arm-none-eabi/13.2.0/../../../../arm-none-eabi/lib/armv6k/fpu\libstdc++.a(eh_globals.o)
                0x00113268                __cxa_get_globals
 .text.startup._GLOBAL__sub_I__ZN17__eh_globals_init7_S_initE
                0x001132dc       0x40 C:/devkitPro/devkitARM/bin/../lib/gcc/arm-none-eabi/13.2.0/../../../../arm-none-eabi/lib/armv6k/fpu\libstdc++.a(eh_globals.o)
 .text.exit._GLOBAL__sub_D__ZN17__eh_globals_init7_S_initE
                0x0011331c       0x34 C:/devkitPro/devkitARM/bin/../lib/gcc/arm-none-eabi/13.2.0/../../../../arm-none-eabi/lib/armv6k/fpu\libstdc++.a(eh_globals.o)
 .text.__udivmoddi4
                0x00113350      0x120 C:/devkitPro/devkitARM/bin/../lib/gcc/arm-none-eabi/13.2.0/armv6k/fpu\libgcc.a(_udivmoddi4.o)
                0x00113350                __udivmoddi4
 .text.selfrel_offset31
                0x00113470       0x18 C:/devkitPro/devkitARM/bin/../lib/gcc/arm-none-eabi/13.2.0/armv6k/fpu\libgcc.a(unwind-arm.o)
 .text.search_EIT_table
                0x00113488       0x90 C:/devkitPro/devkitARM/bin/../lib/gcc/arm-none-eabi/13.2.0/armv6k/fpu\libgcc.a(unwind-arm.o)
 .text.__gnu_unwind_get_pr_addr
                0x00113518       0x40 C:/devkitPro/devkitARM/bin/../lib/gcc/arm-none-eabi/13.2.0/armv6k/fpu\libgcc.a(unwind-arm.o)
 .text.get_eit_entry
                0x00113558      0x10c C:/devkitPro/devkitARM/bin/../lib/gcc/arm-none-eabi/13.2.0/armv6k/fpu\libgcc.a(unwind-arm.o)
 .text.restore_non_core_regs
                0x00113664       0x88 C:/devkitPro/devkitARM/bin/../lib/gcc/arm-none-eabi/13.2.0/armv6k/fpu\libgcc.a(unwind-arm.o)
 .text._Unwind_decode_typeinfo_ptr.constprop.0
                0x001136ec       0x14 C:/devkitPro/devkitARM/bin/../lib/gcc/arm-none-eabi/13.2.0/armv6k/fpu\libgcc.a(unwind-arm.o)
 .text._Unwind_DebugHook
                0x00113700        0x4 C:/devkitPro/devkitARM/bin/../lib/gcc/arm-none-eabi/13.2.0/armv6k/fpu\libgcc.a(unwind-arm.o)
 .text.unwind_phase2
                0x00113704       0x64 C:/devkitPro/devkitARM/bin/../lib/gcc/arm-none-eabi/13.2.0/armv6k/fpu\libgcc.a(unwind-arm.o)
 .text.unwind_phase2_forced
                0x00113768      0x140 C:/devkitPro/devkitARM/bin/../lib/gcc/arm-none-eabi/13.2.0/armv6k/fpu\libgcc.a(unwind-arm.o)
 .text.__gnu_Unwind_RaiseException
                0x001138a8       0xa4 C:/devkitPro/devkitARM/bin/../lib/gcc/arm-none-eabi/13.2.0/armv6k/fpu\libgcc.a(unwind-arm.o)
                0x001138a8                __gnu_Unwind_RaiseException
 .text.__gnu_Unwind_ForcedUnwind
                0x0011394c       0x28 C:/devkitPro/devkitARM/bin/../lib/gcc/arm-none-eabi/13.2.0/armv6k/fpu\libgcc.a(unwind-arm.o)
                0x0011394c                __gnu_Unwind_ForcedUnwind
 .text.__gnu_Unwind_Resume
                0x00113974       0x74 C:/devkitPro/devkitARM/bin/../lib/gcc/arm-none-eabi/13.2.0/armv6k/fpu\libgcc.a(unwind-arm.o)
                0x00113974                __gnu_Unwind_Resume
 .text.__gnu_Unwind_Resume_or_Rethrow
                0x001139e8       0x20 C:/devkitPro/devkitARM/bin/../lib/gcc/arm-none-eabi/13.2.0/armv6k/fpu\libgcc.a(unwind-arm.o)
                0x001139e8                __gnu_Unwind_Resume_or_Rethrow
 .text._Unwind_Complete
                0x00113a08        0x4 C:/devkitPro/devkitARM/bin/../lib/gcc/arm-none-eabi/13.2.0/armv6k/fpu\libgcc.a(unwind-arm.o)
                0x00113a08                _Unwind_Complete
 .text._Unwind_DeleteException
                0x00113a0c       0x18 C:/devkitPro/devkitARM/bin/../lib/gcc/arm-none-eabi/13.2.0/armv6k/fpu\libgcc.a(unwind-arm.o)
                0x00113a0c                _Unwind_DeleteException
 .text._Unwind_VRS_Get
                0x00113a24       0x6c C:/devkitPro/devkitARM/bin/../lib/gcc/arm-none-eabi/13.2.0/armv6k/fpu\libgcc.a(unwind-arm.o)
                0x00113a24                _Unwind_VRS_Get
 .text._Unwind_GetGR
                0x00113a90       0x2c C:/devkitPro/devkitARM/bin/../lib/gcc/arm-none-eabi/13.2.0/armv6k/fpu\libgcc.a(unwind-arm.o)
 .text._Unwind_VRS_Set
                0x00113abc       0x6c C:/devkitPro/devkitARM/bin/../lib/gcc/arm-none-eabi/13.2.0/armv6k/fpu\libgcc.a(unwind-arm.o)
                0x00113abc                _Unwind_VRS_Set
 .text._Unwind_SetGR
                0x00113b28       0x2c C:/devkitPro/devkitARM/bin/../lib/gcc/arm-none-eabi/13.2.0/armv6k/fpu\libgcc.a(unwind-arm.o)
 .text.__gnu_Unwind_Backtrace
                0x00113b54       0xc0 C:/devkitPro/devkitARM/bin/../lib/gcc/arm-none-eabi/13.2.0/armv6k/fpu\libgcc.a(unwind-arm.o)
                0x00113b54                __gnu_Unwind_Backtrace
 .text.__gnu_unwind_pr_common
                0x00113c14      0x410 C:/devkitPro/devkitARM/bin/../lib/gcc/arm-none-eabi/13.2.0/armv6k/fpu\libgcc.a(unwind-arm.o)
 .text.__aeabi_unwind_cpp_pr0
                0x00114024        0x8 C:/devkitPro/devkitARM/bin/../lib/gcc/arm-none-eabi/13.2.0/armv6k/fpu\libgcc.a(unwind-arm.o)
                0x00114024                __aeabi_unwind_cpp_pr0
 .text.__aeabi_unwind_cpp_pr1
                0x0011402c        0x8 C:/devkitPro/devkitARM/bin/../lib/gcc/arm-none-eabi/13.2.0/armv6k/fpu\libgcc.a(unwind-arm.o)
                0x0011402c                __aeabi_unwind_cpp_pr1
 .text.__aeabi_unwind_cpp_pr2
                0x00114034        0x8 C:/devkitPro/devkitARM/bin/../lib/gcc/arm-none-eabi/13.2.0/armv6k/fpu\libgcc.a(unwind-arm.o)
                0x00114034                __aeabi_unwind_cpp_pr2
 .text._Unwind_VRS_Pop
                0x0011403c      0x424 C:/devkitPro/devkitARM/bin/../lib/gcc/arm-none-eabi/13.2.0/armv6k/fpu\libgcc.a(unwind-arm.o)
                0x0011403c                _Unwind_VRS_Pop
 .text.next_unwind_byte
                0x00114460       0x64 C:/devkitPro/devkitARM/bin/../lib/gcc/arm-none-eabi/13.2.0/armv6k/fpu\libgcc.a(pr-support.o)
 .text._Unwind_GetGR.constprop.0
                0x001144c4       0x2c C:/devkitPro/devkitARM/bin/../lib/gcc/arm-none-eabi/13.2.0/armv6k/fpu\libgcc.a(pr-support.o)
 .text.unwind_UCB_from_context
                0x001144f0        0x4 C:/devkitPro/devkitARM/bin/../lib/gcc/arm-none-eabi/13.2.0/armv6k/fpu\libgcc.a(pr-support.o)
 .text.__gnu_unwind_execute
                0x001144f4      0x464 C:/devkitPro/devkitARM/bin/../lib/gcc/arm-none-eabi/13.2.0/armv6k/fpu\libgcc.a(pr-support.o)
                0x001144f4                __gnu_unwind_execute
 .text.__gnu_unwind_frame
                0x00114958       0x48 C:/devkitPro/devkitARM/bin/../lib/gcc/arm-none-eabi/13.2.0/armv6k/fpu\libgcc.a(pr-support.o)
                0x00114958                __gnu_unwind_frame
 .text._Unwind_GetRegionStart
                0x001149a0       0x10 C:/devkitPro/devkitARM/bin/../lib/gcc/arm-none-eabi/13.2.0/armv6k/fpu\libgcc.a(pr-support.o)
                0x001149a0                _Unwind_GetRegionStart
 .text._Unwind_GetLanguageSpecificData
                0x001149b0       0x1c C:/devkitPro/devkitARM/bin/../lib/gcc/arm-none-eabi/13.2.0/armv6k/fpu\libgcc.a(pr-support.o)
                0x001149b0                _Unwind_GetLanguageSpecificData
 .text.unlikely._Unwind_GetDataRelBase
                0x001149cc        0x8 C:/devkitPro/devkitARM/bin/../lib/gcc/arm-none-eabi/13.2.0/armv6k/fpu\libgcc.a(pr-support.o)
                0x001149cc                _Unwind_GetDataRelBase
 .text.unlikely._Unwind_GetTextRelBase
                0x001149d4        0x8 C:/devkitPro/devkitARM/bin/../lib/gcc/arm-none-eabi/13.2.0/armv6k/fpu\libgcc.a(pr-support.o)
                0x001149d4                _Unwind_GetTextRelBase
 .text.memalign
                0x001149dc       0x20 C:/devkitPro/devkitARM/bin/../lib/gcc/arm-none-eabi/13.2.0/../../../../arm-none-eabi/lib/armv6k/fpu\libg.a(libc_a-malign.o)
                0x001149dc                memalign
 .text._memalign_r
                0x001149fc      0x14c C:/devkitPro/devkitARM/bin/../lib/gcc/arm-none-eabi/13.2.0/../../../../arm-none-eabi/lib/armv6k/fpu\libg.a(libc_a-malignr.o)
                0x001149fc                _memalign_r
 .text.bsearch  0x00114b48       0x78 C:/devkitPro/devkitARM/bin/../lib/gcc/arm-none-eabi/13.2.0/../../../../arm-none-eabi/lib/armv6k/fpu\libg.a(libc_a-bsearch.o)
                0x00114b48                bsearch
 .text.abort    0x00114bc0       0x14 C:/devkitPro/devkitARM/bin/../lib/gcc/arm-none-eabi/13.2.0/../../../../arm-none-eabi/lib/armv6k/fpu\libg.a(libc_a-abort.o)
                0x00114bc0                abort
 .text.calloc   0x00114bd4       0x20 C:/devkitPro/devkitARM/bin/../lib/gcc/arm-none-eabi/13.2.0/../../../../arm-none-eabi/lib/armv6k/fpu\libg.a(libc_a-calloc.o)
                0x00114bd4                calloc
 .text._calloc_r
                0x00114bf4       0xc0 C:/devkitPro/devkitARM/bin/../lib/gcc/arm-none-eabi/13.2.0/../../../../arm-none-eabi/lib/armv6k/fpu\libg.a(libc_a-callocr.o)
                0x00114bf4                _calloc_r
 .text.__call_exitprocs
                0x00114cb4        0x4 C:/devkitPro/devkitARM/bin/../lib/gcc/arm-none-eabi/13.2.0/../../../../arm-none-eabi/lib/armv6k/fpu\libg.a(libc_a-exit.o)
                0x00114cb4                __call_exitprocs
 .text.exit     0x00114cb8       0x30 C:/devkitPro/devkitARM/bin/../lib/gcc/arm-none-eabi/13.2.0/../../../../arm-none-eabi/lib/armv6k/fpu\libg.a(libc_a-exit.o)
                0x00114cb8                exit
 .text._malloc_trim_r
                0x00114ce8       0xf8 C:/devkitPro/devkitARM/bin/../lib/gcc/arm-none-eabi/13.2.0/../../../../arm-none-eabi/lib/armv6k/fpu\libg.a(libc_a-freer.o)
                0x00114ce8                _malloc_trim_r
 .text._free_r  0x00114de0      0x2e8 C:/devkitPro/devkitARM/bin/../lib/gcc/arm-none-eabi/13.2.0/../../../../arm-none-eabi/lib/armv6k/fpu\libg.a(libc_a-freer.o)
                0x00114de0                _free_r
 .text.strchr   0x001150c8      0x130 C:/devkitPro/devkitARM/bin/../lib/gcc/arm-none-eabi/13.2.0/../../../../arm-none-eabi/lib/armv6k/fpu\libg.a(libc_a-strchr.o)
                0x001150c8                strchr
 .text.memcmp   0x001151f8       0xd8 C:/devkitPro/devkitARM/bin/../lib/gcc/arm-none-eabi/13.2.0/../../../../arm-none-eabi/lib/armv6k/fpu\libg.a(libc_a-memcmp.o)
                0x001151f8                memcmp
 .text._fclose_r
                0x001152d0      0x148 C:/devkitPro/devkitARM/bin/../lib/gcc/arm-none-eabi/13.2.0/../../../../arm-none-eabi/lib/armv6k/fpu\libg.a(libc_a-fclose.o)
                0x001152d0                _fclose_r
 .text.fclose   0x00115418       0x18 C:/devkitPro/devkitARM/bin/../lib/gcc/arm-none-eabi/13.2.0/../../../../arm-none-eabi/lib/armv6k/fpu\libg.a(libc_a-fclose.o)
                0x00115418                fclose
 .text.malloc   0x00115430       0x18 C:/devkitPro/devkitARM/bin/../lib/gcc/arm-none-eabi/13.2.0/../../../../arm-none-eabi/lib/armv6k/fpu\libg.a(libc_a-malloc.o)
                0x00115430                malloc
 .text.free     0x00115448       0x18 C:/devkitPro/devkitARM/bin/../lib/gcc/arm-none-eabi/13.2.0/../../../../arm-none-eabi/lib/armv6k/fpu\libg.a(libc_a-malloc.o)
                0x00115448                free
 .text._malloc_r
                0x00115460      0x79c C:/devkitPro/devkitARM/bin/../lib/gcc/arm-none-eabi/13.2.0/../../../../arm-none-eabi/lib/armv6k/fpu\libg.a(libc_a-mallocr.o)
                0x00115460                _malloc_r
 .text.getenv   0x00115bfc       0x24 C:/devkitPro/devkitARM/bin/../lib/gcc/arm-none-eabi/13.2.0/../../../../arm-none-eabi/lib/armv6k/fpu\libg.a(libc_a-getenv.o)
                0x00115bfc                getenv
 .text.memmove  0x00115c20      0x150 C:/devkitPro/devkitARM/bin/../lib/gcc/arm-none-eabi/13.2.0/../../../../arm-none-eabi/lib/armv6k/fpu\libg.a(libc_a-memmove.o)
                0x00115c20                memmove
 .text._findenv_r
                0x00115d70       0xc8 C:/devkitPro/devkitARM/bin/../lib/gcc/arm-none-eabi/13.2.0/../../../../arm-none-eabi/lib/armv6k/fpu\libg.a(libc_a-getenv_r.o)
                0x00115d70                _findenv_r
 .text.memset   0x00115e38       0xf4 C:/devkitPro/devkitARM/bin/../lib/gcc/arm-none-eabi/13.2.0/../../../../arm-none-eabi/lib/armv6k/fpu\libg.a(libc_a-memset.o)
                0x00115e38                memset
 .text.__malloc_lock
                0x00115f2c        0xc C:/devkitPro/devkitARM/bin/../lib/gcc/arm-none-eabi/13.2.0/../../../../arm-none-eabi/lib/armv6k/fpu\libg.a(libc_a-mlock.o)
                0x00115f2c                __malloc_lock